000002 TIME S0 reset election timer to 1741915851824
000002 TIME S1 reset election timer to 1741915852126
000002 TIME S2 reset election timer to 1741915852074


CONNECTING 0



CONNECTING 1



CONNECTING 2

Test (3B): basic agreement (reliable network)...
017293 TIME S0 reset election timer to 1741915853363
017293 ELEC S0 starting election at 1741915851833
017293 ELEC S0 Starting election for term 1
017296 TIME S2 reset election timer to 1741915853969
017296 VOTE S2 (term 0) voted YES for 0 (term 1)
017296 TIME S1 reset election timer to 1741915853838
017296 VOTE S1 (term 0) voted YES for 0 (term 1)
017296 LEAD S0 becomes leader for term 1
017750 APP1 S0 (term 1) sending append (from 1 to 1) to 1
017750 APP1 S0 (term 1) sending append (from 1 to 1) to 2
017750 LEAD S0 sending heartbeat to 1
017750 LEAD S0 sending heartbeat to 2
labrpc.Service.dispatch(): unknown method AppendEntries in Raft.AppendEntries; expecting one of [ReceiveAppendEntries RequestVote]
exit status 1
FAIL	6.5840/raft1	1.776s
