000002 TIME S0 reset election timer to 1741915851147
000003 TIME S1 reset election timer to 1741915850942
000004 TIME S2 reset election timer to 1741915850922


CONNECTING 0



CONNECTING 1



CONNECTING 2

Test (3B): basic agreement (reliable network)...
017046 TIME S2 reset election timer to 1741915852844
017046 ELEC S2 starting election at 1741915850923
017046 ELEC S2 Starting election for term 1
017048 TIME S1 reset election timer to 1741915852563
017048 VOTE S1 (term 0) voted YES for 2 (term 1)
017048 LEAD S2 becomes leader for term 1
017049 TIME S0 reset election timer to 1741915853068
017049 VOTE S0 (term 0) voted YES for 2 (term 1)
017230 APP1 S2 (term 1) sending append (from 1 to 1) to 0
017230 APP1 S2 (term 1) sending append (from 1 to 1) to 1
labrpc.Service.dispatch(): unknown method AppendEntries in Raft.AppendEntries; expecting one of [ReceiveAppendEntries RequestVote]
exit status 1
FAIL	6.5840/raft1	1.724s
