000002 TIME S0 reset election timer to 1741915853642
000004 TIME S1 reset election timer to 1741915853862
000005 TIME S2 reset election timer to 1741915853554


CONNECTING 0



CONNECTING 1



CONNECTING 2

Test (3B): basic agreement (reliable network)...
015059 TIME S2 reset election timer to 1741915855352
015059 ELEC S2 starting election at 1741915853559
015059 ELEC S2 Starting election for term 1
015060 TIME S1 reset election timer to 1741915855689
015060 VOTE S1 (term 0) voted YES for 2 (term 1)
015061 LEAD S2 becomes leader for term 1
015061 TIME S0 reset election timer to 1741915855542
015061 VOTE S0 (term 0) voted YES for 2 (term 1)
015161 APP1 S2 (term 1) sending append (from 1 to 1) to 0
015162 APP1 S2 (term 1) sending append (from 1 to 1) to 1
labrpc.Service.dispatch(): unknown method AppendEntries in Raft.AppendEntries; expecting one of [ReceiveAppendEntries RequestVote]
exit status 1
FAIL	6.5840/raft1	1.518s
