000001 TIME S0 reset election timer to 1741915852780
000002 TIME S1 reset election timer to 1741915852840
000002 TIME S2 reset election timer to 1741915853236


CONNECTING 0



CONNECTING 1



CONNECTING 2

Test (3B): basic agreement (reliable network)...
016536 TIME S0 reset election timer to 1741915854799
016537 ELEC S0 starting election at 1741915852783
016537 ELEC S0 Starting election for term 1
016538 TIME S2 reset election timer to 1741915854773
016538 VOTE S2 (term 0) voted YES for 0 (term 1)
016538 LEAD S0 becomes leader for term 1
016539 TIME S1 reset election timer to 1741915854452
016539 VOTE S1 (term 0) voted YES for 0 (term 1)
016722 APP1 S0 (term 1) sending append (from 1 to 1) to 1
016723 APP1 S0 (term 1) sending append (from 1 to 1) to 2
labrpc.Service.dispatch(): unknown method AppendEntries in Raft.AppendEntries; expecting one of [ReceiveAppendEntries RequestVote]
exit status 1
FAIL	6.5840/raft1	1.674s
