000002 TIME S0 reset election timer to 1741915852069
000003 TIME S1 reset election timer to 1741915851920
000003 TIME S2 reset election timer to 1741915851660


CONNECTING 0



CONNECTING 1



CONNECTING 2

Test (3B): basic agreement (reliable network)...
016383 TIME S2 reset election timer to 1741915853353
016383 ELEC S2 starting election at 1741915851661
016383 ELEC S2 Starting election for term 1
016385 TIME S1 reset election timer to 1741915853340
016385 VOTE S1 (term 0) voted YES for 2 (term 1)
016385 LEAD S2 becomes leader for term 1
016386 TIME S0 reset election timer to 1741915853204
016386 VOTE S0 (term 0) voted YES for 2 (term 1)
016678 APP1 S2 (term 1) sending append (from 1 to 1) to 0
016678 APP1 S2 (term 1) sending append (from 1 to 1) to 1
labrpc.Service.dispatch(): unknown method AppendEntries in Raft.AppendEntries; expecting one of [ReceiveAppendEntries RequestVote]
exit status 1
FAIL	6.5840/raft1	1.671s
