000005 TIME S0 reset election timer to 1741915849976
000006 TIME S1 reset election timer to 1741915849912
000006 TIME S2 reset election timer to 1741915850282


CONNECTING 0



CONNECTING 1



CONNECTING 2

Test (3B): basic agreement (reliable network)...
015665 TIME S1 reset election timer to 1741915851782
015665 ELEC S1 starting election at 1741915849920
015665 ELEC S1 Starting election for term 1
015666 TIME S2 reset election timer to 1741915851917
015666 VOTE S2 (term 0) voted YES for 1 (term 1)
015666 LEAD S1 becomes leader for term 1
015667 TIME S0 reset election timer to 1741915851879
015667 VOTE S0 (term 0) voted YES for 1 (term 1)
015698 APP1 S1 (term 1) sending append (from 1 to 1) to 0
015698 APP1 S1 (term 1) sending append (from 1 to 1) to 2
labrpc.Service.dispatch(): unknown method AppendEntries in Raft.AppendEntries; expecting one of [ReceiveAppendEntries RequestVote]
labrpc.Service.dispatch(): unknown method AppendEntries in Raft.AppendEntries; expecting one of [ReceiveAppendEntries RequestVote]
exit status 1
FAIL	6.5840/raft1	1.571s
