000003 TIME S0 reset election timer to 1741915854004
000004 TIME S1 reset election timer to 1741915853445
000004 TIME S2 reset election timer to 1741915853413


CONNECTING 0



CONNECTING 1



CONNECTING 2

Test (3B): basic agreement (reliable network)...
015334 TIME S2 reset election timer to 1741915855394
015334 ELEC S2 starting election at 1741915853417
015334 ELEC S2 Starting election for term 1
015335 TIME S0 reset election timer to 1741915855505
015335 VOTE S0 (term 0) voted YES for 2 (term 1)
015335 TIME S1 reset election timer to 1741915855395
015336 VOTE S1 (term 0) voted YES for 2 (term 1)
015336 LEAD S2 becomes leader for term 1
015695 APP1 S2 (term 1) sending append (from 1 to 1) to 0
015695 APP1 S2 (term 1) sending append (from 1 to 1) to 1
labrpc.Service.dispatch(): unknown method AppendEntries in Raft.AppendEntries; expecting one of [ReceiveAppendEntries RequestVote]
labrpc.Service.dispatch(): unknown method AppendEntries in Raft.AppendEntries; expecting one of [ReceiveAppendEntries RequestVote]
exit status 1
FAIL	6.5840/raft1	1.572s
