000001 TIME S0 reset election timer to 1741915849178
000002 TIME S1 reset election timer to 1741915849522
000002 TIME S2 reset election timer to 1741915849025


CONNECTING 0



CONNECTING 1



CONNECTING 2

Test (3B): basic agreement (reliable network)...
015506 TIME S2 reset election timer to 1741915851146
015506 ELEC S2 starting election at 1741915849029
015506 ELEC S2 Starting election for term 1
015508 TIME S1 reset election timer to 1741915851109
015508 VOTE S1 (term 0) voted YES for 2 (term 1)
015508 LEAD S2 becomes leader for term 1
015509 TIME S0 reset election timer to 1741915850890
015509 VOTE S0 (term 0) voted YES for 2 (term 1)
015685 APP1 S2 (term 1) sending append (from 1 to 1) to 0
015685 APP1 S2 (term 1) sending append (from 1 to 1) to 1
labrpc.Service.dispatch(): unknown method AppendEntries in Raft.AppendEntries; expecting one of [ReceiveAppendEntries RequestVote]
exit status 1
FAIL	6.5840/raft1	1.570s
