000004 TIME S0 reset election timer to 1741915855506
000005 TIME S1 reset election timer to 1741915855131
000005 TIME S2 reset election timer to 1741915855379


CONNECTING 0



CONNECTING 1



CONNECTING 2

Test (3B): basic agreement (reliable network)...
015239 TIME S1 reset election timer to 1741915856917
015240 ELEC S1 starting election at 1741915855134
015240 ELEC S1 Starting election for term 1
015241 TIME S2 reset election timer to 1741915856743
015241 VOTE S2 (term 0) voted YES for 1 (term 1)
015241 LEAD S1 becomes leader for term 1
015241 TIME S0 reset election timer to 1741915856908
015241 VOTE S0 (term 0) voted YES for 1 (term 1)
015316 LEAD S1 sending heartbeat to 0
015317 LEAD S1 sending heartbeat to 2
015318 HERT S0 heartbeated from 1
015318 TIME S0 reset election timer to 1741915856921
015318 HERT S2 heartbeated from 1
015318 TIME S2 reset election timer to 1741915857042
015720 APP1 S1 (term 1) sending append (from 1 to 1) to 0
015720 APP1 S1 (term 1) sending append (from 1 to 1) to 2
labrpc.Service.dispatch(): unknown method AppendEntries in Raft.AppendEntries; expecting one of [ReceiveAppendEntries RequestVote]
labrpc.Service.dispatch(): unknown method AppendEntries in Raft.AppendEntries; expecting one of [ReceiveAppendEntries RequestVote]
exit status 1
FAIL	6.5840/raft1	1.574s
