000001 TIME S0 reset election timer to 1741915879472
000002 TIME S1 reset election timer to 1741915879567
000002 TIME S2 reset election timer to 1741915879185


CONNECTING 0



CONNECTING 1



CONNECTING 2

Test (3B): basic agreement (reliable network)...
016655 TIME S2 reset election timer to 1741915881000
016656 ELEC S2 starting election at 1741915879190
016656 ELEC S2 Starting election for term 1
016658 TIME S1 reset election timer to 1741915881015
016658 VOTE S1 (term 0) voted YES for 2 (term 1)
016658 TIME S0 reset election timer to 1741915881034
016659 VOTE S0 (term 0) voted YES for 2 (term 1)
016659 LEAD S2 becomes leader for term 1
016687 APP1 S2 (term 1) sending append (from 1 to 1) to 0
016688 APP1 S2 (term 1) sending append (from 1 to 1) to 1
labrpc.Service.dispatch(): unknown method AppendEntries in Raft.AppendEntries; expecting one of [ReceiveAppendEntries RequestVote]
exit status 1
FAIL	6.5840/raft1	1.670s
