000004 TIME S0 reset election timer to 1741915868622
000007 TIME S1 reset election timer to 1741915868568
000007 TIME S2 reset election timer to 1741915868603


CONNECTING 0



CONNECTING 1



CONNECTING 2

Test (3B): basic agreement (reliable network)...
015367 TIME S1 reset election timer to 1741915870461
015367 ELEC S1 starting election at 1741915868575
015367 ELEC S1 Starting election for term 1
015369 TIME S2 reset election timer to 1741915870275
015369 VOTE S2 (term 0) voted YES for 1 (term 1)
015369 LEAD S1 becomes leader for term 1
015370 TIME S0 reset election timer to 1741915870691
015370 VOTE S0 (term 0) voted YES for 1 (term 1)
015702 APP1 S1 (term 1) sending append (from 1 to 1) to 0
015702 APP1 S1 (term 1) sending append (from 1 to 1) to 2
labrpc.Service.dispatch(): unknown method AppendEntries in Raft.AppendEntries; expecting one of [ReceiveAppendEntries RequestVote]
labrpc.Service.dispatch(): unknown method AppendEntries in Raft.AppendEntries; expecting one of [ReceiveAppendEntries RequestVote]
exit status 1
FAIL	6.5840/raft1	1.572s
