000001 TIME S0 reset election timer to 1741915875457
000002 TIME S1 reset election timer to 1741915874967
000002 TIME S2 reset election timer to 1741915875432


CONNECTING 0



CONNECTING 1



CONNECTING 2

Test (3B): basic agreement (reliable network)...
016058 TIME S1 reset election timer to 1741915877114
016059 ELEC S1 starting election at 1741915874973
016059 ELEC S1 Starting election for term 1
016068 TIME S2 reset election timer to 1741915876886
016068 VOTE S2 (term 0) voted YES for 1 (term 1)
016068 LEAD S1 becomes leader for term 1
016070 TIME S0 reset election timer to 1741915876520
016070 VOTE S0 (term 0) voted YES for 1 (term 1)
016092 LEAD S1 sending heartbeat to 0
016092 LEAD S1 sending heartbeat to 2
016094 HERT S0 heartbeated from 1
016094 TIME S0 reset election timer to 1741915876520
016095 HERT S2 heartbeated from 1
016095 TIME S2 reset election timer to 1741915876915
016187 APP1 S1 (term 1) sending append (from 1 to 1) to 0
016188 APP1 S1 (term 1) sending append (from 1 to 1) to 2
labrpc.Service.dispatch(): unknown method AppendEntries in Raft.AppendEntries; expecting one of [ReceiveAppendEntries RequestVote]
exit status 1
FAIL	6.5840/raft1	1.620s
