000003 TIME S0 reset election timer to 1741915878131
000003 TIME S1 reset election timer to 1741915878739
000004 TIME S2 reset election timer to 1741915878278


CONNECTING 0



CONNECTING 1



CONNECTING 2

Test (3B): basic agreement (reliable network)...
015082 TIME S0 reset election timer to 1741915880023
015082 ELEC S0 starting election at 1741915878134
015082 ELEC S0 Starting election for term 1
015084 TIME S1 reset election timer to 1741915880099
015084 VOTE S1 (term 0) voted YES for 0 (term 1)
015084 TIME S2 reset election timer to 1741915880150
015084 VOTE S2 (term 0) voted YES for 0 (term 1)
015084 LEAD S0 becomes leader for term 1
015159 APP1 S0 (term 1) sending append (from 1 to 1) to 1
015159 APP1 S0 (term 1) sending append (from 1 to 1) to 2
labrpc.Service.dispatch(): unknown method AppendEntries in Raft.AppendEntries; expecting one of [ReceiveAppendEntries RequestVote]
exit status 1
FAIL	6.5840/raft1	1.518s
