000001 TIME S0 reset election timer to 1741915867097
000002 TIME S1 reset election timer to 1741915866869
000002 TIME S2 reset election timer to 1741915867136


CONNECTING 0



CONNECTING 1



CONNECTING 2

Test (3B): basic agreement (reliable network)...
015466 TIME S1 reset election timer to 1741915868535
015467 ELEC S1 starting election at 1741915866870
015467 ELEC S1 Starting election for term 1
015468 TIME S2 reset election timer to 1741915868739
015468 VOTE S2 (term 0) voted YES for 1 (term 1)
015468 LEAD S1 becomes leader for term 1
015468 TIME S0 reset election timer to 1741915868723
015468 VOTE S0 (term 0) voted YES for 1 (term 1)
015739 APP1 S1 (term 1) sending append (from 1 to 1) to 0
015739 APP1 S1 (term 1) sending append (from 1 to 1) to 2
labrpc.Service.dispatch(): unknown method AppendEntries in Raft.AppendEntries; expecting one of [ReceiveAppendEntries RequestVote]
labrpc.Service.dispatch(): unknown method AppendEntries in Raft.AppendEntries; expecting one of [ReceiveAppendEntries RequestVote]
exit status 1
FAIL	6.5840/raft1	1.576s
