000003 TIME S0 reset election timer to 1741915878575
000004 TIME S1 reset election timer to 1741915878717
000005 TIME S2 reset election timer to 1741915878483


CONNECTING 0



CONNECTING 1



CONNECTING 2

Test (3B): basic agreement (reliable network)...
018748 TIME S2 reset election timer to 1741915880363
018749 ELEC S2 starting election at 1741915878485
018749 ELEC S2 Starting election for term 1
018750 TIME S1 reset election timer to 1741915880462
018750 VOTE S1 (term 0) voted YES for 2 (term 1)
018750 TIME S0 reset election timer to 1741915880079
018750 VOTE S0 (term 0) voted YES for 2 (term 1)
018750 LEAD S2 becomes leader for term 1
019255 APP1 S2 (term 1) sending append (from 1 to 1) to 0
019255 APP1 S2 (term 1) sending append (from 1 to 1) to 1
labrpc.Service.dispatch(): unknown method AppendEntries in Raft.AppendEntries; expecting one of [ReceiveAppendEntries RequestVote]
exit status 1
FAIL	6.5840/raft1	1.927s
