000001 TIME S0 reset election timer to 1741915872907
000002 TIME S1 reset election timer to 1741915872646
000002 TIME S2 reset election timer to 1741915872841


CONNECTING 0



CONNECTING 1



CONNECTING 2

Test (3B): basic agreement (reliable network)...
018856 TIME S1 reset election timer to 1741915874203
018856 ELEC S1 starting election at 1741915872657
018856 ELEC S1 Starting election for term 1
018858 TIME S2 reset election timer to 1741915874222
018858 VOTE S2 (term 0) voted YES for 1 (term 1)
018859 LEAD S1 becomes leader for term 1
018859 TIME S0 reset election timer to 1741915874239
018859 VOTE S0 (term 0) voted YES for 1 (term 1)
019205 APP1 S1 (term 1) sending append (from 1 to 1) to 0
019205 APP1 S1 (term 1) sending append (from 1 to 1) to 2
labrpc.Service.dispatch(): unknown method AppendEntries in Raft.AppendEntries; expecting one of [ReceiveAppendEntries RequestVote]
exit status 1
FAIL	6.5840/raft1	1.922s
