000003 TIME S0 reset election timer to 1741915869128
000004 TIME S1 reset election timer to 1741915868863
000004 TIME S2 reset election timer to 1741915868598


CONNECTING 0



CONNECTING 1



CONNECTING 2

Test (3B): basic agreement (reliable network)...
015598 TIME S2 reset election timer to 1741915870513
015598 ELEC S2 starting election at 1741915868602
015598 ELEC S2 Starting election for term 1
015600 TIME S1 reset election timer to 1741915870242
015600 VOTE S1 (term 0) voted YES for 2 (term 1)
015600 LEAD S2 becomes leader for term 1
015600 TIME S0 reset election timer to 1741915870425
015600 VOTE S0 (term 0) voted YES for 2 (term 1)
015694 APP1 S2 (term 1) sending append (from 1 to 1) to 0
015695 APP1 S2 (term 1) sending append (from 1 to 1) to 1
labrpc.Service.dispatch(): unknown method AppendEntries in Raft.AppendEntries; expecting one of [ReceiveAppendEntries RequestVote]
exit status 1
FAIL	6.5840/raft1	1.571s
