000003 TIME S0 reset election timer to 1741915874118
000004 TIME S1 reset election timer to 1741915874610
000004 TIME S2 reset election timer to 1741915874386


CONNECTING 0



CONNECTING 1



CONNECTING 2

Test (3B): basic agreement (reliable network)...
016115 TIME S0 reset election timer to 1741915876076
016115 ELEC S0 starting election at 1741915874125
016115 ELEC S0 Starting election for term 1
016118 TIME S1 reset election timer to 1741915875980
016118 VOTE S1 (term 0) voted YES for 0 (term 1)
016119 LEAD S0 becomes leader for term 1
016119 TIME S2 reset election timer to 1741915876204
016119 VOTE S2 (term 0) voted YES for 0 (term 1)
016182 APP1 S0 (term 1) sending append (from 1 to 1) to 1
016182 APP1 S0 (term 1) sending append (from 1 to 1) to 2
labrpc.Service.dispatch(): unknown method AppendEntries in Raft.AppendEntries; expecting one of [ReceiveAppendEntries RequestVote]
labrpc.Service.dispatch(): unknown method AppendEntries in Raft.AppendEntries; expecting one of [ReceiveAppendEntries RequestVote]
exit status 1
FAIL	6.5840/raft1	1.620s
