000001 TIME S0 reset election timer to 1741915868925
000002 TIME S1 reset election timer to 1741915869046
000002 TIME S2 reset election timer to 1741915868767


CONNECTING 0



CONNECTING 1



CONNECTING 2

Test (3B): basic agreement (reliable network)...
017302 TIME S2 reset election timer to 1741915870899
017303 ELEC S2 starting election at 1741915868773
017303 ELEC S2 Starting election for term 1
017304 TIME S1 reset election timer to 1741915870735
017304 VOTE S1 (term 0) voted YES for 2 (term 1)
017305 LEAD S2 becomes leader for term 1
017305 TIME S0 reset election timer to 1741915870339
017305 VOTE S0 (term 0) voted YES for 2 (term 1)
017694 APP1 S2 (term 1) sending append (from 1 to 1) to 0
017695 APP1 S2 (term 1) sending append (from 1 to 1) to 1
labrpc.Service.dispatch(): unknown method AppendEntries in Raft.AppendEntries; expecting one of [ReceiveAppendEntries RequestVote]
exit status 1
FAIL	6.5840/raft1	1.771s
