000002 TIME S0 reset election timer to 1741915862532
000004 TIME S1 reset election timer to 1741915862434
000004 TIME S2 reset election timer to 1741915862305


CONNECTING 0



CONNECTING 1



CONNECTING 2

Test (3B): basic agreement (reliable network)...
016977 TIME S2 reset election timer to 1741915864393
016978 ELEC S2 starting election at 1741915862309
016978 ELEC S2 Starting election for term 1
016979 TIME S1 reset election timer to 1741915864440
016979 VOTE S1 (term 0) voted YES for 2 (term 1)
016979 LEAD S2 becomes leader for term 1
016980 TIME S0 reset election timer to 1741915863890
016980 VOTE S0 (term 0) voted YES for 2 (term 1)
017226 APP1 S2 (term 1) sending append (from 1 to 1) to 0
017227 APP1 S2 (term 1) sending append (from 1 to 1) to 1
labrpc.Service.dispatch(): unknown method AppendEntries in Raft.AppendEntries; expecting one of [ReceiveAppendEntries RequestVote]
exit status 1
FAIL	6.5840/raft1	1.724s
