000003 TIME S0 reset election timer to 1741915873215
000004 TIME S1 reset election timer to 1741915873839
000004 TIME S2 reset election timer to 1741915873269


CONNECTING 0



CONNECTING 1



CONNECTING 2

Test (3B): basic agreement (reliable network)...
015079 TIME S0 reset election timer to 1741915874916
015079 ELEC S0 starting election at 1741915873223
015079 ELEC S0 Starting election for term 1
015081 TIME S1 reset election timer to 1741915875092
015081 VOTE S1 (term 0) voted YES for 0 (term 1)
015081 LEAD S0 becomes leader for term 1
015081 TIME S2 reset election timer to 1741915874730
015081 VOTE S2 (term 0) voted YES for 0 (term 1)
015163 APP1 S0 (term 1) sending append (from 1 to 1) to 1
015163 APP1 S0 (term 1) sending append (from 1 to 1) to 2
labrpc.Service.dispatch(): unknown method AppendEntries in Raft.AppendEntries; expecting one of [ReceiveAppendEntries RequestVote]
exit status 1
FAIL	6.5840/raft1	1.518s
