000001 TIME S0 reset election timer to 1741915862671
000003 TIME S1 reset election timer to 1741915862918
000003 TIME S2 reset election timer to 1741915862807


CONNECTING 0



CONNECTING 1



CONNECTING 2

Test (3B): basic agreement (reliable network)...
016407 TIME S0 reset election timer to 1741915864438
016407 ELEC S0 starting election at 1741915862680
016407 ELEC S0 Starting election for term 1
016408 TIME S2 reset election timer to 1741915864347
016408 VOTE S2 (term 0) voted YES for 0 (term 1)
016409 LEAD S0 becomes leader for term 1
016409 TIME S1 reset election timer to 1741915864730
016409 VOTE S1 (term 0) voted YES for 0 (term 1)
016658 APP1 S0 (term 1) sending append (from 1 to 1) to 1
016658 APP1 S0 (term 1) sending append (from 1 to 1) to 2
labrpc.Service.dispatch(): unknown method AppendEntries in Raft.AppendEntries; expecting one of [ReceiveAppendEntries RequestVote]
exit status 1
FAIL	6.5840/raft1	1.668s
