000003 TIME S0 reset election timer to 1741915871489
000003 TIME S1 reset election timer to 1741915871892
000004 TIME S2 reset election timer to 1741915871995


CONNECTING 0



CONNECTING 1



CONNECTING 2

Test (3B): basic agreement (reliable network)...
015333 TIME S0 reset election timer to 1741915872289
015333 ELEC S0 starting election at 1741915870530
015333 ELEC S0 Starting election for term 1
015335 TIME S1 reset election timer to 1741915872555
015335 VOTE S1 (term 0) voted YES for 0 (term 1)
015335 TIME S2 reset election timer to 1741915872050
015335 VOTE S2 (term 0) voted YES for 0 (term 1)
015335 LEAD S0 becomes leader for term 1
015738 APP1 S0 (term 1) sending append (from 1 to 1) to 1
015739 APP1 S0 (term 1) sending append (from 1 to 1) to 2
labrpc.Service.dispatch(): unknown method AppendEntries in Raft.AppendEntries; expecting one of [ReceiveAppendEntries RequestVote]
exit status 1
FAIL	6.5840/raft1	1.576s
