000003 TIME S0 reset election timer to 1741915878304
000005 TIME S1 reset election timer to 1741915878046
000005 TIME S2 reset election timer to 1741915878430


CONNECTING 0



CONNECTING 1



CONNECTING 2

Test (3B): basic agreement (reliable network)...
015668 TIME S1 reset election timer to 1741915880010
015668 ELEC S1 starting election at 1741915878050
015668 ELEC S1 Starting election for term 1
015669 TIME S2 reset election timer to 1741915879784
015669 VOTE S2 (term 0) voted YES for 1 (term 1)
015670 LEAD S1 becomes leader for term 1
015670 TIME S0 reset election timer to 1741915879868
015670 VOTE S0 (term 0) voted YES for 1 (term 1)
016138 LEAD S1 sending heartbeat to 0
016138 LEAD S1 sending heartbeat to 2
016139 HERT S2 heartbeated from 1
016139 TIME S2 reset election timer to 1741915880147
016139 HERT S0 heartbeated from 1
016140 TIME S0 reset election timer to 1741915879868
016174 APP1 S1 (term 1) sending append (from 1 to 1) to 0
016174 APP1 S1 (term 1) sending append (from 1 to 1) to 2
labrpc.Service.dispatch(): unknown method AppendEntries in Raft.AppendEntries; expecting one of [ReceiveAppendEntries RequestVote]
exit status 1
FAIL	6.5840/raft1	1.619s
