000002 TIME S0 reset election timer to 1741915872205
000003 TIME S1 reset election timer to 1741915872020
000003 TIME S2 reset election timer to 1741915872093


CONNECTING 0



CONNECTING 1



CONNECTING 2

Test (3B): basic agreement (reliable network)...
018790 TIME S1 reset election timer to 1741915873939
018790 ELEC S1 starting election at 1741915872022
018790 ELEC S1 Starting election for term 1
018791 TIME S2 reset election timer to 1741915874033
018791 VOTE S2 (term 0) voted YES for 1 (term 1)
018792 LEAD S1 becomes leader for term 1
018792 TIME S0 reset election timer to 1741915873690
018792 VOTE S0 (term 0) voted YES for 1 (term 1)
019258 APP1 S1 (term 1) sending append (from 1 to 1) to 0
019259 APP1 S1 (term 1) sending append (from 1 to 1) to 2
labrpc.Service.dispatch(): unknown method AppendEntries in Raft.AppendEntries; expecting one of [ReceiveAppendEntries RequestVote]
labrpc.Service.dispatch(): unknown method AppendEntries in Raft.AppendEntries; expecting one of [ReceiveAppendEntries RequestVote]
exit status 1
FAIL	6.5840/raft1	1.927s
