000001 TIME S0 reset election timer to 1741915876254
000002 TIME S1 reset election timer to 1741915876643
000002 TIME S2 reset election timer to 1741915876780


CONNECTING 0



CONNECTING 1



CONNECTING 2

Test (3B): basic agreement (reliable network)...
015529 TIME S0 reset election timer to 1741915877794
015529 ELEC S0 starting election at 1741915876259
015529 ELEC S0 Starting election for term 1
015531 TIME S2 reset election timer to 1741915877937
015531 VOTE S2 (term 0) voted YES for 0 (term 1)
015532 LEAD S0 becomes leader for term 1
015532 TIME S1 reset election timer to 1741915878398
015532 VOTE S1 (term 0) voted YES for 0 (term 1)
015658 APP1 S0 (term 1) sending append (from 1 to 1) to 1
015658 APP1 S0 (term 1) sending append (from 1 to 1) to 2
labrpc.Service.dispatch(): unknown method AppendEntries in Raft.AppendEntries; expecting one of [ReceiveAppendEntries RequestVote]
exit status 1
FAIL	6.5840/raft1	1.567s
