000004 TIME S0 reset election timer to 1741915867783
000005 TIME S1 reset election timer to 1741915867687
000005 TIME S2 reset election timer to 1741915867745


CONNECTING 0



CONNECTING 1



CONNECTING 2

Test (3B): basic agreement (reliable network)...
017936 TIME S1 reset election timer to 1741915869302
017936 ELEC S1 starting election at 1741915867689
017936 ELEC S1 Starting election for term 1
017939 TIME S2 reset election timer to 1741915869368
017939 VOTE S2 (term 0) voted YES for 1 (term 1)
017939 TIME S0 reset election timer to 1741915869311
017939 LEAD S1 becomes leader for term 1
017939 VOTE S0 (term 0) voted YES for 1 (term 1)
018223 APP1 S1 (term 1) sending append (from 1 to 1) to 0
018223 APP1 S1 (term 1) sending append (from 1 to 1) to 2
labrpc.Service.dispatch(): unknown method AppendEntries in Raft.AppendEntries; expecting one of [ReceiveAppendEntries RequestVote]
exit status 1
FAIL	6.5840/raft1	1.824s
