000001 TIME S0 reset election timer to 1741915876756
000002 TIME S1 reset election timer to 1741915877230
000002 TIME S2 reset election timer to 1741915876818


CONNECTING 0



CONNECTING 1



CONNECTING 2

Test (3B): basic agreement (reliable network)...
015369 TIME S0 reset election timer to 1741915878445
015370 ELEC S0 starting election at 1741915876763
015370 ELEC S0 Starting election for term 1
015372 TIME S2 reset election timer to 1741915878811
015372 VOTE S2 (term 0) voted YES for 0 (term 1)
015372 LEAD S0 becomes leader for term 1
015372 TIME S1 reset election timer to 1741915878781
015373 VOTE S1 (term 0) voted YES for 0 (term 1)
015714 APP1 S0 (term 1) sending append (from 1 to 1) to 1
015715 APP1 S0 (term 1) sending append (from 1 to 1) to 2
labrpc.Service.dispatch(): unknown method AppendEntries in Raft.AppendEntries; expecting one of [ReceiveAppendEntries RequestVote]
exit status 1
FAIL	6.5840/raft1	1.573s
