000002 TIME S0 reset election timer to 1741915858940
000003 TIME S1 reset election timer to 1741915859426
000004 TIME S2 reset election timer to 1741915859343


CONNECTING 0



CONNECTING 1



CONNECTING 2

Test (3B): basic agreement (reliable network)...
015055 TIME S0 reset election timer to 1741915860648
015056 ELEC S0 starting election at 1741915858945
015056 ELEC S0 Starting election for term 1
015057 TIME S2 reset election timer to 1741915860863
015057 VOTE S2 (term 0) voted YES for 0 (term 1)
015057 LEAD S0 becomes leader for term 1
015058 TIME S1 reset election timer to 1741915860852
015058 VOTE S1 (term 0) voted YES for 0 (term 1)
015169 APP1 S0 (term 1) sending append (from 1 to 1) to 1
015169 APP1 S0 (term 1) sending append (from 1 to 1) to 2
labrpc.Service.dispatch(): unknown method AppendEntries in Raft.AppendEntries; expecting one of [ReceiveAppendEntries RequestVote]
exit status 1
FAIL	6.5840/raft1	1.519s
