000001 TIME S0 reset election timer to 1741915858699
000002 TIME S1 reset election timer to 1741915858395
000002 TIME S2 reset election timer to 1741915858574


CONNECTING 0



CONNECTING 1



CONNECTING 2

Test (3B): basic agreement (reliable network)...
017126 TIME S1 reset election timer to 1741915860236
017126 ELEC S1 starting election at 1741915858395
017126 ELEC S1 Starting election for term 1
017127 TIME S2 reset election timer to 1741915860376
017127 VOTE S2 (term 0) voted YES for 1 (term 1)
017127 TIME S0 reset election timer to 1741915860290
017127 LEAD S1 becomes leader for term 1
017127 VOTE S0 (term 0) voted YES for 1 (term 1)
017180 APP1 S1 (term 1) sending append (from 1 to 1) to 0
017180 APP1 S1 (term 1) sending append (from 1 to 1) to 2
labrpc.Service.dispatch(): unknown method AppendEntries in Raft.AppendEntries; expecting one of [ReceiveAppendEntries RequestVote]
labrpc.Service.dispatch(): unknown method AppendEntries in Raft.AppendEntries; expecting one of [ReceiveAppendEntries RequestVote]
exit status 1
FAIL	6.5840/raft1	1.720s
