000001 TIME S0 reset election timer to 1741915856872
000002 TIME S1 reset election timer to 1741915856982
000002 TIME S2 reset election timer to 1741915856759


CONNECTING 0



CONNECTING 1



CONNECTING 2

Test (3B): basic agreement (reliable network)...
017361 TIME S2 reset election timer to 1741915858430
017361 ELEC S2 starting election at 1741915856765
017361 ELEC S2 Starting election for term 1
017363 TIME S1 reset election timer to 1741915858266
017363 VOTE S1 (term 0) voted YES for 2 (term 1)
017363 LEAD S2 becomes leader for term 1
017364 TIME S0 reset election timer to 1741915858722
017364 VOTE S0 (term 0) voted YES for 2 (term 1)
017725 APP1 S2 (term 1) sending append (from 1 to 1) to 0
017725 APP1 S2 (term 1) sending append (from 1 to 1) to 1
labrpc.Service.dispatch(): unknown method AppendEntries in Raft.AppendEntries; expecting one of [ReceiveAppendEntries RequestVote]
exit status 1
FAIL	6.5840/raft1	1.775s
