000001 TIME S0 reset election timer to 1741915878707
000002 TIME S1 reset election timer to 1741915879048
000002 TIME S2 reset election timer to 1741915878998


CONNECTING 0



CONNECTING 1



CONNECTING 2

Test (3B): basic agreement (reliable network)...
017371 TIME S0 reset election timer to 1741915880529
017372 ELEC S0 starting election at 1741915878715
017372 ELEC S0 Starting election for term 1
017373 TIME S2 reset election timer to 1741915880645
017373 VOTE S2 (term 0) voted YES for 0 (term 1)
017373 LEAD S0 becomes leader for term 1
017373 TIME S1 reset election timer to 1741915880438
017374 VOTE S1 (term 0) voted YES for 0 (term 1)
017696 APP1 S0 (term 1) sending append (from 1 to 1) to 1
017696 APP1 S0 (term 1) sending append (from 1 to 1) to 2
labrpc.Service.dispatch(): unknown method AppendEntries in Raft.AppendEntries; expecting one of [ReceiveAppendEntries RequestVote]
exit status 1
FAIL	6.5840/raft1	1.771s
