000001 TIME S0 reset election timer to 1741915868954
000002 TIME S1 reset election timer to 1741915869219
000002 TIME S2 reset election timer to 1741915869089


CONNECTING 0



CONNECTING 1



CONNECTING 2

Test (3B): basic agreement (reliable network)...
018577 TIME S0 reset election timer to 1741915870491
018577 ELEC S0 starting election at 1741915868956
018577 ELEC S0 Starting election for term 1
018580 TIME S1 reset election timer to 1741915870776
018580 VOTE S1 (term 0) voted YES for 0 (term 1)
018580 LEAD S0 becomes leader for term 1
018580 TIME S2 reset election timer to 1741915870678
018581 VOTE S2 (term 0) voted YES for 0 (term 1)
018770 APP1 S0 (term 1) sending append (from 1 to 1) to 1
018771 APP1 S0 (term 1) sending append (from 1 to 1) to 2
labrpc.Service.dispatch(): unknown method AppendEntries in Raft.AppendEntries; expecting one of [RequestVote ReceiveAppendEntries]
exit status 1
FAIL	6.5840/raft1	1.879s
