000003 TIME S0 reset election timer to 1741915871537
000003 TIME S1 reset election timer to 1741915871734
000004 TIME S2 reset election timer to 1741915871609


CONNECTING 0



CONNECTING 1



CONNECTING 2

Test (3B): basic agreement (reliable network)...
017130 TIME S0 reset election timer to 1741915873173
017131 ELEC S0 starting election at 1741915871539
017131 ELEC S0 Starting election for term 1
017132 TIME S2 reset election timer to 1741915873130
017132 TIME S1 reset election timer to 1741915873503
017132 VOTE S1 (term 0) voted YES for 0 (term 1)
017132 VOTE S2 (term 0) voted YES for 0 (term 1)
017133 LEAD S0 becomes leader for term 1
017207 APP1 S0 (term 1) sending append (from 1 to 1) to 1
017207 APP1 S0 (term 1) sending append (from 1 to 1) to 2
labrpc.Service.dispatch(): unknown method AppendEntries in Raft.AppendEntries; expecting one of [ReceiveAppendEntries RequestVote]
exit status 1
FAIL	6.5840/raft1	1.722s
