000001 TIME S0 reset election timer to 1741915856965
000002 TIME S1 reset election timer to 1741915856889
000002 TIME S2 reset election timer to 1741915857000


CONNECTING 0



CONNECTING 1



CONNECTING 2

Test (3B): basic agreement (reliable network)...
019413 TIME S1 reset election timer to 1741915858886
019413 ELEC S1 starting election at 1741915856889
019413 ELEC S1 Starting election for term 1
019415 TIME S2 reset election timer to 1741915858610
019415 VOTE S2 (term 0) voted YES for 1 (term 1)
019415 LEAD S1 becomes leader for term 1
019416 TIME S0 reset election timer to 1741915858591
019416 VOTE S0 (term 0) voted YES for 1 (term 1)
019719 APP1 S1 (term 1) sending append (from 1 to 1) to 0
019719 APP1 S1 (term 1) sending append (from 1 to 1) to 2
labrpc.Service.dispatch(): unknown method AppendEntries in Raft.AppendEntries; expecting one of [ReceiveAppendEntries RequestVote]
exit status 1
FAIL	6.5840/raft1	1.973s
