000001 TIME S0 reset election timer to 1741915859959
000066 TIME S1 reset election timer to 1741915859940
000066 TIME S2 reset election timer to 1741915859599


CONNECTING 0



CONNECTING 1



CONNECTING 2

Test (3B): basic agreement (reliable network)...
017016 TIME S2 reset election timer to 1741915861548
017016 ELEC S2 starting election at 1741915859600
017016 ELEC S2 Starting election for term 1
017017 TIME S1 reset election timer to 1741915861625
017017 VOTE S1 (term 0) voted YES for 2 (term 1)
017017 LEAD S2 becomes leader for term 1
017018 TIME S0 reset election timer to 1741915861100
017018 VOTE S0 (term 0) voted YES for 2 (term 1)
017259 APP1 S2 (term 1) sending append (from 1 to 1) to 0
017259 APP1 S2 (term 1) sending append (from 1 to 1) to 1
labrpc.Service.dispatch(): unknown method AppendEntries in Raft.AppendEntries; expecting one of [ReceiveAppendEntries RequestVote]
exit status 1
FAIL	6.5840/raft1	1.727s
