000003 TIME S0 reset election timer to 1741915866804
000004 TIME S1 reset election timer to 1741915867246
000004 TIME S2 reset election timer to 1741915867010


CONNECTING 0



CONNECTING 1



CONNECTING 2

Test (3B): basic agreement (reliable network)...
016877 TIME S0 reset election timer to 1741915868549
016877 ELEC S0 starting election at 1741915866807
016877 ELEC S0 Starting election for term 1
016879 TIME S1 reset election timer to 1741915868683
016879 VOTE S1 (term 0) voted YES for 0 (term 1)
016879 LEAD S0 becomes leader for term 1
016879 TIME S2 reset election timer to 1741915868871
016879 VOTE S2 (term 0) voted YES for 0 (term 1)
016940 LEAD S0 sending heartbeat to 1
016940 LEAD S0 sending heartbeat to 2
016941 HERT S2 heartbeated from 0
016941 TIME S2 reset election timer to 1741915868871
016941 HERT S1 heartbeated from 0
016942 TIME S1 reset election timer to 1741915868683
017257 APP1 S0 (term 1) sending append (from 1 to 1) to 1
017257 APP1 S0 (term 1) sending append (from 1 to 1) to 2
labrpc.Service.dispatch(): unknown method AppendEntries in Raft.AppendEntries; expecting one of [ReceiveAppendEntries RequestVote]
exit status 1
FAIL	6.5840/raft1	1.727s
