000001 TIME S0 reset election timer to 1741915869608
000003 TIME S1 reset election timer to 1741915870053
000003 TIME S2 reset election timer to 1741915870099


CONNECTING 0



CONNECTING 1



CONNECTING 2

Test (3B): basic agreement (reliable network)...
016484 TIME S0 reset election timer to 1741915871256
016485 ELEC S0 starting election at 1741915869610
016485 ELEC S0 Starting election for term 1
016487 TIME S2 reset election timer to 1741915871120
016487 VOTE S2 (term 0) voted YES for 0 (term 1)
016487 LEAD S0 becomes leader for term 1
016488 TIME S1 reset election timer to 1741915871147
016488 VOTE S1 (term 0) voted YES for 0 (term 1)
016689 APP1 S0 (term 1) sending append (from 1 to 1) to 1
016689 APP1 S0 (term 1) sending append (from 1 to 1) to 2
labrpc.Service.dispatch(): unknown method AppendEntries in Raft.AppendEntries; expecting one of [ReceiveAppendEntries RequestVote]
labrpc.Service.dispatch(): unknown method AppendEntries in Raft.AppendEntries; expecting one of [ReceiveAppendEntries RequestVote]
exit status 1
FAIL	6.5840/raft1	1.671s
