000001 TIME S0 reset election timer to 1741915876509
000003 TIME S1 reset election timer to 1741915876327
000003 TIME S2 reset election timer to 1741915876822


CONNECTING 0



CONNECTING 1



CONNECTING 2

Test (3B): basic agreement (reliable network)...
016129 TIME S1 reset election timer to 1741915878374
016129 ELEC S1 starting election at 1741915876335
016129 ELEC S1 Starting election for term 1
016132 TIME S2 reset election timer to 1741915877968
016132 VOTE S2 (term 0) voted YES for 1 (term 1)
016132 LEAD S1 becomes leader for term 1
016132 TIME S0 reset election timer to 1741915878203
016132 VOTE S0 (term 0) voted YES for 1 (term 1)
016214 APP1 S1 (term 1) sending append (from 1 to 1) to 0
016214 APP1 S1 (term 1) sending append (from 1 to 1) to 2
labrpc.Service.dispatch(): unknown method AppendEntries in Raft.AppendEntries; expecting one of [ReceiveAppendEntries RequestVote]
exit status 1
FAIL	6.5840/raft1	1.623s
