000002 TIME S0 reset election timer to 1741915868304
000003 TIME S1 reset election timer to 1741915868001
000003 TIME S2 reset election timer to 1741915868366


CONNECTING 0



CONNECTING 1



CONNECTING 2

Test (3B): basic agreement (reliable network)...
015447 TIME S1 reset election timer to 1741915869814
015448 ELEC S1 starting election at 1741915868011
015448 ELEC S1 Starting election for term 1
015449 TIME S2 reset election timer to 1741915869653
015449 VOTE S2 (term 0) voted YES for 1 (term 1)
015449 TIME S0 reset election timer to 1741915869968
015450 VOTE S0 (term 0) voted YES for 1 (term 1)
015450 LEAD S1 becomes leader for term 1
015701 APP1 S1 (term 1) sending append (from 1 to 1) to 0
015701 APP1 S1 (term 1) sending append (from 1 to 1) to 2
labrpc.Service.dispatch(): unknown method AppendEntries in Raft.AppendEntries; expecting one of [ReceiveAppendEntries RequestVote]
exit status 1
FAIL	6.5840/raft1	1.572s
