000003 TIME S0 reset election timer to 1741915863441
000004 TIME S1 reset election timer to 1741915863648
000004 TIME S2 reset election timer to 1741915863217


CONNECTING 0



CONNECTING 1



CONNECTING 2

Test (3B): basic agreement (reliable network)...
016171 TIME S2 reset election timer to 1741915865176
016171 ELEC S2 starting election at 1741915863221
016171 ELEC S2 Starting election for term 1
016172 TIME S1 reset election timer to 1741915864998
016172 VOTE S1 (term 0) voted YES for 2 (term 1)
016173 LEAD S2 becomes leader for term 1
016173 TIME S0 reset election timer to 1741915865085
016173 VOTE S0 (term 0) voted YES for 2 (term 1)
016204 APP1 S2 (term 1) sending append (from 1 to 1) to 0
016204 APP1 S2 (term 1) sending append (from 1 to 1) to 1
labrpc.Service.dispatch(): unknown method AppendEntries in Raft.AppendEntries; expecting one of [ReceiveAppendEntries RequestVote]
exit status 1
FAIL	6.5840/raft1	1.622s
