000003 TIME S0 reset election timer to 1741915873088
000003 TIME S1 reset election timer to 1741915872718
000003 TIME S2 reset election timer to 1741915873048


CONNECTING 0



CONNECTING 1



CONNECTING 2

Test (3B): basic agreement (reliable network)...
015971 TIME S1 reset election timer to 1741915874260
015971 ELEC S1 starting election at 1741915872724
015971 ELEC S1 Starting election for term 1
015972 TIME S2 reset election timer to 1741915874811
015972 VOTE S2 (term 0) voted YES for 1 (term 1)
015972 TIME S0 reset election timer to 1741915874434
015972 VOTE S0 (term 0) voted YES for 1 (term 1)
015972 LEAD S1 becomes leader for term 1
016131 LEAD S1 sending heartbeat to 0
016132 LEAD S1 sending heartbeat to 2
016133 HERT S2 heartbeated from 1
016133 TIME S2 reset election timer to 1741915874811
016133 HERT S0 heartbeated from 1
016133 TIME S0 reset election timer to 1741915874877
016193 APP1 S1 (term 1) sending append (from 1 to 1) to 0
016193 APP1 S1 (term 1) sending append (from 1 to 1) to 2
labrpc.Service.dispatch(): unknown method AppendEntries in Raft.AppendEntries; expecting one of [ReceiveAppendEntries RequestVote]
labrpc.Service.dispatch(): unknown method AppendEntries in Raft.AppendEntries; expecting one of [RequestVote ReceiveAppendEntries]
exit status 1
FAIL	6.5840/raft1	1.621s
