000001 TIME S0 reset election timer to 1741915865191
000002 TIME S1 reset election timer to 1741915865077
000002 TIME S2 reset election timer to 1741915864916


CONNECTING 0



CONNECTING 1



CONNECTING 2

Test (3B): basic agreement (reliable network)...
016003 TIME S2 reset election timer to 1741915867051
016003 ELEC S2 starting election at 1741915864921
016003 ELEC S2 Starting election for term 1
016005 TIME S1 reset election timer to 1741915866799
016005 VOTE S1 (term 0) voted YES for 2 (term 1)
016005 LEAD S2 becomes leader for term 1
016006 TIME S0 reset election timer to 1741915866852
016006 VOTE S0 (term 0) voted YES for 2 (term 1)
016129 LEAD S2 sending heartbeat to 0
016130 LEAD S2 sending heartbeat to 1
016130 HERT S1 heartbeated from 2
016131 TIME S1 reset election timer to 1741915866799
016131 HERT S0 heartbeated from 2
016131 TIME S0 reset election timer to 1741915866852
016172 APP1 S2 (term 1) sending append (from 1 to 1) to 0
016173 APP1 S2 (term 1) sending append (from 1 to 1) to 1
labrpc.Service.dispatch(): unknown method AppendEntries in Raft.AppendEntries; expecting one of [ReceiveAppendEntries RequestVote]
labrpc.Service.dispatch(): unknown method AppendEntries in Raft.AppendEntries; expecting one of [ReceiveAppendEntries RequestVote]
exit status 1
FAIL	6.5840/raft1	1.619s
