000004 TIME S0 reset election timer to 1741915866814
000006 TIME S1 reset election timer to 1741915867086
000006 TIME S2 reset election timer to 1741915867045


CONNECTING 0



CONNECTING 1



CONNECTING 2

Test (3B): basic agreement (reliable network)...
017042 TIME S0 reset election timer to 1741915868813
017042 ELEC S0 starting election at 1741915866822
017042 ELEC S0 Starting election for term 1
017043 TIME S2 reset election timer to 1741915868400
017043 TIME S1 reset election timer to 1741915868650
017043 VOTE S1 (term 0) voted YES for 0 (term 1)
017043 VOTE S2 (term 0) voted YES for 0 (term 1)
017044 LEAD S0 becomes leader for term 1
017169 APP1 S0 (term 1) sending append (from 1 to 1) to 1
017170 APP1 S0 (term 1) sending append (from 1 to 1) to 2
labrpc.Service.dispatch(): unknown method AppendEntries in Raft.AppendEntries; expecting one of [ReceiveAppendEntries RequestVote]
exit status 1
FAIL	6.5840/raft1	1.719s
