000003 TIME S0 reset election timer to 1741915870553
000004 TIME S1 reset election timer to 1741915870898
000004 TIME S2 reset election timer to 1741915870708


CONNECTING 0



CONNECTING 1



CONNECTING 2

Test (3B): basic agreement (reliable network)...
017674 TIME S0 reset election timer to 1741915871153
017674 ELEC S0 starting election at 1741915869598
017674 ELEC S0 Starting election for term 1
017675 TIME S2 reset election timer to 1741915871361
017676 VOTE S2 (term 0) voted YES for 0 (term 1)
017676 LEAD S0 becomes leader for term 1
017676 TIME S1 reset election timer to 1741915871573
017676 VOTE S1 (term 0) voted YES for 0 (term 1)
017720 APP1 S0 (term 1) sending append (from 1 to 1) to 1
017720 APP1 S0 (term 1) sending append (from 1 to 1) to 2
labrpc.Service.dispatch(): unknown method AppendEntries in Raft.AppendEntries; expecting one of [ReceiveAppendEntries RequestVote]
exit status 1
FAIL	6.5840/raft1	1.774s
