000001 TIME S0 reset election timer to 1741915863056
000002 TIME S1 reset election timer to 1741915862979
000003 TIME S2 reset election timer to 1741915862917


CONNECTING 0



CONNECTING 1



CONNECTING 2

Test (3B): basic agreement (reliable network)...
019979 TIME S2 reset election timer to 1741915864723
019979 ELEC S2 starting election at 1741915862926
019979 ELEC S2 Starting election for term 1
019981 TIME S1 reset election timer to 1741915865018
019981 VOTE S1 (term 0) voted YES for 2 (term 1)
019981 LEAD S2 becomes leader for term 1
019982 TIME S0 reset election timer to 1741915864492
019982 VOTE S0 (term 0) voted YES for 2 (term 1)
020116 LEAD S2 sending heartbeat to 0
020116 LEAD S2 sending heartbeat to 1
020117 HERT S1 heartbeated from 2
020117 TIME S1 reset election timer to 1741915865018
020118 HERT S0 heartbeated from 2
020118 TIME S0 reset election timer to 1741915864964
020204 APP1 S2 (term 1) sending append (from 1 to 1) to 0
020204 APP1 S2 (term 1) sending append (from 1 to 1) to 1
labrpc.Service.dispatch(): unknown method AppendEntries in Raft.AppendEntries; expecting one of [ReceiveAppendEntries RequestVote]
exit status 1
FAIL	6.5840/raft1	2.022s
