000003 TIME S0 reset election timer to 1741915863564
000004 TIME S1 reset election timer to 1741915863639
000004 TIME S2 reset election timer to 1741915863262


CONNECTING 0



CONNECTING 1



CONNECTING 2

Test (3B): basic agreement (reliable network)...
016945 TIME S2 reset election timer to 1741915865183
016945 ELEC S2 starting election at 1741915863266
016945 ELEC S2 Starting election for term 1
016946 TIME S1 reset election timer to 1741915865032
016946 VOTE S1 (term 0) voted YES for 2 (term 1)
016947 LEAD S2 becomes leader for term 1
016948 TIME S0 reset election timer to 1741915864918
016948 VOTE S0 (term 0) voted YES for 2 (term 1)
017220 APP1 S2 (term 1) sending append (from 1 to 1) to 0
017220 APP1 S2 (term 1) sending append (from 1 to 1) to 1
labrpc.Service.dispatch(): unknown method AppendEntries in Raft.AppendEntries; expecting one of [ReceiveAppendEntries RequestVote]
exit status 1
FAIL	6.5840/raft1	1.724s
