000005 TIME S0 reset election timer to 1741915860942
000005 TIME S1 reset election timer to 1741915860741
000006 TIME S2 reset election timer to 1741915860958


CONNECTING 0



CONNECTING 1



CONNECTING 2

Test (3B): basic agreement (reliable network)...
016564 TIME S1 reset election timer to 1741915862266
016565 ELEC S1 starting election at 1741915860747
016565 ELEC S1 Starting election for term 1
016566 TIME S2 reset election timer to 1741915862862
016566 VOTE S2 (term 0) voted YES for 1 (term 1)
016567 LEAD S1 becomes leader for term 1
016568 TIME S0 reset election timer to 1741915862757
016568 VOTE S0 (term 0) voted YES for 1 (term 1)
016717 APP1 S1 (term 1) sending append (from 1 to 1) to 0
016717 APP1 S1 (term 1) sending append (from 1 to 1) to 2
labrpc.Service.dispatch(): unknown method AppendEntries in Raft.AppendEntries; expecting one of [RequestVote ReceiveAppendEntries]
exit status 1
FAIL	6.5840/raft1	1.674s
