000001 TIME S0 reset election timer to 1741915876373
000003 TIME S1 reset election timer to 1741915876404
000003 TIME S2 reset election timer to 1741915876783


CONNECTING 0



CONNECTING 1



CONNECTING 2

Test (3B): basic agreement (reliable network)...
015230 TIME S0 reset election timer to 1741915878372
015231 ELEC S0 starting election at 1741915876375
015231 ELEC S0 Starting election for term 1
015233 TIME S1 reset election timer to 1741915878022
015233 VOTE S1 (term 0) voted YES for 0 (term 1)
015233 TIME S2 reset election timer to 1741915878043
015233 VOTE S2 (term 0) voted YES for 0 (term 1)
015234 LEAD S0 becomes leader for term 1
015329 LEAD S0 sending heartbeat to 1
015329 LEAD S0 sending heartbeat to 2
015330 HERT S2 heartbeated from 0
015330 TIME S2 reset election timer to 1741915878407
015331 HERT S1 heartbeated from 0
015331 TIME S1 reset election timer to 1741915878175
015681 APP1 S0 (term 1) sending append (from 1 to 1) to 1
015681 APP1 S0 (term 1) sending append (from 1 to 1) to 2
labrpc.Service.dispatch(): unknown method AppendEntries in Raft.AppendEntries; expecting one of [ReceiveAppendEntries RequestVote]
exit status 1
FAIL	6.5840/raft1	1.570s
