000001 TIME S0 reset election timer to 1741915860467
000002 TIME S1 reset election timer to 1741915860717
000002 TIME S2 reset election timer to 1741915860424


CONNECTING 0



CONNECTING 1



CONNECTING 2

Test (3B): basic agreement (reliable network)...
018573 TIME S2 reset election timer to 1741915862151
018573 ELEC S2 starting election at 1741915860430
018573 ELEC S2 Starting election for term 1
018575 TIME S1 reset election timer to 1741915862390
018575 VOTE S1 (term 0) voted YES for 2 (term 1)
018575 LEAD S2 becomes leader for term 1
018576 TIME S0 reset election timer to 1741915862403
018576 VOTE S0 (term 0) voted YES for 2 (term 1)
018718 APP1 S2 (term 1) sending append (from 1 to 1) to 0
018718 APP1 S2 (term 1) sending append (from 1 to 1) to 1
labrpc.Service.dispatch(): unknown method AppendEntries in Raft.AppendEntries; expecting one of [ReceiveAppendEntries RequestVote]
exit status 1
FAIL	6.5840/raft1	1.874s
