000002 TIME S0 reset election timer to 1741915860332
000003 TIME S1 reset election timer to 1741915860424
000003 TIME S2 reset election timer to 1741915860294


CONNECTING 0



CONNECTING 1



CONNECTING 2

Test (3B): basic agreement (reliable network)...
015068 TIME S2 reset election timer to 1741915861886
015068 ELEC S2 starting election at 1741915860295
015068 ELEC S2 Starting election for term 1
015070 TIME S1 reset election timer to 1741915861856
015070 VOTE S1 (term 0) voted YES for 2 (term 1)
015070 LEAD S2 becomes leader for term 1
015070 TIME S0 reset election timer to 1741915862127
015071 VOTE S0 (term 0) voted YES for 2 (term 1)
015163 APP1 S2 (term 1) sending append (from 1 to 1) to 0
015163 APP1 S2 (term 1) sending append (from 1 to 1) to 1
labrpc.Service.dispatch(): unknown method AppendEntries in Raft.AppendEntries; expecting one of [ReceiveAppendEntries RequestVote]
exit status 1
FAIL	6.5840/raft1	1.518s
