000002 TIME S0 reset election timer to 1741915864239
000003 TIME S1 reset election timer to 1741915864143
000003 TIME S2 reset election timer to 1741915864288


CONNECTING 0



CONNECTING 1



CONNECTING 2

Test (3B): basic agreement (reliable network)...
016301 TIME S1 reset election timer to 1741915866208
016302 ELEC S1 starting election at 1741915864145
016302 ELEC S1 Starting election for term 1
016304 TIME S2 reset election timer to 1741915866114
016304 VOTE S2 (term 0) voted YES for 1 (term 1)
016304 LEAD S1 becomes leader for term 1
016304 TIME S0 reset election timer to 1741915865841
016304 VOTE S0 (term 0) voted YES for 1 (term 1)
016738 APP1 S1 (term 1) sending append (from 1 to 1) to 0
016738 APP1 S1 (term 1) sending append (from 1 to 1) to 2
labrpc.Service.dispatch(): unknown method AppendEntries in Raft.AppendEntries; expecting one of [ReceiveAppendEntries RequestVote]
exit status 1
FAIL	6.5840/raft1	1.675s
