000004 TIME S0 reset election timer to 1741915878442
000005 TIME S1 reset election timer to 1741915878403
000006 TIME S2 reset election timer to 1741915878688


CONNECTING 0



CONNECTING 1



CONNECTING 2

Test (3B): basic agreement (reliable network)...
018636 TIME S1 reset election timer to 1741915880181
018637 ELEC S1 starting election at 1741915878405
018637 ELEC S1 Starting election for term 1
018640 TIME S0 reset election timer to 1741915880069
018640 TIME S2 reset election timer to 1741915880158
018640 VOTE S2 (term 0) voted YES for 1 (term 1)
018641 LEAD S1 becomes leader for term 1
018640 VOTE S0 (term 0) voted YES for 1 (term 1)
018713 APP1 S1 (term 1) sending append (from 1 to 1) to 0
018714 APP1 S1 (term 1) sending append (from 1 to 1) to 2
labrpc.Service.dispatch(): unknown method AppendEntries in Raft.AppendEntries; expecting one of [ReceiveAppendEntries RequestVote]
exit status 1
FAIL	6.5840/raft1	1.874s
