000002 TIME S0 reset election timer to 1741915864733
000003 TIME S1 reset election timer to 1741915864872
000003 TIME S2 reset election timer to 1741915864620


CONNECTING 0



CONNECTING 1



CONNECTING 2

Test (3B): basic agreement (reliable network)...
018451 TIME S2 reset election timer to 1741915866169
018451 ELEC S2 starting election at 1741915864624
018451 ELEC S2 Starting election for term 1
018452 TIME S1 reset election timer to 1741915866548
018452 VOTE S1 (term 0) voted YES for 2 (term 1)
018453 LEAD S2 becomes leader for term 1
018453 TIME S0 reset election timer to 1741915866177
018453 VOTE S0 (term 0) voted YES for 2 (term 1)
018538 LEAD S2 sending heartbeat to 0
018538 LEAD S2 sending heartbeat to 1
018540 HERT S1 heartbeated from 2
018540 TIME S1 reset election timer to 1741915866548
018540 HERT S0 heartbeated from 2
018540 TIME S0 reset election timer to 1741915866622
018702 APP1 S2 (term 1) sending append (from 1 to 1) to 0
018702 APP1 S2 (term 1) sending append (from 1 to 1) to 1
labrpc.Service.dispatch(): unknown method AppendEntries in Raft.AppendEntries; expecting one of [ReceiveAppendEntries RequestVote]
labrpc.Service.dispatch(): unknown method AppendEntries in Raft.AppendEntries; expecting one of [ReceiveAppendEntries RequestVote]
exit status 1
FAIL	6.5840/raft1	1.872s
