000001 TIME S0 reset election timer to 1741915864898
000002 TIME S1 reset election timer to 1741915864647
000002 TIME S2 reset election timer to 1741915864415


CONNECTING 0



CONNECTING 1



CONNECTING 2

Test (3B): basic agreement (reliable network)...
015505 TIME S2 reset election timer to 1741915865979
015505 ELEC S2 starting election at 1741915864415
015505 ELEC S2 Starting election for term 1
015507 TIME S1 reset election timer to 1741915866009
015507 VOTE S1 (term 0) voted YES for 2 (term 1)
015508 TIME S0 reset election timer to 1741915866275
015508 VOTE S0 (term 0) voted YES for 2 (term 1)
015508 LEAD S2 becomes leader for term 1
015719 APP1 S2 (term 1) sending append (from 1 to 1) to 0
015719 APP1 S2 (term 1) sending append (from 1 to 1) to 1
labrpc.Service.dispatch(): unknown method AppendEntries in Raft.AppendEntries; expecting one of [RequestVote ReceiveAppendEntries]
exit status 1
FAIL	6.5840/raft1	1.574s
