000002 TIME S0 reset election timer to 1741915866240
000004 TIME S1 reset election timer to 1741915865942
000004 TIME S2 reset election timer to 1741915866290


CONNECTING 0



CONNECTING 1



CONNECTING 2

Test (3B): basic agreement (reliable network)...
015938 TIME S1 reset election timer to 1741915867885
015938 ELEC S1 starting election at 1741915865952
015938 ELEC S1 Starting election for term 1
015940 TIME S2 reset election timer to 1741915867770
015940 VOTE S2 (term 0) voted YES for 1 (term 1)
015940 LEAD S1 becomes leader for term 1
015941 TIME S0 reset election timer to 1741915868026
015941 VOTE S0 (term 0) voted YES for 1 (term 1)
016124 LEAD S1 sending heartbeat to 0
016124 LEAD S1 sending heartbeat to 2
016125 HERT S2 heartbeated from 1
016125 TIME S2 reset election timer to 1741915867897
016126 HERT S0 heartbeated from 1
016126 TIME S0 reset election timer to 1741915868026
016216 APP1 S1 (term 1) sending append (from 1 to 1) to 0
016217 APP1 S1 (term 1) sending append (from 1 to 1) to 2
labrpc.Service.dispatch(): unknown method AppendEntries in Raft.AppendEntries; expecting one of [ReceiveAppendEntries RequestVote]
labrpc.Service.dispatch(): unknown method AppendEntries in Raft.AppendEntries; expecting one of [ReceiveAppendEntries RequestVote]
exit status 1
FAIL	6.5840/raft1	1.623s
