000004 TIME S0 reset election timer to 1741915874675
000005 TIME S1 reset election timer to 1741915874596
000005 TIME S2 reset election timer to 1741915874489


CONNECTING 0



CONNECTING 1



CONNECTING 2

Test (3B): basic agreement (reliable network)...
016565 TIME S2 reset election timer to 1741915876275
016565 ELEC S2 starting election at 1741915874496
016565 ELEC S2 Starting election for term 1
016566 TIME S1 reset election timer to 1741915876478
016567 VOTE S1 (term 0) voted YES for 2 (term 1)
016567 LEAD S2 becomes leader for term 1
016568 TIME S0 reset election timer to 1741915876306
016568 VOTE S0 (term 0) voted YES for 2 (term 1)
016671 APP1 S2 (term 1) sending append (from 1 to 1) to 0
016672 APP1 S2 (term 1) sending append (from 1 to 1) to 1
labrpc.Service.dispatch(): unknown method AppendEntries in Raft.AppendEntries; expecting one of [ReceiveAppendEntries RequestVote]
exit status 1
FAIL	6.5840/raft1	1.669s
