000003 TIME S0 reset election timer to 1741915874643
000004 TIME S1 reset election timer to 1741915874744
000004 TIME S2 reset election timer to 1741915874831


CONNECTING 0



CONNECTING 1



CONNECTING 2

Test (3B): basic agreement (reliable network)...
016998 TIME S0 reset election timer to 1741915876543
016999 ELEC S0 starting election at 1741915874647
016999 ELEC S0 Starting election for term 1
017002 TIME S2 reset election timer to 1741915876613
017002 VOTE S2 (term 0) voted YES for 0 (term 1)
017002 LEAD S0 becomes leader for term 1
017003 TIME S1 reset election timer to 1741915876341
017003 VOTE S1 (term 0) voted YES for 0 (term 1)
017263 APP1 S0 (term 1) sending append (from 1 to 1) to 1
017263 APP1 S0 (term 1) sending append (from 1 to 1) to 2
labrpc.Service.dispatch(): unknown method AppendEntries in Raft.AppendEntries; expecting one of [ReceiveAppendEntries RequestVote]
labrpc.Service.dispatch(): unknown method AppendEntries in Raft.AppendEntries; expecting one of [ReceiveAppendEntries RequestVote]
exit status 1
FAIL	6.5840/raft1	1.728s
