000004 TIME S0 reset election timer to 1741915875769
000005 TIME S1 reset election timer to 1741915875491
000005 TIME S2 reset election timer to 1741915875910


CONNECTING 0



CONNECTING 1



CONNECTING 2

Test (3B): basic agreement (reliable network)...
015249 TIME S1 reset election timer to 1741915877209
015250 ELEC S1 starting election at 1741915875491
015250 ELEC S1 Starting election for term 1
015252 TIME S2 reset election timer to 1741915877402
015252 VOTE S2 (term 0) voted YES for 1 (term 1)
015252 TIME S0 reset election timer to 1741915877589
015252 VOTE S0 (term 0) voted YES for 1 (term 1)
015252 LEAD S1 becomes leader for term 1
015325 LEAD S1 sending heartbeat to 0
015325 LEAD S1 sending heartbeat to 2
015328 HERT S2 heartbeated from 1
015328 TIME S2 reset election timer to 1741915877502
015328 HERT S0 heartbeated from 1
015328 TIME S0 reset election timer to 1741915877621
015685 APP1 S1 (term 1) sending append (from 1 to 1) to 0
015686 APP1 S1 (term 1) sending append (from 1 to 1) to 2
labrpc.Service.dispatch(): unknown method AppendEntries in Raft.AppendEntries; expecting one of [RequestVote ReceiveAppendEntries]
exit status 1
FAIL	6.5840/raft1	1.571s
