000003 TIME S0 reset election timer to 1741915872424
000004 TIME S1 reset election timer to 1741915872747
000004 TIME S2 reset election timer to 1741915872303


CONNECTING 0



CONNECTING 1



CONNECTING 2

Test (3B): basic agreement (reliable network)...
015485 TIME S2 reset election timer to 1741915874058
015486 ELEC S2 starting election at 1741915872303
015486 ELEC S2 Starting election for term 1
015488 TIME S1 reset election timer to 1741915874052
015488 VOTE S1 (term 0) voted YES for 2 (term 1)
015488 TIME S0 reset election timer to 1741915873985
015489 VOTE S0 (term 0) voted YES for 2 (term 1)
015489 LEAD S2 becomes leader for term 1
015666 APP1 S2 (term 1) sending append (from 1 to 1) to 0
015667 APP1 S2 (term 1) sending append (from 1 to 1) to 1
labrpc.Service.dispatch(): unknown method AppendEntries in Raft.AppendEntries; expecting one of [ReceiveAppendEntries RequestVote]
exit status 1
FAIL	6.5840/raft1	1.568s
