000003 TIME S0 reset election timer to 1741915866986
000005 TIME S1 reset election timer to 1741915867385
000005 TIME S2 reset election timer to 1741915866810


CONNECTING 0



CONNECTING 1



CONNECTING 2

Test (3B): basic agreement (reliable network)...
015569 TIME S2 reset election timer to 1741915868366
015569 ELEC S2 starting election at 1741915866814
015569 ELEC S2 Starting election for term 1
015570 TIME S1 reset election timer to 1741915868437
015570 VOTE S1 (term 0) voted YES for 2 (term 1)
015571 LEAD S2 becomes leader for term 1
015571 TIME S0 reset election timer to 1741915868813
015571 VOTE S0 (term 0) voted YES for 2 (term 1)
015716 APP1 S2 (term 1) sending append (from 1 to 1) to 0
015716 APP1 S2 (term 1) sending append (from 1 to 1) to 1
labrpc.Service.dispatch(): unknown method AppendEntries in Raft.AppendEntries; expecting one of [ReceiveAppendEntries RequestVote]
labrpc.Service.dispatch(): unknown method AppendEntries in Raft.AppendEntries; expecting one of [RequestVote ReceiveAppendEntries]
exit status 1
FAIL	6.5840/raft1	1.574s
