000002 TIME S0 reset election timer to 1741915865932
000003 TIME S1 reset election timer to 1741915865684
000003 TIME S2 reset election timer to 1741915865862


CONNECTING 0



CONNECTING 1



CONNECTING 2

Test (3B): basic agreement (reliable network)...
016279 TIME S1 reset election timer to 1741915867311
016280 ELEC S1 starting election at 1741915865689
016280 ELEC S1 Starting election for term 1
016283 TIME S2 reset election timer to 1741915867688
016283 VOTE S2 (term 0) voted YES for 1 (term 1)
016284 LEAD S1 becomes leader for term 1
016284 TIME S0 reset election timer to 1741915867402
016284 VOTE S0 (term 0) voted YES for 1 (term 1)
016718 APP1 S1 (term 1) sending append (from 1 to 1) to 0
016718 APP1 S1 (term 1) sending append (from 1 to 1) to 2
labrpc.Service.dispatch(): unknown method AppendEntries in Raft.AppendEntries; expecting one of [ReceiveAppendEntries RequestVote]
exit status 1
FAIL	6.5840/raft1	1.674s
