000002 TIME S0 reset election timer to 1741915877148
000003 TIME S1 reset election timer to 1741915876796
000004 TIME S2 reset election timer to 1741915876772


CONNECTING 0



CONNECTING 1



CONNECTING 2

Test (3B): basic agreement (reliable network)...
015875 TIME S2 reset election timer to 1741915878435
015875 ELEC S2 starting election at 1741915876776
015875 ELEC S2 Starting election for term 1
015878 TIME S1 reset election timer to 1741915878322
015878 VOTE S1 (term 0) voted YES for 2 (term 1)
015878 TIME S0 reset election timer to 1741915878798
015878 VOTE S0 (term 0) voted YES for 2 (term 1)
015878 LEAD S2 becomes leader for term 1
016112 LEAD S2 sending heartbeat to 0
016112 LEAD S2 sending heartbeat to 1
016114 HERT S1 heartbeated from 2
016115 TIME S1 reset election timer to 1741915878533
016119 HERT S0 heartbeated from 2
016119 TIME S0 reset election timer to 1741915878798
016233 APP1 S2 (term 1) sending append (from 1 to 1) to 0
016233 APP1 S2 (term 1) sending append (from 1 to 1) to 1
labrpc.Service.dispatch(): unknown method AppendEntries in Raft.AppendEntries; expecting one of [ReceiveAppendEntries RequestVote]
exit status 1
FAIL	6.5840/raft1	1.625s
