000001 TIME S0 reset election timer to 1741915861939
000002 TIME S1 reset election timer to 1741915861747
000002 TIME S2 reset election timer to 1741915861375


CONNECTING 0



CONNECTING 1



CONNECTING 2

Test (3B): basic agreement (reliable network)...
015705 TIME S2 reset election timer to 1741915863358
015705 ELEC S2 starting election at 1741915861380
015705 ELEC S2 Starting election for term 1
015707 TIME S0 reset election timer to 1741915863332
015707 VOTE S0 (term 0) voted YES for 2 (term 1)
015707 LEAD S2 becomes leader for term 1
015708 TIME S1 reset election timer to 1741915862896
015708 VOTE S1 (term 0) voted YES for 2 (term 1)
016120 LEAD S2 sending heartbeat to 0
016120 LEAD S2 sending heartbeat to 1
016121 HERT S1 heartbeated from 2
016121 TIME S1 reset election timer to 1741915862932
016121 HERT S0 heartbeated from 2
016121 TIME S0 reset election timer to 1741915863468
016205 APP1 S2 (term 1) sending append (from 1 to 1) to 0
016205 APP1 S2 (term 1) sending append (from 1 to 1) to 1
labrpc.Service.dispatch(): unknown method AppendEntries in Raft.AppendEntries; expecting one of [ReceiveAppendEntries RequestVote]
labrpc.Service.dispatch(): unknown method AppendEntries in Raft.AppendEntries; expecting one of [ReceiveAppendEntries RequestVote]
exit status 1
FAIL	6.5840/raft1	1.622s
