000001 TIME S0 reset election timer to 1741915877524
000004 TIME S1 reset election timer to 1741915877579
000005 TIME S2 reset election timer to 1741915877389


CONNECTING 0



CONNECTING 1



CONNECTING 2

Test (3B): basic agreement (reliable network)...
018172 TIME S2 reset election timer to 1741915879533
018172 ELEC S2 starting election at 1741915877393
018172 ELEC S2 Starting election for term 1
018174 TIME S1 reset election timer to 1741915879155
018174 VOTE S1 (term 0) voted YES for 2 (term 1)
018174 LEAD S2 becomes leader for term 1
018175 TIME S0 reset election timer to 1741915879198
018175 VOTE S0 (term 0) voted YES for 2 (term 1)
018203 APP1 S2 (term 1) sending append (from 1 to 1) to 0
018203 APP1 S2 (term 1) sending append (from 1 to 1) to 1
labrpc.Service.dispatch(): unknown method AppendEntries in Raft.AppendEntries; expecting one of [ReceiveAppendEntries RequestVote]
exit status 1
FAIL	6.5840/raft1	1.822s
