000007 TIME S0 reset election timer to 1741915873537
000009 TIME S1 reset election timer to 1741915873836
000009 TIME S2 reset election timer to 1741915873522


CONNECTING 0



CONNECTING 1



CONNECTING 2

Test (3B): basic agreement (reliable network)...
018292 TIME S2 reset election timer to 1741915875125
018292 ELEC S2 starting election at 1741915873524
018292 ELEC S2 Starting election for term 1
018294 TIME S0 reset election timer to 1741915875359
018294 TIME S1 reset election timer to 1741915875405
018294 VOTE S1 (term 0) voted YES for 2 (term 1)
018294 LEAD S2 becomes leader for term 1
018294 VOTE S0 (term 0) voted YES for 2 (term 1)
018545 LEAD S2 sending heartbeat to 0
018546 LEAD S2 sending heartbeat to 1
018547 HERT S1 heartbeated from 2
018547 TIME S1 reset election timer to 1741915875405
018547 HERT S0 heartbeated from 2
018547 TIME S0 reset election timer to 1741915875365
018764 APP1 S2 (term 1) sending append (from 1 to 1) to 0
018765 APP1 S2 (term 1) sending append (from 1 to 1) to 1
labrpc.Service.dispatch(): unknown method AppendEntries in Raft.AppendEntries; expecting one of [ReceiveAppendEntries RequestVote]
exit status 1
FAIL	6.5840/raft1	1.879s
