000001 TIME S0 reset election timer to 1741915870267
000002 TIME S1 reset election timer to 1741915869930
000002 TIME S2 reset election timer to 1741915869767


CONNECTING 0



CONNECTING 1



CONNECTING 2

Test (3B): basic agreement (reliable network)...
015619 TIME S2 reset election timer to 1741915871841
015619 ELEC S2 starting election at 1741915869772
015619 ELEC S2 Starting election for term 1
015621 TIME S1 reset election timer to 1741915871743
015621 VOTE S1 (term 0) voted YES for 2 (term 1)
015621 LEAD S2 becomes leader for term 1
015621 TIME S0 reset election timer to 1741915871713
015621 VOTE S0 (term 0) voted YES for 2 (term 1)
015693 APP1 S2 (term 1) sending append (from 1 to 1) to 0
015693 APP1 S2 (term 1) sending append (from 1 to 1) to 1
labrpc.Service.dispatch(): unknown method AppendEntries in Raft.AppendEntries; expecting one of [ReceiveAppendEntries RequestVote]
exit status 1
FAIL	6.5840/raft1	1.571s
