000002 TIME S0 reset election timer to 1741915875020
000005 TIME S1 reset election timer to 1741915875232
000005 TIME S2 reset election timer to 1741915875451


CONNECTING 0



CONNECTING 1



CONNECTING 2

Test (3B): basic agreement (reliable network)...
015117 TIME S0 reset election timer to 1741915876879
015118 ELEC S0 starting election at 1741915875026
015118 ELEC S0 Starting election for term 1
015122 TIME S2 reset election timer to 1741915876764
015122 VOTE S2 (term 0) voted YES for 0 (term 1)
015122 LEAD S0 becomes leader for term 1
015122 TIME S1 reset election timer to 1741915876570
015122 VOTE S1 (term 0) voted YES for 0 (term 1)
015182 APP1 S0 (term 1) sending append (from 1 to 1) to 1
015182 APP1 S0 (term 1) sending append (from 1 to 1) to 2
labrpc.Service.dispatch(): unknown method AppendEntries in Raft.AppendEntries; expecting one of [ReceiveAppendEntries RequestVote]
exit status 1
FAIL	6.5840/raft1	1.520s
