000003 TIME S0 reset election timer to 1741915871510
000005 TIME S1 reset election timer to 1741915871821
000005 TIME S2 reset election timer to 1741915871445


CONNECTING 0



CONNECTING 1



CONNECTING 2

Test (3B): basic agreement (reliable network)...
016336 TIME S2 reset election timer to 1741915873169
016337 ELEC S2 starting election at 1741915871451
016337 ELEC S2 Starting election for term 1
016338 TIME S1 reset election timer to 1741915873528
016338 VOTE S1 (term 0) voted YES for 2 (term 1)
016338 LEAD S2 becomes leader for term 1
016339 TIME S0 reset election timer to 1741915873281
016339 VOTE S0 (term 0) voted YES for 2 (term 1)
016691 APP1 S2 (term 1) sending append (from 1 to 1) to 0
016691 APP1 S2 (term 1) sending append (from 1 to 1) to 1
labrpc.Service.dispatch(): unknown method AppendEntries in Raft.AppendEntries; expecting one of [ReceiveAppendEntries RequestVote]
exit status 1
FAIL	6.5840/raft1	1.671s
