000002 TIME S0 reset election timer to 1741915864869
000003 TIME S1 reset election timer to 1741915864999
000003 TIME S2 reset election timer to 1741915865217


CONNECTING 0



CONNECTING 1



CONNECTING 2

Test (3B): basic agreement (reliable network)...
017269 TIME S0 reset election timer to 1741915866682
017270 ELEC S0 starting election at 1741915864869
017270 ELEC S0 Starting election for term 1
017272 TIME S1 reset election timer to 1741915866655
017272 VOTE S1 (term 0) voted YES for 0 (term 1)
017273 LEAD S0 becomes leader for term 1
017273 TIME S2 reset election timer to 1741915866703
017273 VOTE S2 (term 0) voted YES for 0 (term 1)
017712 APP1 S0 (term 1) sending append (from 1 to 1) to 1
017713 APP1 S0 (term 1) sending append (from 1 to 1) to 2
labrpc.Service.dispatch(): unknown method AppendEntries in Raft.AppendEntries; expecting one of [ReceiveAppendEntries RequestVote]
labrpc.Service.dispatch(): unknown method AppendEntries in Raft.AppendEntries; expecting one of [RequestVote ReceiveAppendEntries]
exit status 1
FAIL	6.5840/raft1	1.773s
