000002 TIME S0 reset election timer to 1741915862627
000003 TIME S1 reset election timer to 1741915862942
000003 TIME S2 reset election timer to 1741915862759


CONNECTING 0



CONNECTING 1



CONNECTING 2

Test (3B): basic agreement (reliable network)...
017458 TIME S0 reset election timer to 1741915864303
017459 ELEC S0 starting election at 1741915862628
017459 ELEC S0 Starting election for term 1
017460 TIME S2 reset election timer to 1741915864432
017460 VOTE S2 (term 0) voted YES for 0 (term 1)
017460 TIME S1 reset election timer to 1741915864506
017460 LEAD S0 becomes leader for term 1
017460 VOTE S1 (term 0) voted YES for 0 (term 1)
017719 APP1 S0 (term 1) sending append (from 1 to 1) to 1
017719 APP1 S0 (term 1) sending append (from 1 to 1) to 2
labrpc.Service.dispatch(): unknown method AppendEntries in Raft.AppendEntries; expecting one of [ReceiveAppendEntries RequestVote]
exit status 1
FAIL	6.5840/raft1	1.774s
