000001 TIME S0 reset election timer to 1741915871383
000002 TIME S1 reset election timer to 1741915871709
000002 TIME S2 reset election timer to 1741915871434


CONNECTING 0



CONNECTING 1



CONNECTING 2

Test (3B): basic agreement (reliable network)...
015846 TIME S0 reset election timer to 1741915872011
015847 ELEC S0 starting election at 1741915870425
015847 ELEC S0 Starting election for term 1
015848 TIME S2 reset election timer to 1741915872323
015848 VOTE S2 (term 0) voted YES for 0 (term 1)
015848 TIME S1 reset election timer to 1741915872536
015848 VOTE S1 (term 0) voted YES for 0 (term 1)
015849 LEAD S0 becomes leader for term 1
016125 LEAD S0 sending heartbeat to 1
016126 LEAD S0 sending heartbeat to 2
016127 HERT S2 heartbeated from 0
016127 TIME S2 reset election timer to 1741915872534
016128 HERT S1 heartbeated from 0
016128 TIME S1 reset election timer to 1741915872536
016183 APP1 S0 (term 1) sending append (from 1 to 1) to 1
016183 APP1 S0 (term 1) sending append (from 1 to 1) to 2
labrpc.Service.dispatch(): unknown method AppendEntries in Raft.AppendEntries; expecting one of [RequestVote ReceiveAppendEntries]
labrpc.Service.dispatch(): unknown method AppendEntries in Raft.AppendEntries; expecting one of [ReceiveAppendEntries RequestVote]
exit status 1
FAIL	6.5840/raft1	1.620s
