000001 TIME S0 reset election timer to 1741915876391
000002 TIME S1 reset election timer to 1741915876381
000002 TIME S2 reset election timer to 1741915876462


CONNECTING 0



CONNECTING 1



CONNECTING 2

Test (3B): basic agreement (reliable network)...
020594 TIME S1 reset election timer to 1741915878422
020594 ELEC S1 starting election at 1741915876387
020594 ELEC S1 Starting election for term 1
020599 TIME S2 reset election timer to 1741915878281
020599 VOTE S2 (term 0) voted YES for 1 (term 1)
020601 TIME S0 reset election timer to 1741915878123
020601 VOTE S0 (term 0) voted YES for 1 (term 1)
020602 LEAD S1 becomes leader for term 1
020727 APP1 S1 (term 1) sending append (from 1 to 1) to 0
020728 APP1 S1 (term 1) sending append (from 1 to 1) to 2
labrpc.Service.dispatch(): unknown method AppendEntries in Raft.AppendEntries; expecting one of [ReceiveAppendEntries RequestVote]
exit status 1
FAIL	6.5840/raft1	2.075s
