000002 TIME S0 reset election timer to 1741915859302
000003 TIME S1 reset election timer to 1741915858860
000003 TIME S2 reset election timer to 1741915858960


CONNECTING 0



CONNECTING 1



CONNECTING 2

Test (3B): basic agreement (reliable network)...
017022 TIME S1 reset election timer to 1741915860885
017022 ELEC S1 starting election at 1741915858863
017022 ELEC S1 Starting election for term 1
017023 TIME S2 reset election timer to 1741915860704
017023 VOTE S2 (term 0) voted YES for 1 (term 1)
017023 TIME S0 reset election timer to 1741915860403
017023 VOTE S0 (term 0) voted YES for 1 (term 1)
017023 LEAD S1 becomes leader for term 1
017163 APP1 S1 (term 1) sending append (from 1 to 1) to 0
017164 APP1 S1 (term 1) sending append (from 1 to 1) to 2
labrpc.Service.dispatch(): unknown method AppendEntries in Raft.AppendEntries; expecting one of [ReceiveAppendEntries RequestVote]
exit status 1
FAIL	6.5840/raft1	1.718s
