000003 TIME S0 reset election timer to 1741915870553
000004 TIME S1 reset election timer to 1741915870634
000004 TIME S2 reset election timer to 1741915870813


CONNECTING 0



CONNECTING 1



CONNECTING 2

Test (3B): basic agreement (reliable network)...
017607 TIME S0 reset election timer to 1741915871128
017608 ELEC S0 starting election at 1741915869589
017608 ELEC S0 Starting election for term 1
017609 TIME S2 reset election timer to 1741915871269
017609 VOTE S2 (term 0) voted YES for 0 (term 1)
017609 LEAD S0 becomes leader for term 1
017610 TIME S1 reset election timer to 1741915871236
017610 VOTE S1 (term 0) voted YES for 0 (term 1)
017729 APP1 S0 (term 1) sending append (from 1 to 1) to 1
017729 APP1 S0 (term 1) sending append (from 1 to 1) to 2
labrpc.Service.dispatch(): unknown method AppendEntries in Raft.AppendEntries; expecting one of [ReceiveAppendEntries RequestVote]
exit status 1
FAIL	6.5840/raft1	1.775s
