000002 TIME S0 reset election timer to 1741915879796
000003 TIME S1 reset election timer to 1741915879870
000003 TIME S2 reset election timer to 1741915880262


CONNECTING 0



CONNECTING 1



CONNECTING 2

Test (3B): basic agreement (reliable network)...
015266 TIME S0 reset election timer to 1741915881822
015266 ELEC S0 starting election at 1741915879803
015266 ELEC S0 Starting election for term 1
015268 TIME S2 reset election timer to 1741915881526
015268 VOTE S2 (term 0) voted YES for 0 (term 1)
015268 LEAD S0 becomes leader for term 1
015270 TIME S1 reset election timer to 1741915881699
015270 VOTE S1 (term 0) voted YES for 0 (term 1)
015322 LEAD S0 sending heartbeat to 1
015322 LEAD S0 sending heartbeat to 2
015322 HERT S2 heartbeated from 0
015322 TIME S2 reset election timer to 1741915881844
015323 HERT S1 heartbeated from 0
015323 TIME S1 reset election timer to 1741915881798
015663 APP1 S0 (term 1) sending append (from 1 to 1) to 1
015663 APP1 S0 (term 1) sending append (from 1 to 1) to 2
labrpc.Service.dispatch(): unknown method AppendEntries in Raft.AppendEntries; expecting one of [RequestVote ReceiveAppendEntries]
labrpc.Service.dispatch(): unknown method AppendEntries in Raft.AppendEntries; expecting one of [RequestVote ReceiveAppendEntries]
exit status 1
FAIL	6.5840/raft1	1.568s
