000002 TIME S0 reset election timer to 1741915872774
000003 TIME S1 reset election timer to 1741915872631
000003 TIME S2 reset election timer to 1741915872689


CONNECTING 0



CONNECTING 1



CONNECTING 2

Test (3B): basic agreement (reliable network)...
019963 TIME S1 reset election timer to 1741915874433
019963 ELEC S1 starting election at 1741915872632
019963 ELEC S1 Starting election for term 1
019966 TIME S2 reset election timer to 1741915874574
019966 VOTE S2 (term 0) voted YES for 1 (term 1)
019966 LEAD S1 becomes leader for term 1
019966 TIME S0 reset election timer to 1741915874756
019967 VOTE S0 (term 0) voted YES for 1 (term 1)
020164 LEAD S1 sending heartbeat to 0
020164 LEAD S1 sending heartbeat to 2
020166 HERT S2 heartbeated from 1
020166 TIME S2 reset election timer to 1741915874672
020167 HERT S0 heartbeated from 1
020167 TIME S0 reset election timer to 1741915874756
020269 APP1 S1 (term 1) sending append (from 1 to 1) to 0
020269 APP1 S1 (term 1) sending append (from 1 to 1) to 2
labrpc.Service.dispatch(): unknown method AppendEntries in Raft.AppendEntries; expecting one of [ReceiveAppendEntries RequestVote]
labrpc.Service.dispatch(): unknown method AppendEntries in Raft.AppendEntries; expecting one of [ReceiveAppendEntries RequestVote]
exit status 1
FAIL	6.5840/raft1	2.029s
