000003 TIME S0 reset election timer to 1741915872359
000004 TIME S1 reset election timer to 1741915871992
000004 TIME S2 reset election timer to 1741915871885


CONNECTING 0



CONNECTING 1



CONNECTING 2

Test (3B): basic agreement (reliable network)...
015610 TIME S2 reset election timer to 1741915872496
015610 ELEC S2 starting election at 1741915870930
015610 ELEC S2 Starting election for term 1
015612 TIME S1 reset election timer to 1741915872741
015612 VOTE S1 (term 0) voted YES for 2 (term 1)
015612 LEAD S2 becomes leader for term 1
015613 TIME S0 reset election timer to 1741915872468
015613 VOTE S0 (term 0) voted YES for 2 (term 1)
015718 APP1 S2 (term 1) sending append (from 1 to 1) to 0
015718 APP1 S2 (term 1) sending append (from 1 to 1) to 1
labrpc.Service.dispatch(): unknown method AppendEntries in Raft.AppendEntries; expecting one of [ReceiveAppendEntries RequestVote]
exit status 1
FAIL	6.5840/raft1	1.573s
