000002 TIME S0 reset election timer to 1741915857256
000004 TIME S1 reset election timer to 1741915857737
000004 TIME S2 reset election timer to 1741915857748


CONNECTING 0



CONNECTING 1



CONNECTING 2

Test (3B): basic agreement (reliable network)...
015338 TIME S0 reset election timer to 1741915859193
015339 ELEC S0 starting election at 1741915857263
015339 ELEC S0 Starting election for term 1
015341 TIME S2 reset election timer to 1741915859011
015341 VOTE S2 (term 0) voted YES for 0 (term 1)
015342 TIME S1 reset election timer to 1741915859396
015342 VOTE S1 (term 0) voted YES for 0 (term 1)
015342 LEAD S0 becomes leader for term 1
015710 APP1 S0 (term 1) sending append (from 1 to 1) to 1
015711 APP1 S0 (term 1) sending append (from 1 to 1) to 2
labrpc.Service.dispatch(): unknown method AppendEntries in Raft.AppendEntries; expecting one of [ReceiveAppendEntries RequestVote]
exit status 1
FAIL	6.5840/raft1	1.573s
