000003 TIME S0 reset election timer to 1741915874288
000005 TIME S1 reset election timer to 1741915873774
000005 TIME S2 reset election timer to 1741915874210


CONNECTING 0



CONNECTING 1



CONNECTING 2

Test (3B): basic agreement (reliable network)...
015297 TIME S1 reset election timer to 1741915875922
015297 ELEC S1 starting election at 1741915873776
015297 ELEC S1 Starting election for term 1
015299 TIME S2 reset election timer to 1741915875620
015299 VOTE S2 (term 0) voted YES for 1 (term 1)
015299 TIME S0 reset election timer to 1741915875301
015299 VOTE S0 (term 0) voted YES for 1 (term 1)
015299 LEAD S1 becomes leader for term 1
015699 APP1 S1 (term 1) sending append (from 1 to 1) to 0
015700 APP1 S1 (term 1) sending append (from 1 to 1) to 2
labrpc.Service.dispatch(): unknown method AppendEntries in Raft.AppendEntries; expecting one of [RequestVote ReceiveAppendEntries]
exit status 1
FAIL	6.5840/raft1	1.572s
