000003 TIME S0 reset election timer to 1741915869593
000004 TIME S1 reset election timer to 1741915869641
000004 TIME S2 reset election timer to 1741915869944


CONNECTING 0



CONNECTING 1



CONNECTING 2

Test (3B): basic agreement (reliable network)...
017300 TIME S0 reset election timer to 1741915871667
017301 ELEC S0 starting election at 1741915869602
017301 ELEC S0 Starting election for term 1
017303 TIME S2 reset election timer to 1741915871296
017303 VOTE S2 (term 0) voted YES for 0 (term 1)
017303 TIME S1 reset election timer to 1741915871417
017304 LEAD S0 becomes leader for term 1
017304 VOTE S1 (term 0) voted YES for 0 (term 1)
017724 APP1 S0 (term 1) sending append (from 1 to 1) to 1
017724 APP1 S0 (term 1) sending append (from 1 to 1) to 2
labrpc.Service.dispatch(): unknown method AppendEntries in Raft.AppendEntries; expecting one of [ReceiveAppendEntries RequestVote]
exit status 1
FAIL	6.5840/raft1	1.774s
