000008 TIME S0 reset election timer to 1741915862052
000010 TIME S1 reset election timer to 1741915862542
000010 TIME S2 reset election timer to 1741915862607


CONNECTING 0



CONNECTING 1



CONNECTING 2

Test (3B): basic agreement (reliable network)...
015794 TIME S0 reset election timer to 1741915863817
015794 ELEC S0 starting election at 1741915862059
015794 ELEC S0 Starting election for term 1
015795 TIME S2 reset election timer to 1741915863812
015795 VOTE S2 (term 0) voted YES for 0 (term 1)
015796 LEAD S0 becomes leader for term 1
015796 TIME S1 reset election timer to 1741915863597
015796 VOTE S1 (term 0) voted YES for 0 (term 1)
016104 LEAD S0 sending heartbeat to 1
016104 LEAD S0 sending heartbeat to 2
016105 HERT S1 heartbeated from 0
016105 TIME S1 reset election timer to 1741915863733
016105 HERT S2 heartbeated from 0
016105 TIME S2 reset election timer to 1741915863850
016181 APP1 S0 (term 1) sending append (from 1 to 1) to 1
016182 APP1 S0 (term 1) sending append (from 1 to 1) to 2
labrpc.Service.dispatch(): unknown method AppendEntries in Raft.AppendEntries; expecting one of [ReceiveAppendEntries RequestVote]
exit status 1
FAIL	6.5840/raft1	1.620s
