000003 TIME S0 reset election timer to 1741915877432
000004 TIME S1 reset election timer to 1741915877643
000004 TIME S2 reset election timer to 1741915877318


CONNECTING 0



CONNECTING 1



CONNECTING 2

Test (3B): basic agreement (reliable network)...
015995 TIME S2 reset election timer to 1741915879144
015996 ELEC S2 starting election at 1741915877319
015996 ELEC S2 Starting election for term 1
015999 TIME S1 reset election timer to 1741915878924
015999 VOTE S1 (term 0) voted YES for 2 (term 1)
015999 LEAD S2 becomes leader for term 1
016000 TIME S0 reset election timer to 1741915879345
016000 VOTE S0 (term 0) voted YES for 2 (term 1)
016144 LEAD S2 sending heartbeat to 0
016144 LEAD S2 sending heartbeat to 1
016146 HERT S1 heartbeated from 2
016146 TIME S1 reset election timer to 1741915879174
016148 HERT S0 heartbeated from 2
016148 TIME S0 reset election timer to 1741915879371
016208 APP1 S2 (term 1) sending append (from 1 to 1) to 0
016209 APP1 S2 (term 1) sending append (from 1 to 1) to 1
labrpc.Service.dispatch(): unknown method AppendEntries in Raft.AppendEntries; expecting one of [ReceiveAppendEntries RequestVote]
exit status 1
FAIL	6.5840/raft1	1.622s
