000001 TIME S0 reset election timer to 1741915868534
000004 TIME S1 reset election timer to 1741915868292
000004 TIME S2 reset election timer to 1741915868599


CONNECTING 0



CONNECTING 1



CONNECTING 2

Test (3B): basic agreement (reliable network)...
016135 TIME S1 reset election timer to 1741915870203
016136 ELEC S1 starting election at 1741915868294
016136 ELEC S1 Starting election for term 1
016138 TIME S2 reset election timer to 1741915870178
016138 VOTE S2 (term 0) voted YES for 1 (term 1)
016138 LEAD S1 becomes leader for term 1
016138 TIME S0 reset election timer to 1741915869840
016138 VOTE S0 (term 0) voted YES for 1 (term 1)
016192 APP1 S1 (term 1) sending append (from 1 to 1) to 0
016192 APP1 S1 (term 1) sending append (from 1 to 1) to 2
labrpc.Service.dispatch(): unknown method AppendEntries in Raft.AppendEntries; expecting one of [ReceiveAppendEntries RequestVote]
labrpc.Service.dispatch(): unknown method AppendEntries in Raft.AppendEntries; expecting one of [ReceiveAppendEntries RequestVote]
exit status 1
FAIL	6.5840/raft1	1.621s
