000003 TIME S0 reset election timer to 1741915878506
000003 TIME S1 reset election timer to 1741915878545
000004 TIME S2 reset election timer to 1741915878643


CONNECTING 0



CONNECTING 1



CONNECTING 2

Test (3B): basic agreement (reliable network)...
015522 TIME S0 reset election timer to 1741915880405
015522 ELEC S0 starting election at 1741915878515
015522 ELEC S0 Starting election for term 1
015524 TIME S2 reset election timer to 1741915880135
015524 VOTE S2 (term 0) voted YES for 0 (term 1)
015524 LEAD S0 becomes leader for term 1
015524 TIME S1 reset election timer to 1741915880589
015524 VOTE S1 (term 0) voted YES for 0 (term 1)
015720 APP1 S0 (term 1) sending append (from 1 to 1) to 1
015720 APP1 S0 (term 1) sending append (from 1 to 1) to 2
labrpc.Service.dispatch(): unknown method AppendEntries in Raft.AppendEntries; expecting one of [ReceiveAppendEntries RequestVote]
labrpc.Service.dispatch(): unknown method AppendEntries in Raft.AppendEntries; expecting one of [ReceiveAppendEntries RequestVote]
exit status 1
FAIL	6.5840/raft1	1.573s
