000001 TIME S0 reset election timer to 1741915879368
000002 TIME S1 reset election timer to 1741915879650
000002 TIME S2 reset election timer to 1741915879495


CONNECTING 0



CONNECTING 1



CONNECTING 2

Test (3B): basic agreement (reliable network)...
017888 TIME S0 reset election timer to 1741915881313
017888 ELEC S0 starting election at 1741915879370
017888 ELEC S0 Starting election for term 1
017889 TIME S2 reset election timer to 1741915881429
017889 VOTE S2 (term 0) voted YES for 0 (term 1)
017889 TIME S1 reset election timer to 1741915881275
017890 VOTE S1 (term 0) voted YES for 0 (term 1)
017890 LEAD S0 becomes leader for term 1
018236 APP1 S0 (term 1) sending append (from 1 to 1) to 1
018236 APP1 S0 (term 1) sending append (from 1 to 1) to 2
labrpc.Service.dispatch(): unknown method AppendEntries in Raft.AppendEntries; expecting one of [ReceiveAppendEntries RequestVote]
exit status 1
FAIL	6.5840/raft1	1.825s
