000002 TIME S0 reset election timer to 1741915861383
000003 TIME S1 reset election timer to 1741915860871
000003 TIME S2 reset election timer to 1741915860827


CONNECTING 0



CONNECTING 1



CONNECTING 2

Test (3B): basic agreement (reliable network)...
015122 TIME S2 reset election timer to 1741915862579
015122 ELEC S2 starting election at 1741915860834
015122 ELEC S2 Starting election for term 1
015124 TIME S0 reset election timer to 1741915862735
015124 VOTE S0 (term 0) voted YES for 2 (term 1)
015124 TIME S1 reset election timer to 1741915862740
015124 VOTE S1 (term 0) voted YES for 2 (term 1)
015124 LEAD S2 becomes leader for term 1
015194 APP1 S2 (term 1) sending append (from 1 to 1) to 0
015194 APP1 S2 (term 1) sending append (from 1 to 1) to 1
labrpc.Service.dispatch(): unknown method AppendEntries in Raft.AppendEntries; expecting one of [ReceiveAppendEntries RequestVote]
exit status 1
FAIL	6.5840/raft1	1.521s
