000003 TIME S0 reset election timer to 1741915858740
000004 TIME S1 reset election timer to 1741915858551
000004 TIME S2 reset election timer to 1741915858994


CONNECTING 0



CONNECTING 1



CONNECTING 2

Test (3B): basic agreement (reliable network)...
015320 TIME S1 reset election timer to 1741915860423
015320 ELEC S1 starting election at 1741915858552
015320 ELEC S1 Starting election for term 1
015321 TIME S2 reset election timer to 1741915860632
015321 VOTE S2 (term 0) voted YES for 1 (term 1)
015321 LEAD S1 becomes leader for term 1
015322 TIME S0 reset election timer to 1741915860530
015322 VOTE S0 (term 0) voted YES for 1 (term 1)
015337 LEAD S1 sending heartbeat to 0
015337 LEAD S1 sending heartbeat to 2
015337 HERT S2 heartbeated from 1
015337 TIME S2 reset election timer to 1741915860632
015338 HERT S0 heartbeated from 1
015338 TIME S0 reset election timer to 1741915860530
015703 APP1 S1 (term 1) sending append (from 1 to 1) to 0
015703 APP1 S1 (term 1) sending append (from 1 to 1) to 2
labrpc.Service.dispatch(): unknown method AppendEntries in Raft.AppendEntries; expecting one of [RequestVote ReceiveAppendEntries]
exit status 1
FAIL	6.5840/raft1	1.572s
