000003 TIME S0 reset election timer to 1741915870540
000004 TIME S1 reset election timer to 1741915870981
000004 TIME S2 reset election timer to 1741915870838


CONNECTING 0



CONNECTING 1



CONNECTING 2

Test (3B): basic agreement (reliable network)...
015563 TIME S0 reset election timer to 1741915871333
015564 ELEC S0 starting election at 1741915869576
015564 ELEC S0 Starting election for term 1
015565 TIME S2 reset election timer to 1741915871584
015565 VOTE S2 (term 0) voted YES for 0 (term 1)
015565 LEAD S0 becomes leader for term 1
015566 TIME S1 reset election timer to 1741915871531
015566 VOTE S1 (term 0) voted YES for 0 (term 1)
015711 APP1 S0 (term 1) sending append (from 1 to 1) to 1
015711 APP1 S0 (term 1) sending append (from 1 to 1) to 2
labrpc.Service.dispatch(): unknown method AppendEntries in Raft.AppendEntries; expecting one of [ReceiveAppendEntries RequestVote]
exit status 1
FAIL	6.5840/raft1	1.573s
