000005 TIME S0 reset election timer to 1741915886293
000006 TIME S1 reset election timer to 1741915886449
000006 TIME S2 reset election timer to 1741915886306


CONNECTING 0



CONNECTING 1



CONNECTING 2

Test (3B): basic agreement (reliable network)...
019819 TIME S0 reset election timer to 1741915888429
019820 ELEC S0 starting election at 1741915886293
019820 ELEC S0 Starting election for term 1
019821 TIME S2 reset election timer to 1741915887903
019821 TIME S1 reset election timer to 1741915887896
019821 VOTE S1 (term 0) voted YES for 0 (term 1)
019821 VOTE S2 (term 0) voted YES for 0 (term 1)
019822 LEAD S0 becomes leader for term 1
020165 LEAD S0 sending heartbeat to 1
020165 LEAD S0 sending heartbeat to 2
020166 HERT S2 heartbeated from 0
020166 TIME S2 reset election timer to 1741915888047
020167 HERT S1 heartbeated from 0
020167 TIME S1 reset election timer to 1741915888004
020273 APP1 S0 (term 1) sending append (from 1 to 1) to 1
020273 APP1 S0 (term 1) sending append (from 1 to 1) to 2
labrpc.Service.dispatch(): unknown method AppendEntries in Raft.AppendEntries; expecting one of [RequestVote ReceiveAppendEntries]
exit status 1
FAIL	6.5840/raft1	2.029s
