000004 TIME S0 reset election timer to 1741915890018
000005 TIME S1 reset election timer to 1741915890181
000006 TIME S2 reset election timer to 1741915890328


CONNECTING 0



CONNECTING 1



CONNECTING 2

Test (3B): basic agreement (reliable network)...
016019 TIME S0 reset election timer to 1741915891963
016019 ELEC S0 starting election at 1741915890025
016020 ELEC S0 Starting election for term 1
016021 TIME S1 reset election timer to 1741915891529
016021 VOTE S1 (term 0) voted YES for 0 (term 1)
016021 TIME S2 reset election timer to 1741915891799
016021 VOTE S2 (term 0) voted YES for 0 (term 1)
016022 LEAD S0 becomes leader for term 1
016134 LEAD S0 sending heartbeat to 1
016134 LEAD S0 sending heartbeat to 2
016135 HERT S2 heartbeated from 0
016135 TIME S2 reset election timer to 1741915891799
016136 HERT S1 heartbeated from 0
016136 TIME S1 reset election timer to 1741915891928
016198 APP1 S0 (term 1) sending append (from 1 to 1) to 1
016198 APP1 S0 (term 1) sending append (from 1 to 1) to 2
labrpc.Service.dispatch(): unknown method AppendEntries in Raft.AppendEntries; expecting one of [RequestVote ReceiveAppendEntries]
exit status 1
FAIL	6.5840/raft1	1.622s
