000002 TIME S0 reset election timer to 1741915893992
000003 TIME S1 reset election timer to 1741915894341
000003 TIME S2 reset election timer to 1741915894283


CONNECTING 0



CONNECTING 1



CONNECTING 2

Test (3B): basic agreement (reliable network)...
017657 TIME S0 reset election timer to 1741915895510
017657 ELEC S0 starting election at 1741915893997
017657 ELEC S0 Starting election for term 1
017660 TIME S2 reset election timer to 1741915896079
017660 VOTE S2 (term 0) voted YES for 0 (term 1)
017661 LEAD S0 becomes leader for term 1
017661 TIME S1 reset election timer to 1741915895851
017662 VOTE S1 (term 0) voted YES for 0 (term 1)
017691 APP1 S0 (term 1) sending append (from 1 to 1) to 1
017691 APP1 S0 (term 1) sending append (from 1 to 1) to 2
labrpc.Service.dispatch(): unknown method AppendEntries in Raft.AppendEntries; expecting one of [ReceiveAppendEntries RequestVote]
labrpc.Service.dispatch(): unknown method AppendEntries in Raft.AppendEntries; expecting one of [ReceiveAppendEntries RequestVote]
exit status 1
FAIL	6.5840/raft1	1.771s
