000001 TIME S0 reset election timer to 1741915899062
000002 TIME S1 reset election timer to 1741915898858
000002 TIME S2 reset election timer to 1741915899190


CONNECTING 0



CONNECTING 1



CONNECTING 2

Test (3B): basic agreement (reliable network)...
017676 TIME S1 reset election timer to 1741915900861
017676 ELEC S1 starting election at 1741915898868
017676 ELEC S1 Starting election for term 1
017678 TIME S2 reset election timer to 1741915900810
017678 VOTE S2 (term 0) voted YES for 1 (term 1)
017678 LEAD S1 becomes leader for term 1
017679 TIME S0 reset election timer to 1741915900828
017679 VOTE S0 (term 0) voted YES for 1 (term 1)
017687 APP1 S1 (term 1) sending append (from 1 to 1) to 0
017688 APP1 S1 (term 1) sending append (from 1 to 1) to 2
labrpc.Service.dispatch(): unknown method AppendEntries in Raft.AppendEntries; expecting one of [ReceiveAppendEntries RequestVote]
exit status 1
FAIL	6.5840/raft1	1.771s
