000002 TIME S0 reset election timer to 1741915888173
000003 TIME S1 reset election timer to 1741915888030
000004 TIME S2 reset election timer to 1741915888387


CONNECTING 0



CONNECTING 1



CONNECTING 2

Test (3B): basic agreement (reliable network)...
017224 TIME S1 reset election timer to 1741915890174
017224 ELEC S1 starting election at 1741915888030
017224 ELEC S1 Starting election for term 1
017226 TIME S2 reset election timer to 1741915889733
017226 VOTE S2 (term 0) voted YES for 1 (term 1)
017226 LEAD S1 becomes leader for term 1
017227 TIME S0 reset election timer to 1741915889970
017227 VOTE S0 (term 0) voted YES for 1 (term 1)
017719 APP1 S1 (term 1) sending append (from 1 to 1) to 0
017719 APP1 S1 (term 1) sending append (from 1 to 1) to 2
labrpc.Service.dispatch(): unknown method AppendEntries in Raft.AppendEntries; expecting one of [ReceiveAppendEntries RequestVote]
exit status 1
FAIL	6.5840/raft1	1.774s
