000004 TIME S0 reset election timer to 1741915880801
000005 TIME S1 reset election timer to 1741915880247
000005 TIME S2 reset election timer to 1741915880764


CONNECTING 0



CONNECTING 1



CONNECTING 2

Test (3B): basic agreement (reliable network)...
015248 TIME S1 reset election timer to 1741915881969
015248 ELEC S1 starting election at 1741915880256
015248 ELEC S1 Starting election for term 1
015249 TIME S2 reset election timer to 1741915881760
015249 TIME S0 reset election timer to 1741915881924
015250 VOTE S0 (term 0) voted YES for 1 (term 1)
015249 VOTE S2 (term 0) voted YES for 1 (term 1)
015250 LEAD S1 becomes leader for term 1
015327 LEAD S1 sending heartbeat to 0
015327 LEAD S1 sending heartbeat to 2
015328 HERT S0 heartbeated from 1
015328 TIME S0 reset election timer to 1741915882315
015328 HERT S2 heartbeated from 1
015328 TIME S2 reset election timer to 1741915882023
015708 APP1 S1 (term 1) sending append (from 1 to 1) to 0
015708 APP1 S1 (term 1) sending append (from 1 to 1) to 2
labrpc.Service.dispatch(): unknown method AppendEntries in Raft.AppendEntries; expecting one of [ReceiveAppendEntries RequestVote]
exit status 1
FAIL	6.5840/raft1	1.572s
