000002 TIME S0 reset election timer to 1741915880432
000003 TIME S1 reset election timer to 1741915880638
000003 TIME S2 reset election timer to 1741915880231


CONNECTING 0



CONNECTING 1



CONNECTING 2

Test (3B): basic agreement (reliable network)...
016178 TIME S2 reset election timer to 1741915881912
016178 ELEC S2 starting election at 1741915880238
016179 ELEC S2 Starting election for term 1
016181 TIME S1 reset election timer to 1741915882348
016182 VOTE S1 (term 0) voted YES for 2 (term 1)
016182 TIME S0 reset election timer to 1741915882197
016182 VOTE S0 (term 0) voted YES for 2 (term 1)
016182 LEAD S2 becomes leader for term 1
016190 APP1 S2 (term 1) sending append (from 1 to 1) to 0
016190 APP1 S2 (term 1) sending append (from 1 to 1) to 1
labrpc.Service.dispatch(): unknown method AppendEntries in Raft.AppendEntries; expecting one of [ReceiveAppendEntries RequestVote]
exit status 1
FAIL	6.5840/raft1	1.621s
