000002 TIME S0 reset election timer to 1741915882062
000003 TIME S1 reset election timer to 1741915881598
000003 TIME S2 reset election timer to 1741915882090


CONNECTING 0



CONNECTING 1



CONNECTING 2

Test (3B): basic agreement (reliable network)...
015515 TIME S1 reset election timer to 1741915883432
015516 ELEC S1 starting election at 1741915881605
015516 ELEC S1 Starting election for term 1
015517 TIME S2 reset election timer to 1741915883410
015517 VOTE S2 (term 0) voted YES for 1 (term 1)
015518 LEAD S1 becomes leader for term 1
015518 TIME S0 reset election timer to 1741915883557
015518 VOTE S0 (term 0) voted YES for 1 (term 1)
015693 APP1 S1 (term 1) sending append (from 1 to 1) to 0
015693 APP1 S1 (term 1) sending append (from 1 to 1) to 2
labrpc.Service.dispatch(): unknown method AppendEntries in Raft.AppendEntries; expecting one of [ReceiveAppendEntries RequestVote]
exit status 1
FAIL	6.5840/raft1	1.571s
