000003 TIME S0 reset election timer to 1741915891138
000005 TIME S1 reset election timer to 1741915890834
000005 TIME S2 reset election timer to 1741915890749


CONNECTING 0



CONNECTING 1



CONNECTING 2

Test (3B): basic agreement (reliable network)...
016554 TIME S2 reset election timer to 1741915892726
016554 ELEC S2 starting election at 1741915890756
016554 ELEC S2 Starting election for term 1
016556 TIME S1 reset election timer to 1741915892524
016556 VOTE S1 (term 0) voted YES for 2 (term 1)
016556 LEAD S2 becomes leader for term 1
016557 TIME S0 reset election timer to 1741915892332
016557 VOTE S0 (term 0) voted YES for 2 (term 1)
016712 APP1 S2 (term 1) sending append (from 1 to 1) to 0
016712 APP1 S2 (term 1) sending append (from 1 to 1) to 1
labrpc.Service.dispatch(): unknown method AppendEntries in Raft.AppendEntries; expecting one of [RequestVote ReceiveAppendEntries]
exit status 1
FAIL	6.5840/raft1	1.673s
