000002 TIME S0 reset election timer to 1741915890580
000005 TIME S1 reset election timer to 1741915890832
000005 TIME S2 reset election timer to 1741915890921


CONNECTING 0



CONNECTING 1



CONNECTING 2

Test (3B): basic agreement (reliable network)...
015136 TIME S0 reset election timer to 1741915892200
015137 ELEC S0 starting election at 1741915890583
015137 ELEC S0 Starting election for term 1
015138 TIME S2 reset election timer to 1741915892595
015138 VOTE S2 (term 0) voted YES for 0 (term 1)
015138 LEAD S0 becomes leader for term 1
015138 TIME S1 reset election timer to 1741915892292
015139 VOTE S1 (term 0) voted YES for 0 (term 1)
015210 APP1 S0 (term 1) sending append (from 1 to 1) to 1
015210 APP1 S0 (term 1) sending append (from 1 to 1) to 2
labrpc.Service.dispatch(): unknown method AppendEntries in Raft.AppendEntries; expecting one of [ReceiveAppendEntries RequestVote]
exit status 1
FAIL	6.5840/raft1	1.523s
