000003 TIME S0 reset election timer to 1741915895772
000004 TIME S1 reset election timer to 1741915895931
000004 TIME S2 reset election timer to 1741915895549


CONNECTING 0



CONNECTING 1



CONNECTING 2

Test (3B): basic agreement (reliable network)...
017168 TIME S2 reset election timer to 1741915897693
017169 ELEC S2 starting election at 1741915895549
017169 ELEC S2 Starting election for term 1
017175 TIME S1 reset election timer to 1741915897108
017175 VOTE S1 (term 0) voted YES for 2 (term 1)
017175 LEAD S2 becomes leader for term 1
017175 TIME S0 reset election timer to 1741915897688
017175 VOTE S0 (term 0) voted YES for 2 (term 1)
017233 APP1 S2 (term 1) sending append (from 1 to 1) to 0
017233 APP1 S2 (term 1) sending append (from 1 to 1) to 1
labrpc.Service.dispatch(): unknown method AppendEntries in Raft.AppendEntries; expecting one of [ReceiveAppendEntries RequestVote]
exit status 1
FAIL	6.5840/raft1	1.725s
