000002 TIME S0 reset election timer to 1741915895756
000003 TIME S1 reset election timer to 1741915896021
000003 TIME S2 reset election timer to 1741915895737


CONNECTING 0



CONNECTING 1



CONNECTING 2

Test (3B): basic agreement (reliable network)...
015712 TIME S2 reset election timer to 1741915897512
015712 ELEC S2 starting election at 1741915895744
015713 ELEC S2 Starting election for term 1
015714 TIME S1 reset election timer to 1741915897571
015714 VOTE S1 (term 0) voted YES for 2 (term 1)
015714 LEAD S2 becomes leader for term 1
015715 TIME S0 reset election timer to 1741915897544
015715 VOTE S0 (term 0) voted YES for 2 (term 1)
016144 LEAD S2 sending heartbeat to 0
016145 LEAD S2 sending heartbeat to 1
016146 HERT S1 heartbeated from 2
016146 TIME S1 reset election timer to 1741915897571
016146 HERT S0 heartbeated from 2
016147 TIME S0 reset election timer to 1741915897620
016180 APP1 S2 (term 1) sending append (from 1 to 1) to 0
016180 APP1 S2 (term 1) sending append (from 1 to 1) to 1
labrpc.Service.dispatch(): unknown method AppendEntries in Raft.AppendEntries; expecting one of [ReceiveAppendEntries RequestVote]
exit status 1
FAIL	6.5840/raft1	1.620s
