000003 TIME S0 reset election timer to 1741915890623
000004 TIME S1 reset election timer to 1741915890591
000004 TIME S2 reset election timer to 1741915890494


CONNECTING 0



CONNECTING 1



CONNECTING 2

Test (3B): basic agreement (reliable network)...
019415 TIME S2 reset election timer to 1741915892548
019415 ELEC S2 starting election at 1741915890502
019415 ELEC S2 Starting election for term 1
019418 TIME S0 reset election timer to 1741915892352
019418 VOTE S0 (term 0) voted YES for 2 (term 1)
019418 TIME S1 reset election timer to 1741915892585
019418 VOTE S1 (term 0) voted YES for 2 (term 1)
019418 LEAD S2 becomes leader for term 1
019744 APP1 S2 (term 1) sending append (from 1 to 1) to 0
019744 APP1 S2 (term 1) sending append (from 1 to 1) to 1
labrpc.Service.dispatch(): unknown method AppendEntries in Raft.AppendEntries; expecting one of [ReceiveAppendEntries RequestVote]
exit status 1
FAIL	6.5840/raft1	1.976s
