000002 TIME S0 reset election timer to 1741915886103
000003 TIME S1 reset election timer to 1741915886199
000004 TIME S2 reset election timer to 1741915886348


CONNECTING 0



CONNECTING 1



CONNECTING 2

Test (3B): basic agreement (reliable network)...
016952 TIME S0 reset election timer to 1741915887821
016952 ELEC S0 starting election at 1741915886110
016952 ELEC S0 Starting election for term 1
016955 TIME S2 reset election timer to 1741915888105
016955 VOTE S2 (term 0) voted YES for 0 (term 1)
016955 TIME S1 reset election timer to 1741915888017
016955 VOTE S1 (term 0) voted YES for 0 (term 1)
016955 LEAD S0 becomes leader for term 1
017176 APP1 S0 (term 1) sending append (from 1 to 1) to 1
017176 APP1 S0 (term 1) sending append (from 1 to 1) to 2
labrpc.Service.dispatch(): unknown method AppendEntries in Raft.AppendEntries; expecting one of [ReceiveAppendEntries RequestVote]
labrpc.Service.dispatch(): unknown method AppendEntries in Raft.AppendEntries; expecting one of [ReceiveAppendEntries RequestVote]
exit status 1
FAIL	6.5840/raft1	1.719s
