000003 TIME S0 reset election timer to 1741915895749
000004 TIME S1 reset election timer to 1741915895714
000004 TIME S2 reset election timer to 1741915895743


CONNECTING 0



CONNECTING 1



CONNECTING 2

Test (3B): basic agreement (reliable network)...
019090 TIME S1 reset election timer to 1741915897756
019090 ELEC S1 starting election at 1741915895716
019090 ELEC S1 Starting election for term 1
019091 TIME S2 reset election timer to 1741915897673
019091 VOTE S2 (term 0) voted YES for 1 (term 1)
019092 LEAD S1 becomes leader for term 1
019092 TIME S0 reset election timer to 1741915897635
019092 VOTE S0 (term 0) voted YES for 1 (term 1)
019242 APP1 S1 (term 1) sending append (from 1 to 1) to 0
019242 APP1 S1 (term 1) sending append (from 1 to 1) to 2
labrpc.Service.dispatch(): unknown method AppendEntries in Raft.AppendEntries; expecting one of [ReceiveAppendEntries RequestVote]
exit status 1
FAIL	6.5840/raft1	1.926s
