000003 TIME S0 reset election timer to 1741915886316
000004 TIME S1 reset election timer to 1741915886623
000004 TIME S2 reset election timer to 1741915886578


CONNECTING 0



CONNECTING 1



CONNECTING 2

Test (3B): basic agreement (reliable network)...
018462 TIME S0 reset election timer to 1741915888416
018462 ELEC S0 starting election at 1741915886320
018462 ELEC S0 Starting election for term 1
018464 TIME S2 reset election timer to 1741915888322
018464 VOTE S2 (term 0) voted YES for 0 (term 1)
018464 LEAD S0 becomes leader for term 1
018465 TIME S1 reset election timer to 1741915887839
018465 VOTE S1 (term 0) voted YES for 0 (term 1)
018526 LEAD S0 sending heartbeat to 1
018526 LEAD S0 sending heartbeat to 2
018527 HERT S1 heartbeated from 0
018528 TIME S1 reset election timer to 1741915888280
018528 HERT S2 heartbeated from 0
018528 TIME S2 reset election timer to 1741915888322
018709 APP1 S0 (term 1) sending append (from 1 to 1) to 1
018710 APP1 S0 (term 1) sending append (from 1 to 1) to 2
labrpc.Service.dispatch(): unknown method AppendEntries in Raft.AppendEntries; expecting one of [ReceiveAppendEntries RequestVote]
exit status 1
FAIL	6.5840/raft1	1.873s
