000001 TIME S0 reset election timer to 1741915887340
000002 TIME S1 reset election timer to 1741915887378
000002 TIME S2 reset election timer to 1741915887207


CONNECTING 0



CONNECTING 1



CONNECTING 2

Test (3B): basic agreement (reliable network)...
019744 TIME S2 reset election timer to 1741915889120
019745 ELEC S2 starting election at 1741915887216
019745 ELEC S2 Starting election for term 1
019746 TIME S1 reset election timer to 1741915889290
019746 VOTE S1 (term 0) voted YES for 2 (term 1)
019746 LEAD S2 becomes leader for term 1
019747 TIME S0 reset election timer to 1741915889023
019747 VOTE S0 (term 0) voted YES for 2 (term 1)
019756 APP1 S2 (term 1) sending append (from 1 to 1) to 0
019756 APP1 S2 (term 1) sending append (from 1 to 1) to 1
labrpc.Service.dispatch(): unknown method AppendEntries in Raft.AppendEntries; expecting one of [RequestVote ReceiveAppendEntries]
labrpc.Service.dispatch(): unknown method AppendEntries in Raft.AppendEntries; expecting one of [ReceiveAppendEntries RequestVote]
exit status 1
FAIL	6.5840/raft1	1.977s
