000010 TIME S0 reset election timer to 1741915899815
000011 TIME S1 reset election timer to 1741915899990
000011 TIME S2 reset election timer to 1741915900242


CONNECTING 0



CONNECTING 1



CONNECTING 2

Test (3B): basic agreement (reliable network)...
016227 TIME S0 reset election timer to 1741915901881
016228 ELEC S0 starting election at 1741915899824
016228 ELEC S0 Starting election for term 1
016229 TIME S2 reset election timer to 1741915901482
016229 VOTE S2 (term 0) voted YES for 0 (term 1)
016230 LEAD S0 becomes leader for term 1
016230 TIME S1 reset election timer to 1741915901686
016230 VOTE S1 (term 0) voted YES for 0 (term 1)
016689 APP1 S0 (term 1) sending append (from 1 to 1) to 1
016690 APP1 S0 (term 1) sending append (from 1 to 1) to 2
labrpc.Service.dispatch(): unknown method AppendEntries in Raft.AppendEntries; expecting one of [ReceiveAppendEntries RequestVote]
exit status 1
FAIL	6.5840/raft1	1.671s
