000003 TIME S0 reset election timer to 1741915880337
000004 TIME S1 reset election timer to 1741915879872
000004 TIME S2 reset election timer to 1741915880221


CONNECTING 0



CONNECTING 1



CONNECTING 2

Test (3B): basic agreement (reliable network)...
015567 TIME S1 reset election timer to 1741915881779
015567 ELEC S1 starting election at 1741915879876
015567 ELEC S1 Starting election for term 1
015569 TIME S2 reset election timer to 1741915881721
015569 VOTE S2 (term 0) voted YES for 1 (term 1)
015569 LEAD S1 becomes leader for term 1
015569 TIME S0 reset election timer to 1741915881415
015569 VOTE S0 (term 0) voted YES for 1 (term 1)
015690 APP1 S1 (term 1) sending append (from 1 to 1) to 0
015690 APP1 S1 (term 1) sending append (from 1 to 1) to 2
labrpc.Service.dispatch(): unknown method AppendEntries in Raft.AppendEntries; expecting one of [ReceiveAppendEntries RequestVote]
labrpc.Service.dispatch(): unknown method AppendEntries in Raft.AppendEntries; expecting one of [RequestVote ReceiveAppendEntries]
exit status 1
FAIL	6.5840/raft1	1.571s
