000005 TIME S0 reset election timer to 1741915888579
000006 TIME S1 reset election timer to 1741915888337
000006 TIME S2 reset election timer to 1741915888537


CONNECTING 0



CONNECTING 1



CONNECTING 2

Test (3B): basic agreement (reliable network)...
018125 TIME S1 reset election timer to 1741915890114
018125 ELEC S1 starting election at 1741915888341
018125 ELEC S1 Starting election for term 1
018126 TIME S2 reset election timer to 1741915889888
018127 VOTE S2 (term 0) voted YES for 1 (term 1)
018127 LEAD S1 becomes leader for term 1
018127 TIME S0 reset election timer to 1741915890038
018127 VOTE S0 (term 0) voted YES for 1 (term 1)
018199 APP1 S1 (term 1) sending append (from 1 to 1) to 0
018199 APP1 S1 (term 1) sending append (from 1 to 1) to 2
labrpc.Service.dispatch(): unknown method AppendEntries in Raft.AppendEntries; expecting one of [RequestVote ReceiveAppendEntries]
exit status 1
FAIL	6.5840/raft1	1.822s
