000004 TIME S0 reset election timer to 1741915892461
000004 TIME S1 reset election timer to 1741915892286
000005 TIME S2 reset election timer to 1741915892670


CONNECTING 0



CONNECTING 1



CONNECTING 2

Test (3B): basic agreement (reliable network)...
015109 TIME S1 reset election timer to 1741915894383
015109 ELEC S1 starting election at 1741915892296
015109 ELEC S1 Starting election for term 1
015112 TIME S2 reset election timer to 1741915893832
015112 VOTE S2 (term 0) voted YES for 1 (term 1)
015112 LEAD S1 becomes leader for term 1
015112 TIME S0 reset election timer to 1741915893961
015112 VOTE S0 (term 0) voted YES for 1 (term 1)
015182 APP1 S1 (term 1) sending append (from 1 to 1) to 0
015182 APP1 S1 (term 1) sending append (from 1 to 1) to 2
labrpc.Service.dispatch(): unknown method AppendEntries in Raft.AppendEntries; expecting one of [ReceiveAppendEntries RequestVote]
exit status 1
FAIL	6.5840/raft1	1.520s
