000003 TIME S0 reset election timer to 1741915894807
000005 TIME S1 reset election timer to 1741915894882
000005 TIME S2 reset election timer to 1741915894513


CONNECTING 0



CONNECTING 1



CONNECTING 2

Test (3B): basic agreement (reliable network)...
016706 TIME S2 reset election timer to 1741915896489
016706 ELEC S2 starting election at 1741915894522
016706 ELEC S2 Starting election for term 1
016709 TIME S1 reset election timer to 1741915896626
016709 TIME S0 reset election timer to 1741915896508
016709 VOTE S0 (term 0) voted YES for 2 (term 1)
016710 LEAD S2 becomes leader for term 1
016709 VOTE S1 (term 0) voted YES for 2 (term 1)
016915 LEAD S2 sending heartbeat to 0
016916 LEAD S2 sending heartbeat to 1
016919 HERT S1 heartbeated from 2
016919 TIME S1 reset election timer to 1741915896626
016919 HERT S0 heartbeated from 2
016919 TIME S0 reset election timer to 1741915896508
017194 APP1 S2 (term 1) sending append (from 1 to 1) to 0
017194 APP1 S2 (term 1) sending append (from 1 to 1) to 1
labrpc.Service.dispatch(): unknown method AppendEntries in Raft.AppendEntries; expecting one of [ReceiveAppendEntries RequestVote]
exit status 1
FAIL	6.5840/raft1	1.721s
