000001 TIME S0 reset election timer to 1741915886979
000002 TIME S1 reset election timer to 1741915887482
000002 TIME S2 reset election timer to 1741915886954


CONNECTING 0



CONNECTING 1



CONNECTING 2

Test (3B): basic agreement (reliable network)...
015705 TIME S2 reset election timer to 1741915888713
015706 ELEC S2 starting election at 1741915886957
015706 ELEC S2 Starting election for term 1
015708 TIME S1 reset election timer to 1741915888763
015708 VOTE S1 (term 0) voted YES for 2 (term 1)
015708 LEAD S2 becomes leader for term 1
015708 TIME S0 reset election timer to 1741915888964
015708 VOTE S0 (term 0) voted YES for 2 (term 1)
016115 LEAD S2 sending heartbeat to 0
016115 LEAD S2 sending heartbeat to 1
016116 HERT S1 heartbeated from 2
016116 TIME S1 reset election timer to 1741915888763
016116 HERT S0 heartbeated from 2
016117 TIME S0 reset election timer to 1741915888964
016189 APP1 S2 (term 1) sending append (from 1 to 1) to 0
016189 APP1 S2 (term 1) sending append (from 1 to 1) to 1
labrpc.Service.dispatch(): unknown method AppendEntries in Raft.AppendEntries; expecting one of [ReceiveAppendEntries RequestVote]
exit status 1
FAIL	6.5840/raft1	1.621s
