000004 TIME S0 reset election timer to 1741915882475
000005 TIME S1 reset election timer to 1741915882016
000005 TIME S2 reset election timer to 1741915882341


CONNECTING 0



CONNECTING 1



CONNECTING 2

Test (3B): basic agreement (reliable network)...
015490 TIME S1 reset election timer to 1741915883767
015491 ELEC S1 starting election at 1741915882026
015491 ELEC S1 Starting election for term 1
015492 TIME S2 reset election timer to 1741915884084
015492 VOTE S2 (term 0) voted YES for 1 (term 1)
015493 LEAD S1 becomes leader for term 1
015493 TIME S0 reset election timer to 1741915883807
015493 VOTE S0 (term 0) voted YES for 1 (term 1)
015714 APP1 S1 (term 1) sending append (from 1 to 1) to 0
015715 APP1 S1 (term 1) sending append (from 1 to 1) to 2
labrpc.Service.dispatch(): unknown method AppendEntries in Raft.AppendEntries; expecting one of [ReceiveAppendEntries RequestVote]
labrpc.Service.dispatch(): unknown method AppendEntries in Raft.AppendEntries; expecting one of [ReceiveAppendEntries RequestVote]
exit status 1
FAIL	6.5840/raft1	1.573s
