000003 TIME S0 reset election timer to 1741915887406
000004 TIME S1 reset election timer to 1741915887414
000004 TIME S2 reset election timer to 1741915887422


CONNECTING 0



CONNECTING 1



CONNECTING 2

Test (3B): basic agreement (reliable network)...
018043 TIME S0 reset election timer to 1741915889027
018044 ELEC S0 starting election at 1741915887406
018044 ELEC S0 Starting election for term 1
018045 TIME S2 reset election timer to 1741915889188
018045 VOTE S2 (term 0) voted YES for 0 (term 1)
018045 TIME S1 reset election timer to 1741915889544
018045 VOTE S1 (term 0) voted YES for 0 (term 1)
018046 LEAD S0 becomes leader for term 1
018245 APP1 S0 (term 1) sending append (from 1 to 1) to 1
018245 APP1 S0 (term 1) sending append (from 1 to 1) to 2
labrpc.Service.dispatch(): unknown method AppendEntries in Raft.AppendEntries; expecting one of [ReceiveAppendEntries RequestVote]
exit status 1
FAIL	6.5840/raft1	1.826s
