000002 TIME S0 reset election timer to 1741915889523
000003 TIME S1 reset election timer to 1741915889382
000003 TIME S2 reset election timer to 1741915889174


CONNECTING 0



CONNECTING 1



CONNECTING 2

Test (3B): basic agreement (reliable network)...
015627 TIME S2 reset election timer to 1741915891163
015627 ELEC S2 starting election at 1741915889181
015627 ELEC S2 Starting election for term 1
015629 TIME S1 reset election timer to 1741915891081
015629 VOTE S1 (term 0) voted YES for 2 (term 1)
015629 LEAD S2 becomes leader for term 1
015629 TIME S0 reset election timer to 1741915891313
015629 VOTE S0 (term 0) voted YES for 2 (term 1)
015679 APP1 S2 (term 1) sending append (from 1 to 1) to 0
015680 APP1 S2 (term 1) sending append (from 1 to 1) to 1
labrpc.Service.dispatch(): unknown method AppendEntries in Raft.AppendEntries; expecting one of [ReceiveAppendEntries RequestVote]
exit status 1
FAIL	6.5840/raft1	1.570s
