000003 TIME S0 reset election timer to 1741915896352
000004 TIME S1 reset election timer to 1741915896818
000004 TIME S2 reset election timer to 1741915896829


CONNECTING 0



CONNECTING 1



CONNECTING 2

Test (3B): basic agreement (reliable network)...
016058 TIME S0 reset election timer to 1741915898452
016058 ELEC S0 starting election at 1741915896353
016058 ELEC S0 Starting election for term 1
016060 TIME S2 reset election timer to 1741915898309
016060 VOTE S2 (term 0) voted YES for 0 (term 1)
016060 LEAD S0 becomes leader for term 1
016060 TIME S1 reset election timer to 1741915898489
016060 VOTE S1 (term 0) voted YES for 0 (term 1)
016132 LEAD S0 sending heartbeat to 1
016133 LEAD S0 sending heartbeat to 2
016135 HERT S2 heartbeated from 0
016135 TIME S2 reset election timer to 1741915898483
016135 HERT S1 heartbeated from 0
016136 TIME S1 reset election timer to 1741915898505
016176 APP1 S0 (term 1) sending append (from 1 to 1) to 1
016177 APP1 S0 (term 1) sending append (from 1 to 1) to 2
labrpc.Service.dispatch(): unknown method AppendEntries in Raft.AppendEntries; expecting one of [RequestVote ReceiveAppendEntries]
exit status 1
FAIL	6.5840/raft1	1.620s
