000002 TIME S0 reset election timer to 1741915892502
000003 TIME S1 reset election timer to 1741915891992
000004 TIME S2 reset election timer to 1741915892298


CONNECTING 0



CONNECTING 1



CONNECTING 2

Test (3B): basic agreement (reliable network)...
015891 TIME S1 reset election timer to 1741915893922
015892 ELEC S1 starting election at 1741915891999
015892 ELEC S1 Starting election for term 1
015893 TIME S2 reset election timer to 1741915893766
015893 VOTE S2 (term 0) voted YES for 1 (term 1)
015894 LEAD S1 becomes leader for term 1
015895 TIME S0 reset election timer to 1741915893682
015895 VOTE S0 (term 0) voted YES for 1 (term 1)
016137 LEAD S1 sending heartbeat to 0
016137 LEAD S1 sending heartbeat to 2
016139 HERT S2 heartbeated from 1
016139 TIME S2 reset election timer to 1741915893766
016139 HERT S0 heartbeated from 1
016139 TIME S0 reset election timer to 1741915894031
016203 APP1 S1 (term 1) sending append (from 1 to 1) to 0
016203 APP1 S1 (term 1) sending append (from 1 to 1) to 2
labrpc.Service.dispatch(): unknown method AppendEntries in Raft.AppendEntries; expecting one of [ReceiveAppendEntries RequestVote]
labrpc.Service.dispatch(): unknown method AppendEntries in Raft.AppendEntries; expecting one of [ReceiveAppendEntries RequestVote]
exit status 1
FAIL	6.5840/raft1	1.622s
