000003 TIME S0 reset election timer to 1741915893627
000004 TIME S1 reset election timer to 1741915894070
000005 TIME S2 reset election timer to 1741915893650


CONNECTING 0



CONNECTING 1



CONNECTING 2

Test (3B): basic agreement (reliable network)...
016488 TIME S0 reset election timer to 1741915895757
016488 ELEC S0 starting election at 1741915893635
016488 ELEC S0 Starting election for term 1
016490 TIME S2 reset election timer to 1741915895604
016490 VOTE S2 (term 0) voted YES for 0 (term 1)
016490 LEAD S0 becomes leader for term 1
016490 TIME S1 reset election timer to 1741915895183
016491 VOTE S1 (term 0) voted YES for 0 (term 1)
016688 APP1 S0 (term 1) sending append (from 1 to 1) to 1
016689 APP1 S0 (term 1) sending append (from 1 to 1) to 2
labrpc.Service.dispatch(): unknown method AppendEntries in Raft.AppendEntries; expecting one of [ReceiveAppendEntries RequestVote]
exit status 1
FAIL	6.5840/raft1	1.670s
