000003 TIME S0 reset election timer to 1741915897833
000004 TIME S1 reset election timer to 1741915898020
000004 TIME S2 reset election timer to 1741915897748


CONNECTING 0



CONNECTING 1



CONNECTING 2

Test (3B): basic agreement (reliable network)...
015891 TIME S2 reset election timer to 1741915899439
015892 ELEC S2 starting election at 1741915897752
015892 ELEC S2 Starting election for term 1
015893 TIME S1 reset election timer to 1741915899598
015893 VOTE S1 (term 0) voted YES for 2 (term 1)
015893 LEAD S2 becomes leader for term 1
015894 TIME S0 reset election timer to 1741915899421
015894 VOTE S0 (term 0) voted YES for 2 (term 1)
016103 LEAD S2 sending heartbeat to 0
016103 LEAD S2 sending heartbeat to 1
016106 HERT S1 heartbeated from 2
016106 TIME S1 reset election timer to 1741915899794
016107 HERT S0 heartbeated from 2
016107 TIME S0 reset election timer to 1741915899490
016179 APP1 S2 (term 1) sending append (from 1 to 1) to 0
016180 APP1 S2 (term 1) sending append (from 1 to 1) to 1
labrpc.Service.dispatch(): unknown method AppendEntries in Raft.AppendEntries; expecting one of [ReceiveAppendEntries RequestVote]
labrpc.Service.dispatch(): unknown method AppendEntries in Raft.AppendEntries; expecting one of [ReceiveAppendEntries RequestVote]
exit status 1
FAIL	6.5840/raft1	1.620s
