000003 TIME S0 reset election timer to 1741915894096
000005 TIME S1 reset election timer to 1741915893630
000005 TIME S2 reset election timer to 1741915893763


CONNECTING 0



CONNECTING 1



CONNECTING 2

Test (3B): basic agreement (reliable network)...
016670 TIME S1 reset election timer to 1741915895140
016670 ELEC S1 starting election at 1741915893637
016670 ELEC S1 Starting election for term 1
016672 TIME S2 reset election timer to 1741915895776
016672 VOTE S2 (term 0) voted YES for 1 (term 1)
016672 LEAD S1 becomes leader for term 1
016672 TIME S0 reset election timer to 1741915895269
016672 VOTE S0 (term 0) voted YES for 1 (term 1)
016713 APP1 S1 (term 1) sending append (from 1 to 1) to 0
016713 APP1 S1 (term 1) sending append (from 1 to 1) to 2
labrpc.Service.dispatch(): unknown method AppendEntries in Raft.AppendEntries; expecting one of [ReceiveAppendEntries RequestVote]
labrpc.Service.dispatch(): unknown method AppendEntries in Raft.AppendEntries; expecting one of [ReceiveAppendEntries RequestVote]
exit status 1
FAIL	6.5840/raft1	1.673s
