000001 TIME S0 reset election timer to 1741915898241
000002 TIME S1 reset election timer to 1741915898691
000002 TIME S2 reset election timer to 1741915898070


CONNECTING 0



CONNECTING 1



CONNECTING 2

Test (3B): basic agreement (reliable network)...
015266 TIME S2 reset election timer to 1741915900028
015267 ELEC S2 starting election at 1741915898073
015267 ELEC S2 Starting election for term 1
015268 TIME S1 reset election timer to 1741915899972
015268 VOTE S1 (term 0) voted YES for 2 (term 1)
015269 LEAD S2 becomes leader for term 1
015269 TIME S0 reset election timer to 1741915899850
015269 VOTE S0 (term 0) voted YES for 2 (term 1)
015312 LEAD S2 sending heartbeat to 0
015312 LEAD S2 sending heartbeat to 1
015313 HERT S1 heartbeated from 2
015313 TIME S1 reset election timer to 1741915899972
015314 HERT S0 heartbeated from 2
015314 TIME S0 reset election timer to 1741915899850
015666 APP1 S2 (term 1) sending append (from 1 to 1) to 0
015666 APP1 S2 (term 1) sending append (from 1 to 1) to 1
labrpc.Service.dispatch(): unknown method AppendEntries in Raft.AppendEntries; expecting one of [RequestVote ReceiveAppendEntries]
labrpc.Service.dispatch(): unknown method AppendEntries in Raft.AppendEntries; expecting one of [ReceiveAppendEntries RequestVote]
exit status 1
FAIL	6.5840/raft1	1.571s
