000001 TIME S0 reset election timer to 1741915881549
000002 TIME S1 reset election timer to 1741915881565
000002 TIME S2 reset election timer to 1741915881281


CONNECTING 0



CONNECTING 1



CONNECTING 2

Test (3B): basic agreement (reliable network)...
017026 TIME S2 reset election timer to 1741915882908
017026 ELEC S2 starting election at 1741915881286
017026 ELEC S2 Starting election for term 1
017029 TIME S1 reset election timer to 1741915883209
017029 VOTE S1 (term 0) voted YES for 2 (term 1)
017030 LEAD S2 becomes leader for term 1
017030 TIME S0 reset election timer to 1741915883119
017030 VOTE S0 (term 0) voted YES for 2 (term 1)
017212 APP1 S2 (term 1) sending append (from 1 to 1) to 0
017213 APP1 S2 (term 1) sending append (from 1 to 1) to 1
labrpc.Service.dispatch(): unknown method AppendEntries in Raft.AppendEntries; expecting one of [RequestVote ReceiveAppendEntries]
exit status 1
FAIL	6.5840/raft1	1.723s
