000002 TIME S0 reset election timer to 1741915883632
000003 TIME S1 reset election timer to 1741915883245
000003 TIME S2 reset election timer to 1741915883444


CONNECTING 0



CONNECTING 1



CONNECTING 2

Test (3B): basic agreement (reliable network)...
017643 TIME S1 reset election timer to 1741915884933
017644 ELEC S1 starting election at 1741915883248
017644 ELEC S1 Starting election for term 1
017645 TIME S2 reset election timer to 1741915885253
017645 VOTE S2 (term 0) voted YES for 1 (term 1)
017646 LEAD S1 becomes leader for term 1
017646 TIME S0 reset election timer to 1741915885395
017646 VOTE S0 (term 0) voted YES for 1 (term 1)
017706 LEAD S1 sending heartbeat to 0
017707 LEAD S1 sending heartbeat to 2
017707 APP1 S1 (term 1) sending append (from 1 to 1) to 0
017707 APP1 S1 (term 1) sending append (from 1 to 1) to 2
labrpc.Service.dispatch(): unknown method AppendEntries in Raft.AppendEntries; expecting one of [ReceiveAppendEntries RequestVote]
017708 HERT S0 heartbeated from 1
017709 TIME S0 reset election timer to 1741915885395
exit status 1
FAIL	6.5840/raft1	1.772s
