000003 TIME S0 reset election timer to 1741915897831
000004 TIME S1 reset election timer to 1741915897544
000004 TIME S2 reset election timer to 1741915897734


CONNECTING 0



CONNECTING 1



CONNECTING 2

Test (3B): basic agreement (reliable network)...
015558 TIME S1 reset election timer to 1741915899066
015559 ELEC S1 starting election at 1741915897550
015559 ELEC S1 Starting election for term 1
015560 TIME S2 reset election timer to 1741915899118
015560 VOTE S2 (term 0) voted YES for 1 (term 1)
015560 TIME S0 reset election timer to 1741915899271
015560 VOTE S0 (term 0) voted YES for 1 (term 1)
015561 LEAD S1 becomes leader for term 1
015664 APP1 S1 (term 1) sending append (from 1 to 1) to 0
015664 APP1 S1 (term 1) sending append (from 1 to 1) to 2
labrpc.Service.dispatch(): unknown method AppendEntries in Raft.AppendEntries; expecting one of [ReceiveAppendEntries RequestVote]
exit status 1
FAIL	6.5840/raft1	1.569s
