000006 TIME S0 reset election timer to 1741915883469
000007 TIME S1 reset election timer to 1741915883755
000007 TIME S2 reset election timer to 1741915883736


CONNECTING 0



CONNECTING 1



CONNECTING 2

Test (3B): basic agreement (reliable network)...
016579 TIME S0 reset election timer to 1741915885172
016580 ELEC S0 starting election at 1741915883473
016580 ELEC S0 Starting election for term 1
016582 TIME S2 reset election timer to 1741915885515
016582 VOTE S2 (term 0) voted YES for 0 (term 1)
016582 LEAD S0 becomes leader for term 1
016583 TIME S1 reset election timer to 1741915885593
016583 VOTE S1 (term 0) voted YES for 0 (term 1)
016717 APP1 S0 (term 1) sending append (from 1 to 1) to 1
016718 APP1 S0 (term 1) sending append (from 1 to 1) to 2
labrpc.Service.dispatch(): unknown method AppendEntries in Raft.AppendEntries; expecting one of [RequestVote ReceiveAppendEntries]
exit status 1
FAIL	6.5840/raft1	1.674s
