000003 TIME S0 reset election timer to 1741915894613
000004 TIME S1 reset election timer to 1741915894403
000004 TIME S2 reset election timer to 1741915894518


CONNECTING 0



CONNECTING 1



CONNECTING 2

Test (3B): basic agreement (reliable network)...
018124 TIME S1 reset election timer to 1741915896525
018124 ELEC S1 starting election at 1741915894413
018124 ELEC S1 Starting election for term 1
018126 TIME S2 reset election timer to 1741915896522
018126 VOTE S2 (term 0) voted YES for 1 (term 1)
018126 LEAD S1 becomes leader for term 1
018126 TIME S0 reset election timer to 1741915896284
018127 VOTE S0 (term 0) voted YES for 1 (term 1)
018216 APP1 S1 (term 1) sending append (from 1 to 1) to 0
018217 APP1 S1 (term 1) sending append (from 1 to 1) to 2
labrpc.Service.dispatch(): unknown method AppendEntries in Raft.AppendEntries; expecting one of [ReceiveAppendEntries RequestVote]
labrpc.Service.dispatch(): unknown method AppendEntries in Raft.AppendEntries; expecting one of [RequestVote ReceiveAppendEntries]
exit status 1
FAIL	6.5840/raft1	1.823s
