000002 TIME S0 reset election timer to 1741915900308
000003 TIME S1 reset election timer to 1741915900183
000003 TIME S2 reset election timer to 1741915900717


CONNECTING 0



CONNECTING 1



CONNECTING 2

Test (3B): basic agreement (reliable network)...
015732 TIME S1 reset election timer to 1741915902308
015732 ELEC S1 starting election at 1741915900193
015732 ELEC S1 Starting election for term 1
015734 TIME S2 reset election timer to 1741915901826
015734 VOTE S2 (term 0) voted YES for 1 (term 1)
015734 LEAD S1 becomes leader for term 1
015734 TIME S0 reset election timer to 1741915901728
015734 VOTE S0 (term 0) voted YES for 1 (term 1)
016122 LEAD S1 sending heartbeat to 0
016122 LEAD S1 sending heartbeat to 2
016123 HERT S0 heartbeated from 1
016124 TIME S0 reset election timer to 1741915902062
016124 HERT S2 heartbeated from 1
016124 TIME S2 reset election timer to 1741915902214
016189 APP1 S1 (term 1) sending append (from 1 to 1) to 0
016189 APP1 S1 (term 1) sending append (from 1 to 1) to 2
labrpc.Service.dispatch(): unknown method AppendEntries in Raft.AppendEntries; expecting one of [ReceiveAppendEntries RequestVote]
exit status 1
FAIL	6.5840/raft1	1.620s
