000003 TIME S0 reset election timer to 1741915885120
000004 TIME S1 reset election timer to 1741915884757
000005 TIME S2 reset election timer to 1741915885027


CONNECTING 0



CONNECTING 1



CONNECTING 2

Test (3B): basic agreement (reliable network)...
017072 TIME S1 reset election timer to 1741915886863
017073 ELEC S1 starting election at 1741915884767
017073 ELEC S1 Starting election for term 1
017074 TIME S2 reset election timer to 1741915886909
017074 VOTE S2 (term 0) voted YES for 1 (term 1)
017074 TIME S0 reset election timer to 1741915886872
017075 VOTE S0 (term 0) voted YES for 1 (term 1)
017075 LEAD S1 becomes leader for term 1
017234 APP1 S1 (term 1) sending append (from 1 to 1) to 0
017234 APP1 S1 (term 1) sending append (from 1 to 1) to 2
labrpc.Service.dispatch(): unknown method AppendEntries in Raft.AppendEntries; expecting one of [ReceiveAppendEntries RequestVote]
exit status 1
FAIL	6.5840/raft1	1.725s
