000003 TIME S0 reset election timer to 1741915882735
000004 TIME S1 reset election timer to 1741915882625
000004 TIME S2 reset election timer to 1741915882371


CONNECTING 0



CONNECTING 1



CONNECTING 2

Test (3B): basic agreement (reliable network)...
015565 TIME S2 reset election timer to 1741915884430
015565 ELEC S2 starting election at 1741915882373
015565 ELEC S2 Starting election for term 1
015568 TIME S1 reset election timer to 1741915884233
015568 VOTE S1 (term 0) voted YES for 2 (term 1)
015569 LEAD S2 becomes leader for term 1
015569 TIME S0 reset election timer to 1741915883937
015569 VOTE S0 (term 0) voted YES for 2 (term 1)
015686 APP1 S2 (term 1) sending append (from 1 to 1) to 0
015687 APP1 S2 (term 1) sending append (from 1 to 1) to 1
labrpc.Service.dispatch(): unknown method AppendEntries in Raft.AppendEntries; expecting one of [ReceiveAppendEntries RequestVote]
exit status 1
FAIL	6.5840/raft1	1.570s
