000004 TIME S0 reset election timer to 1741915893016
000005 TIME S1 reset election timer to 1741915893177
000006 TIME S2 reset election timer to 1741915893043


CONNECTING 0



CONNECTING 1



CONNECTING 2

Test (3B): basic agreement (reliable network)...
017619 TIME S0 reset election timer to 1741915894945
017620 ELEC S0 starting election at 1741915893020
017620 ELEC S0 Starting election for term 1
017621 TIME S2 reset election timer to 1741915894739
017621 VOTE S2 (term 0) voted YES for 0 (term 1)
017621 TIME S1 reset election timer to 1741915894560
017621 VOTE S1 (term 0) voted YES for 0 (term 1)
017622 LEAD S0 becomes leader for term 1
017728 APP1 S0 (term 1) sending append (from 1 to 1) to 1
017728 APP1 S0 (term 1) sending append (from 1 to 1) to 2
labrpc.Service.dispatch(): unknown method AppendEntries in Raft.AppendEntries; expecting one of [ReceiveAppendEntries RequestVote]
exit status 1
FAIL	6.5840/raft1	1.774s
