000002 TIME S0 reset election timer to 1741915891319
000003 TIME S1 reset election timer to 1741915891038
000003 TIME S2 reset election timer to 1741915891185


CONNECTING 0



CONNECTING 1



CONNECTING 2

Test (3B): basic agreement (reliable network)...
017945 TIME S1 reset election timer to 1741915892976
017945 ELEC S1 starting election at 1741915891048
017945 ELEC S1 Starting election for term 1
017947 TIME S2 reset election timer to 1741915892914
017947 VOTE S2 (term 0) voted YES for 1 (term 1)
017947 LEAD S1 becomes leader for term 1
017948 TIME S0 reset election timer to 1741915892989
017948 VOTE S0 (term 0) voted YES for 1 (term 1)
018189 APP1 S1 (term 1) sending append (from 1 to 1) to 0
018189 APP1 S1 (term 1) sending append (from 1 to 1) to 2
labrpc.Service.dispatch(): unknown method AppendEntries in Raft.AppendEntries; expecting one of [ReceiveAppendEntries RequestVote]
exit status 1
FAIL	6.5840/raft1	1.821s
