000001 TIME S0 reset election timer to 1741915899479
000002 TIME S1 reset election timer to 1741915899640
000002 TIME S2 reset election timer to 1741915899563


CONNECTING 0



CONNECTING 1



CONNECTING 2

Test (3B): basic agreement (reliable network)...
015407 TIME S0 reset election timer to 1741915901085
015407 ELEC S0 starting election at 1741915899489
015407 ELEC S0 Starting election for term 1
015408 TIME S2 reset election timer to 1741915901034
015408 VOTE S2 (term 0) voted YES for 0 (term 1)
015409 LEAD S0 becomes leader for term 1
015409 TIME S1 reset election timer to 1741915901173
015409 VOTE S1 (term 0) voted YES for 0 (term 1)
015697 APP1 S0 (term 1) sending append (from 1 to 1) to 1
015697 APP1 S0 (term 1) sending append (from 1 to 1) to 2
labrpc.Service.dispatch(): unknown method AppendEntries in Raft.AppendEntries; expecting one of [ReceiveAppendEntries RequestVote]
exit status 1
FAIL	6.5840/raft1	1.571s
