000001 TIME S0 reset election timer to 1741915890220
000002 TIME S1 reset election timer to 1741915890628
000002 TIME S2 reset election timer to 1741915890633


CONNECTING 0



CONNECTING 1



CONNECTING 2

Test (3B): basic agreement (reliable network)...
016436 TIME S0 reset election timer to 1741915891892
016436 ELEC S0 starting election at 1741915890222
016436 ELEC S0 Starting election for term 1
016440 TIME S2 reset election timer to 1741915891934
016440 VOTE S2 (term 0) voted YES for 0 (term 1)
016440 TIME S1 reset election timer to 1741915892345
016440 VOTE S1 (term 0) voted YES for 0 (term 1)
016440 LEAD S0 becomes leader for term 1
016706 APP1 S0 (term 1) sending append (from 1 to 1) to 1
016706 APP1 S0 (term 1) sending append (from 1 to 1) to 2
labrpc.Service.dispatch(): unknown method AppendEntries in Raft.AppendEntries; expecting one of [RequestVote ReceiveAppendEntries]
exit status 1
FAIL	6.5840/raft1	1.672s
