000002 TIME S0 reset election timer to 1741915889165
000003 TIME S1 reset election timer to 1741915888859
000003 TIME S2 reset election timer to 1741915888659


CONNECTING 0



CONNECTING 1



CONNECTING 2

Test (3B): basic agreement (reliable network)...
016355 TIME S2 reset election timer to 1741915890552
016356 ELEC S2 starting election at 1741915888662
016356 ELEC S2 Starting election for term 1
016357 TIME S1 reset election timer to 1741915890503
016357 VOTE S1 (term 0) voted YES for 2 (term 1)
016358 TIME S0 reset election timer to 1741915890652
016358 VOTE S0 (term 0) voted YES for 2 (term 1)
016358 LEAD S2 becomes leader for term 1
016717 APP1 S2 (term 1) sending append (from 1 to 1) to 0
016717 APP1 S2 (term 1) sending append (from 1 to 1) to 1
labrpc.Service.dispatch(): unknown method AppendEntries in Raft.AppendEntries; expecting one of [RequestVote ReceiveAppendEntries]
exit status 1
FAIL	6.5840/raft1	1.674s
