000003 TIME S0 reset election timer to 1741915880730
000004 TIME S1 reset election timer to 1741915880617
000004 TIME S2 reset election timer to 1741915880639


CONNECTING 0



CONNECTING 1



CONNECTING 2

Test (3B): basic agreement (reliable network)...
019073 TIME S1 reset election timer to 1741915882344
019073 ELEC S1 starting election at 1741915880626
019073 ELEC S1 Starting election for term 1
019077 TIME S2 reset election timer to 1741915882332
019077 VOTE S2 (term 0) voted YES for 1 (term 1)
019078 TIME S0 reset election timer to 1741915882468
019078 VOTE S0 (term 0) voted YES for 1 (term 1)
019079 LEAD S1 becomes leader for term 1
019253 APP1 S1 (term 1) sending append (from 1 to 1) to 0
019254 APP1 S1 (term 1) sending append (from 1 to 1) to 2
labrpc.Service.dispatch(): unknown method AppendEntries in Raft.AppendEntries; expecting one of [ReceiveAppendEntries RequestVote]
exit status 1
FAIL	6.5840/raft1	1.928s
