000001 TIME S0 reset election timer to 1741915882925
000002 TIME S1 reset election timer to 1741915882849
000002 TIME S2 reset election timer to 1741915882834


CONNECTING 0



CONNECTING 1



CONNECTING 2

Test (3B): basic agreement (reliable network)...
016290 TIME S2 reset election timer to 1741915884839
016290 ELEC S2 starting election at 1741915882836
016290 ELEC S2 Starting election for term 1
016292 TIME S1 reset election timer to 1741915884963
016292 VOTE S1 (term 0) voted YES for 2 (term 1)
016292 LEAD S2 becomes leader for term 1
016293 TIME S0 reset election timer to 1741915884508
016293 VOTE S0 (term 0) voted YES for 2 (term 1)
016746 APP1 S2 (term 1) sending append (from 1 to 1) to 0
016746 APP1 S2 (term 1) sending append (from 1 to 1) to 1
labrpc.Service.dispatch(): unknown method AppendEntries in Raft.AppendEntries; expecting one of [RequestVote ReceiveAppendEntries]
exit status 1
FAIL	6.5840/raft1	1.677s
