000001 TIME S0 reset election timer to 1741915900301
000002 TIME S1 reset election timer to 1741915900214
000002 TIME S2 reset election timer to 1741915899926


CONNECTING 0



CONNECTING 1



CONNECTING 2

Test (3B): basic agreement (reliable network)...
016472 TIME S2 reset election timer to 1741915901761
016473 ELEC S2 starting election at 1741915899930
016473 ELEC S2 Starting election for term 1
016474 TIME S0 reset election timer to 1741915901953
016474 TIME S1 reset election timer to 1741915901449
016474 VOTE S0 (term 0) voted YES for 2 (term 1)
016474 VOTE S1 (term 0) voted YES for 2 (term 1)
016474 LEAD S2 becomes leader for term 1
016738 APP1 S2 (term 1) sending append (from 1 to 1) to 0
016738 APP1 S2 (term 1) sending append (from 1 to 1) to 1
labrpc.Service.dispatch(): unknown method AppendEntries in Raft.AppendEntries; expecting one of [ReceiveAppendEntries RequestVote]
exit status 1
FAIL	6.5840/raft1	1.676s
