000003 TIME S0 reset election timer to 1741915896502
000004 TIME S1 reset election timer to 1741915896541
000004 TIME S2 reset election timer to 1741915895979


CONNECTING 0



CONNECTING 1



CONNECTING 2

Test (3B): basic agreement (reliable network)...
015666 TIME S2 reset election timer to 1741915897904
015666 ELEC S2 starting election at 1741915895990
015666 ELEC S2 Starting election for term 1
015668 TIME S1 reset election timer to 1741915897594
015668 VOTE S1 (term 0) voted YES for 2 (term 1)
015668 LEAD S2 becomes leader for term 1
015669 TIME S0 reset election timer to 1741915898069
015669 VOTE S0 (term 0) voted YES for 2 (term 1)
015688 APP1 S2 (term 1) sending append (from 1 to 1) to 0
015689 APP1 S2 (term 1) sending append (from 1 to 1) to 1
labrpc.Service.dispatch(): unknown method AppendEntries in Raft.AppendEntries; expecting one of [ReceiveAppendEntries RequestVote]
exit status 1
FAIL	6.5840/raft1	1.571s
