000004 TIME S0 reset election timer to 1741915892345
000005 TIME S1 reset election timer to 1741915892095
000005 TIME S2 reset election timer to 1741915891768


CONNECTING 0



CONNECTING 1



CONNECTING 2

Test (3B): basic agreement (reliable network)...
015558 TIME S2 reset election timer to 1741915893311
015558 ELEC S2 starting election at 1741915891776
015558 ELEC S2 Starting election for term 1
015560 TIME S1 reset election timer to 1741915893705
015560 TIME S0 reset election timer to 1741915893825
015560 VOTE S0 (term 0) voted YES for 2 (term 1)
015561 LEAD S2 becomes leader for term 1
015560 VOTE S1 (term 0) voted YES for 2 (term 1)
015654 APP1 S2 (term 1) sending append (from 1 to 1) to 0
015655 APP1 S2 (term 1) sending append (from 1 to 1) to 1
labrpc.Service.dispatch(): unknown method AppendEntries in Raft.AppendEntries; expecting one of [ReceiveAppendEntries RequestVote]
exit status 1
FAIL	6.5840/raft1	1.567s
