000001 TIME S0 reset election timer to 1741915898929
000002 TIME S1 reset election timer to 1741915899122
000002 TIME S2 reset election timer to 1741915898922


CONNECTING 0



CONNECTING 1



CONNECTING 2

Test (3B): basic agreement (reliable network)...
017315 TIME S2 reset election timer to 1741915900995
017315 ELEC S2 starting election at 1741915898922
017315 ELEC S2 Starting election for term 1
017316 TIME S1 reset election timer to 1741915900677
017316 VOTE S1 (term 0) voted YES for 2 (term 1)
017316 TIME S0 reset election timer to 1741915900843
017317 VOTE S0 (term 0) voted YES for 2 (term 1)
017317 LEAD S2 becomes leader for term 1
017694 APP1 S2 (term 1) sending append (from 1 to 1) to 0
017694 APP1 S2 (term 1) sending append (from 1 to 1) to 1
labrpc.Service.dispatch(): unknown method AppendEntries in Raft.AppendEntries; expecting one of [ReceiveAppendEntries RequestVote]
exit status 1
FAIL	6.5840/raft1	1.771s
