000002 TIME S0 reset election timer to 1741915884623
000002 TIME S1 reset election timer to 1741915884645
000003 TIME S2 reset election timer to 1741915884486


CONNECTING 0



CONNECTING 1



CONNECTING 2

Test (3B): basic agreement (reliable network)...
018620 TIME S2 reset election timer to 1741915886177
018620 ELEC S2 starting election at 1741915884488
018620 ELEC S2 Starting election for term 1
018622 TIME S1 reset election timer to 1741915886476
018622 VOTE S1 (term 0) voted YES for 2 (term 1)
018622 LEAD S2 becomes leader for term 1
018622 TIME S0 reset election timer to 1741915886540
018623 VOTE S0 (term 0) voted YES for 2 (term 1)
018706 APP1 S2 (term 1) sending append (from 1 to 1) to 0
018706 APP1 S2 (term 1) sending append (from 1 to 1) to 1
labrpc.Service.dispatch(): unknown method AppendEntries in Raft.AppendEntries; expecting one of [RequestVote ReceiveAppendEntries]
exit status 1
FAIL	6.5840/raft1	1.873s
