000001 TIME S0 reset election timer to 1741915898024
000002 TIME S1 reset election timer to 1741915898527
000002 TIME S2 reset election timer to 1741915898061


CONNECTING 0



CONNECTING 1



CONNECTING 2

Test (3B): basic agreement (reliable network)...
015849 TIME S0 reset election timer to 1741915899825
015849 ELEC S0 starting election at 1741915898034
015849 ELEC S0 Starting election for term 1
015850 TIME S2 reset election timer to 1741915899958
015850 VOTE S2 (term 0) voted YES for 0 (term 1)
015851 LEAD S0 becomes leader for term 1
015851 TIME S1 reset election timer to 1741915899742
015851 VOTE S1 (term 0) voted YES for 0 (term 1)
016133 LEAD S0 sending heartbeat to 1
016134 LEAD S0 sending heartbeat to 2
016135 HERT S2 heartbeated from 0
016135 HERT S1 heartbeated from 0
016135 TIME S2 reset election timer to 1741915899958
016135 TIME S1 reset election timer to 1741915899974
016184 APP1 S0 (term 1) sending append (from 1 to 1) to 1
016185 APP1 S0 (term 1) sending append (from 1 to 1) to 2
labrpc.Service.dispatch(): unknown method AppendEntries in Raft.AppendEntries; expecting one of [ReceiveAppendEntries RequestVote]
exit status 1
FAIL	6.5840/raft1	1.620s
