000003 TIME S0 reset election timer to 1741915888668
000004 TIME S1 reset election timer to 1741915888435
000004 TIME S2 reset election timer to 1741915888363


CONNECTING 0



CONNECTING 1



CONNECTING 2

Test (3B): basic agreement (reliable network)...
018494 TIME S2 reset election timer to 1741915890416
018494 ELEC S2 starting election at 1741915888370
018494 ELEC S2 Starting election for term 1
018496 TIME S0 reset election timer to 1741915890000
018496 VOTE S0 (term 0) voted YES for 2 (term 1)
018496 LEAD S2 becomes leader for term 1
018496 TIME S1 reset election timer to 1741915889954
018496 VOTE S1 (term 0) voted YES for 2 (term 1)
018559 LEAD S2 sending heartbeat to 0
018559 LEAD S2 sending heartbeat to 1
018560 HERT S1 heartbeated from 2
018560 TIME S1 reset election timer to 1741915889954
018561 HERT S0 heartbeated from 2
018561 TIME S0 reset election timer to 1741915890358
018701 APP1 S2 (term 1) sending append (from 1 to 1) to 0
018701 APP1 S2 (term 1) sending append (from 1 to 1) to 1
labrpc.Service.dispatch(): unknown method AppendEntries in Raft.AppendEntries; expecting one of [ReceiveAppendEntries RequestVote]
exit status 1
FAIL	6.5840/raft1	1.872s
