000003 TIME S0 reset election timer to 1741915901710
000003 TIME S1 reset election timer to 1741915901480
000004 TIME S2 reset election timer to 1741915901211


CONNECTING 0



CONNECTING 1



CONNECTING 2

Test (3B): basic agreement (reliable network)...
015176 TIME S2 reset election timer to 1741915903262
015177 ELEC S2 starting election at 1741915901217
015177 ELEC S2 Starting election for term 1
015178 TIME S1 reset election timer to 1741915903177
015178 VOTE S1 (term 0) voted YES for 2 (term 1)
015179 LEAD S2 becomes leader for term 1
015179 TIME S0 reset election timer to 1741915902739
015179 VOTE S0 (term 0) voted YES for 2 (term 1)
015208 APP1 S2 (term 1) sending append (from 1 to 1) to 0
015208 APP1 S2 (term 1) sending append (from 1 to 1) to 1
labrpc.Service.dispatch(): unknown method AppendEntries in Raft.AppendEntries; expecting one of [ReceiveAppendEntries RequestVote]
exit status 1
FAIL	6.5840/raft1	1.522s
