000001 TIME S0 reset election timer to 1741915891957
000002 TIME S1 reset election timer to 1741915891866
000002 TIME S2 reset election timer to 1741915891766


CONNECTING 0



CONNECTING 1



CONNECTING 2

Test (3B): basic agreement (reliable network)...
018063 TIME S2 reset election timer to 1741915893427
018063 ELEC S2 starting election at 1741915891776
018063 ELEC S2 Starting election for term 1
018065 TIME S1 reset election timer to 1741915893280
018066 VOTE S1 (term 0) voted YES for 2 (term 1)
018066 TIME S0 reset election timer to 1741915893373
018066 VOTE S0 (term 0) voted YES for 2 (term 1)
018066 LEAD S2 becomes leader for term 1
018243 APP1 S2 (term 1) sending append (from 1 to 1) to 0
018243 APP1 S2 (term 1) sending append (from 1 to 1) to 1
labrpc.Service.dispatch(): unknown method AppendEntries in Raft.AppendEntries; expecting one of [ReceiveAppendEntries RequestVote]
exit status 1
FAIL	6.5840/raft1	1.826s
