000001 TIME S0 reset election timer to 1741915889196
000003 TIME S1 reset election timer to 1741915889250
000003 TIME S2 reset election timer to 1741915888879


CONNECTING 0



CONNECTING 1



CONNECTING 2

Test (3B): basic agreement (reliable network)...
016929 TIME S2 reset election timer to 1741915890568
016929 ELEC S2 starting election at 1741915888887
016929 ELEC S2 Starting election for term 1
016931 TIME S1 reset election timer to 1741915890807
016931 VOTE S1 (term 0) voted YES for 2 (term 1)
016931 LEAD S2 becomes leader for term 1
016932 TIME S0 reset election timer to 1741915890859
016932 VOTE S0 (term 0) voted YES for 2 (term 1)
016955 LEAD S2 sending heartbeat to 0
016955 LEAD S2 sending heartbeat to 1
016956 HERT S1 heartbeated from 2
016956 TIME S1 reset election timer to 1741915890818
016956 HERT S0 heartbeated from 2
016957 TIME S0 reset election timer to 1741915890903
017208 APP1 S2 (term 1) sending append (from 1 to 1) to 0
017208 APP1 S2 (term 1) sending append (from 1 to 1) to 1
labrpc.Service.dispatch(): unknown method AppendEntries in Raft.AppendEntries; expecting one of [ReceiveAppendEntries RequestVote]
exit status 1
FAIL	6.5840/raft1	1.723s
