000003 TIME S0 reset election timer to 1741915884499
000004 TIME S1 reset election timer to 1741915884292
000004 TIME S2 reset election timer to 1741915884342


CONNECTING 0



CONNECTING 1



CONNECTING 2

Test (3B): basic agreement (reliable network)...
018145 TIME S1 reset election timer to 1741915886070
018145 ELEC S1 starting election at 1741915884296
018145 ELEC S1 Starting election for term 1
018147 TIME S2 reset election timer to 1741915886344
018147 VOTE S2 (term 0) voted YES for 1 (term 1)
018147 LEAD S1 becomes leader for term 1
018148 TIME S0 reset election timer to 1741915886137
018148 VOTE S0 (term 0) voted YES for 1 (term 1)
018207 APP1 S1 (term 1) sending append (from 1 to 1) to 0
018208 APP1 S1 (term 1) sending append (from 1 to 1) to 2
labrpc.Service.dispatch(): unknown method AppendEntries in Raft.AppendEntries; expecting one of [ReceiveAppendEntries RequestVote]
exit status 1
FAIL	6.5840/raft1	1.823s
