000002 TIME S0 reset election timer to 1741915897829
000003 TIME S1 reset election timer to 1741915897492
000003 TIME S2 reset election timer to 1741915897571


CONNECTING 0



CONNECTING 1



CONNECTING 2

Test (3B): basic agreement (reliable network)...
015543 TIME S1 reset election timer to 1741915899157
015544 ELEC S1 starting election at 1741915897500
015544 ELEC S1 Starting election for term 1
015546 TIME S2 reset election timer to 1741915899246
015546 VOTE S2 (term 0) voted YES for 1 (term 1)
015547 LEAD S1 becomes leader for term 1
015547 TIME S0 reset election timer to 1741915899081
015547 VOTE S0 (term 0) voted YES for 1 (term 1)
015687 APP1 S1 (term 1) sending append (from 1 to 1) to 0
015688 APP1 S1 (term 1) sending append (from 1 to 1) to 2
labrpc.Service.dispatch(): unknown method AppendEntries in Raft.AppendEntries; expecting one of [ReceiveAppendEntries RequestVote]
exit status 1
FAIL	6.5840/raft1	1.571s
