000003 TIME S0 reset election timer to 1741915896685
000004 TIME S1 reset election timer to 1741915896451
000004 TIME S2 reset election timer to 1741915896321


CONNECTING 0



CONNECTING 1



CONNECTING 2

Test (3B): basic agreement (reliable network)...
017032 TIME S2 reset election timer to 1741915898343
017033 ELEC S2 starting election at 1741915896323
017033 ELEC S2 Starting election for term 1
017034 TIME S1 reset election timer to 1741915898193
017034 VOTE S1 (term 0) voted YES for 2 (term 1)
017034 LEAD S2 becomes leader for term 1
017035 TIME S0 reset election timer to 1741915898351
017035 VOTE S0 (term 0) voted YES for 2 (term 1)
017249 APP1 S2 (term 1) sending append (from 1 to 1) to 0
017250 APP1 S2 (term 1) sending append (from 1 to 1) to 1
labrpc.Service.dispatch(): unknown method AppendEntries in Raft.AppendEntries; expecting one of [RequestVote ReceiveAppendEntries]
exit status 1
FAIL	6.5840/raft1	1.728s
