000002 TIME S0 reset election timer to 1741915881929
000003 TIME S1 reset election timer to 1741915881562
000004 TIME S2 reset election timer to 1741915881912


CONNECTING 0



CONNECTING 1



CONNECTING 2

Test (3B): basic agreement (reliable network)...
015496 TIME S1 reset election timer to 1741915883187
015496 ELEC S1 starting election at 1741915881567
015496 ELEC S1 Starting election for term 1
015498 TIME S2 reset election timer to 1741915883642
015498 VOTE S2 (term 0) voted YES for 1 (term 1)
015498 LEAD S1 becomes leader for term 1
015499 TIME S0 reset election timer to 1741915883553
015499 VOTE S0 (term 0) voted YES for 1 (term 1)
015682 APP1 S1 (term 1) sending append (from 1 to 1) to 0
015682 APP1 S1 (term 1) sending append (from 1 to 1) to 2
labrpc.Service.dispatch(): unknown method AppendEntries in Raft.AppendEntries; expecting one of [ReceiveAppendEntries RequestVote]
exit status 1
FAIL	6.5840/raft1	1.570s
