000002 TIME S0 reset election timer to 1741915901116
000003 TIME S1 reset election timer to 1741915901253
000003 TIME S2 reset election timer to 1741915901164


CONNECTING 0



CONNECTING 1



CONNECTING 2

Test (3B): basic agreement (reliable network)...
019937 TIME S0 reset election timer to 1741915903048
019937 ELEC S0 starting election at 1741915901123
019937 ELEC S0 Starting election for term 1
019939 TIME S2 reset election timer to 1741915903227
019939 VOTE S2 (term 0) voted YES for 0 (term 1)
019939 TIME S1 reset election timer to 1741915903052
019939 VOTE S1 (term 0) voted YES for 0 (term 1)
019939 LEAD S0 becomes leader for term 1
020150 LEAD S0 sending heartbeat to 1
020151 LEAD S0 sending heartbeat to 2
020153 HERT S1 heartbeated from 0
020153 TIME S1 reset election timer to 1741915903052
020154 HERT S2 heartbeated from 0
020155 TIME S2 reset election timer to 1741915903246
020242 APP1 S0 (term 1) sending append (from 1 to 1) to 1
020242 APP1 S0 (term 1) sending append (from 1 to 1) to 2
labrpc.Service.dispatch(): unknown method AppendEntries in Raft.AppendEntries; expecting one of [ReceiveAppendEntries RequestVote]
labrpc.Service.dispatch(): unknown method AppendEntries in Raft.AppendEntries; expecting one of [ReceiveAppendEntries RequestVote]
exit status 1
FAIL	6.5840/raft1	2.026s
