000002 TIME S0 reset election timer to 1741915897691
000003 TIME S1 reset election timer to 1741915897746
000003 TIME S2 reset election timer to 1741915897518


CONNECTING 0



CONNECTING 1



CONNECTING 2

Test (3B): basic agreement (reliable network)...
018098 TIME S2 reset election timer to 1741915899031
018099 ELEC S2 starting election at 1741915897521
018099 ELEC S2 Starting election for term 1
018100 TIME S1 reset election timer to 1741915899519
018100 VOTE S1 (term 0) voted YES for 2 (term 1)
018100 LEAD S2 becomes leader for term 1
018101 TIME S0 reset election timer to 1741915899505
018101 VOTE S0 (term 0) voted YES for 2 (term 1)
018224 APP1 S2 (term 1) sending append (from 1 to 1) to 0
018224 APP1 S2 (term 1) sending append (from 1 to 1) to 1
labrpc.Service.dispatch(): unknown method AppendEntries in Raft.AppendEntries; expecting one of [ReceiveAppendEntries RequestVote]
exit status 1
FAIL	6.5840/raft1	1.824s
