000011 TIME S0 reset election timer to 1741915896094
000014 TIME S1 reset election timer to 1741915896170
000014 TIME S2 reset election timer to 1741915896374


CONNECTING 0



CONNECTING 1



CONNECTING 2

Test (3B): basic agreement (reliable network)...
015545 TIME S0 reset election timer to 1741915898091
015546 ELEC S0 starting election at 1741915896096
015546 ELEC S0 Starting election for term 1
015547 TIME S2 reset election timer to 1741915898184
015547 VOTE S2 (term 0) voted YES for 0 (term 1)
015547 LEAD S0 becomes leader for term 1
015548 TIME S1 reset election timer to 1741915897805
015548 VOTE S1 (term 0) voted YES for 0 (term 1)
015704 APP1 S0 (term 1) sending append (from 1 to 1) to 1
015704 APP1 S0 (term 1) sending append (from 1 to 1) to 2
labrpc.Service.dispatch(): unknown method AppendEntries in Raft.AppendEntries; expecting one of [ReceiveAppendEntries RequestVote]
exit status 1
FAIL	6.5840/raft1	1.572s
