000002 TIME S0 reset election timer to 1741915899769
000003 TIME S1 reset election timer to 1741915899777
000004 TIME S2 reset election timer to 1741915899800


CONNECTING 0



CONNECTING 1



CONNECTING 2

Test (3B): basic agreement (reliable network)...
020318 TIME S0 reset election timer to 1741915901695
020318 ELEC S0 starting election at 1741915899779
020318 ELEC S0 Starting election for term 1
020320 TIME S2 reset election timer to 1741915901615
020320 VOTE S2 (term 0) voted YES for 0 (term 1)
020320 LEAD S0 becomes leader for term 1
020321 TIME S1 reset election timer to 1741915901712
020321 VOTE S1 (term 0) voted YES for 0 (term 1)
020740 APP1 S0 (term 1) sending append (from 1 to 1) to 1
020741 APP1 S0 (term 1) sending append (from 1 to 1) to 2
labrpc.Service.dispatch(): unknown method AppendEntries in Raft.AppendEntries; expecting one of [ReceiveAppendEntries RequestVote]
exit status 1
FAIL	6.5840/raft1	2.076s
