000003 TIME S0 reset election timer to 1741915886895
000006 TIME S1 reset election timer to 1741915886771
000006 TIME S2 reset election timer to 1741915887103


CONNECTING 0



CONNECTING 1



CONNECTING 2

Test (3B): basic agreement (reliable network)...
018250 TIME S1 reset election timer to 1741915888287
018251 ELEC S1 starting election at 1741915886780
018251 ELEC S1 Starting election for term 1
018252 TIME S2 reset election timer to 1741915888664
018252 VOTE S2 (term 0) voted YES for 1 (term 1)
018252 LEAD S1 becomes leader for term 1
018253 TIME S0 reset election timer to 1741915888427
018253 VOTE S0 (term 0) voted YES for 1 (term 1)
018549 LEAD S1 sending heartbeat to 0
018550 LEAD S1 sending heartbeat to 2
018551 HERT S0 heartbeated from 1
018551 TIME S0 reset election timer to 1741915888747
018551 HERT S2 heartbeated from 1
018551 TIME S2 reset election timer to 1741915888664
018749 APP1 S1 (term 1) sending append (from 1 to 1) to 0
018749 APP1 S1 (term 1) sending append (from 1 to 1) to 2
labrpc.Service.dispatch(): unknown method AppendEntries in Raft.AppendEntries; expecting one of [ReceiveAppendEntries RequestVote]
exit status 1
FAIL	6.5840/raft1	1.877s
