000002 TIME S0 reset election timer to 1741915892684
000003 TIME S1 reset election timer to 1741915892858
000004 TIME S2 reset election timer to 1741915892640


CONNECTING 0



CONNECTING 1



CONNECTING 2

Test (3B): basic agreement (reliable network)...
015507 TIME S2 reset election timer to 1741915894282
015507 ELEC S2 starting election at 1741915892642
015507 ELEC S2 Starting election for term 1
015509 TIME S1 reset election timer to 1741915894651
015509 VOTE S1 (term 0) voted YES for 2 (term 1)
015509 LEAD S2 becomes leader for term 1
015509 TIME S0 reset election timer to 1741915894192
015510 VOTE S0 (term 0) voted YES for 2 (term 1)
015699 APP1 S2 (term 1) sending append (from 1 to 1) to 0
015699 APP1 S2 (term 1) sending append (from 1 to 1) to 1
labrpc.Service.dispatch(): unknown method AppendEntries in Raft.AppendEntries; expecting one of [ReceiveAppendEntries RequestVote]
labrpc.Service.dispatch(): unknown method AppendEntries in Raft.AppendEntries; expecting one of [ReceiveAppendEntries RequestVote]
exit status 1
FAIL	6.5840/raft1	1.571s
