000001 TIME S0 reset election timer to 1741915886294
000002 TIME S1 reset election timer to 1741915886393
000002 TIME S2 reset election timer to 1741915886661


CONNECTING 0



CONNECTING 1



CONNECTING 2

Test (3B): basic agreement (reliable network)...
016126 TIME S0 reset election timer to 1741915887990
016126 ELEC S0 starting election at 1741915886299
016126 ELEC S0 Starting election for term 1
016127 TIME S2 reset election timer to 1741915887799
016127 VOTE S2 (term 0) voted YES for 0 (term 1)
016128 LEAD S0 becomes leader for term 1
016128 TIME S1 reset election timer to 1741915888437
016128 VOTE S1 (term 0) voted YES for 0 (term 1)
016148 LEAD S0 sending heartbeat to 1
016148 LEAD S0 sending heartbeat to 2
016149 HERT S2 heartbeated from 0
016149 TIME S2 reset election timer to 1741915888275
016151 HERT S1 heartbeated from 0
016151 TIME S1 reset election timer to 1741915888437
016223 APP1 S0 (term 1) sending append (from 1 to 1) to 1
016223 APP1 S0 (term 1) sending append (from 1 to 1) to 2
labrpc.Service.dispatch(): unknown method AppendEntries in Raft.AppendEntries; expecting one of [ReceiveAppendEntries RequestVote]
exit status 1
FAIL	6.5840/raft1	1.624s
