000003 TIME S0 reset election timer to 1741915899507
000004 TIME S1 reset election timer to 1741915899783
000004 TIME S2 reset election timer to 1741915899753


CONNECTING 0



CONNECTING 1



CONNECTING 2

Test (3B): basic agreement (reliable network)...
017905 TIME S0 reset election timer to 1741915901522
017906 ELEC S0 starting election at 1741915899513
017906 ELEC S0 Starting election for term 1
017907 TIME S2 reset election timer to 1741915901442
017907 VOTE S2 (term 0) voted YES for 0 (term 1)
017907 LEAD S0 becomes leader for term 1
017908 TIME S1 reset election timer to 1741915901264
017908 VOTE S1 (term 0) voted YES for 0 (term 1)
018234 APP1 S0 (term 1) sending append (from 1 to 1) to 1
018234 APP1 S0 (term 1) sending append (from 1 to 1) to 2
labrpc.Service.dispatch(): unknown method AppendEntries in Raft.AppendEntries; expecting one of [RequestVote ReceiveAppendEntries]
labrpc.Service.dispatch(): unknown method AppendEntries in Raft.AppendEntries; expecting one of [ReceiveAppendEntries RequestVote]
exit status 1
FAIL	6.5840/raft1	1.825s
