000004 TIME S0 reset election timer to 1741915894578
000004 TIME S1 reset election timer to 1741915894316
000005 TIME S2 reset election timer to 1741915894592


CONNECTING 0



CONNECTING 1



CONNECTING 2

Test (3B): basic agreement (reliable network)...
017172 TIME S1 reset election timer to 1741915896449
017172 ELEC S1 starting election at 1741915894318
017172 ELEC S1 Starting election for term 1
017173 TIME S2 reset election timer to 1741915895968
017173 VOTE S2 (term 0) voted YES for 1 (term 1)
017174 LEAD S1 becomes leader for term 1
017174 TIME S0 reset election timer to 1741915896193
017174 VOTE S0 (term 0) voted YES for 1 (term 1)
017235 APP1 S1 (term 1) sending append (from 1 to 1) to 0
017235 APP1 S1 (term 1) sending append (from 1 to 1) to 2
labrpc.Service.dispatch(): unknown method AppendEntries in Raft.AppendEntries; expecting one of [ReceiveAppendEntries RequestVote]
exit status 1
FAIL	6.5840/raft1	1.725s
