000002 TIME S0 reset election timer to 1741915892437
000004 TIME S1 reset election timer to 1741915892374
000004 TIME S2 reset election timer to 1741915892836


CONNECTING 0



CONNECTING 1



CONNECTING 2

Test (3B): basic agreement (reliable network)...
015983 TIME S1 reset election timer to 1741915894126
015983 ELEC S1 starting election at 1741915892384
015983 ELEC S1 Starting election for term 1
015985 TIME S2 reset election timer to 1741915894275
015985 VOTE S2 (term 0) voted YES for 1 (term 1)
015985 LEAD S1 becomes leader for term 1
015986 TIME S0 reset election timer to 1741915893954
015986 VOTE S0 (term 0) voted YES for 1 (term 1)
016147 LEAD S1 sending heartbeat to 0
016147 LEAD S1 sending heartbeat to 2
016148 HERT S2 heartbeated from 1
016148 TIME S2 reset election timer to 1741915894455
016149 HERT S0 heartbeated from 1
016149 TIME S0 reset election timer to 1741915893954
016174 APP1 S1 (term 1) sending append (from 1 to 1) to 0
016174 APP1 S1 (term 1) sending append (from 1 to 1) to 2
labrpc.Service.dispatch(): unknown method AppendEntries in Raft.AppendEntries; expecting one of [ReceiveAppendEntries RequestVote]
exit status 1
FAIL	6.5840/raft1	1.620s
