000004 TIME S0 reset election timer to 1741915890899
000005 TIME S1 reset election timer to 1741915891214
000005 TIME S2 reset election timer to 1741915891190


CONNECTING 0



CONNECTING 1



CONNECTING 2

Test (3B): basic agreement (reliable network)...
015101 TIME S0 reset election timer to 1741915892620
015102 ELEC S0 starting election at 1741915890901
015102 ELEC S0 Starting election for term 1
015104 TIME S2 reset election timer to 1741915892449
015104 VOTE S2 (term 0) voted YES for 0 (term 1)
015105 LEAD S0 becomes leader for term 1
015105 TIME S1 reset election timer to 1741915892768
015105 VOTE S1 (term 0) voted YES for 0 (term 1)
015195 APP1 S0 (term 1) sending append (from 1 to 1) to 1
015195 APP1 S0 (term 1) sending append (from 1 to 1) to 2
labrpc.Service.dispatch(): unknown method AppendEntries in Raft.AppendEntries; expecting one of [RequestVote ReceiveAppendEntries]
exit status 1
FAIL	6.5840/raft1	1.521s
