000002 TIME S0 reset election timer to 1741915885344
000005 TIME S1 reset election timer to 1741915885545
000006 TIME S2 reset election timer to 1741915885066


CONNECTING 0



CONNECTING 1



CONNECTING 2

Test (3B): basic agreement (reliable network)...
015160 TIME S2 reset election timer to 1741915887073
015160 ELEC S2 starting election at 1741915885072
015160 ELEC S2 Starting election for term 1
015161 TIME S1 reset election timer to 1741915887071
015161 VOTE S1 (term 0) voted YES for 2 (term 1)
015162 LEAD S2 becomes leader for term 1
015162 TIME S0 reset election timer to 1741915887051
015162 VOTE S0 (term 0) voted YES for 2 (term 1)
015204 APP1 S2 (term 1) sending append (from 1 to 1) to 0
015204 APP1 S2 (term 1) sending append (from 1 to 1) to 1
labrpc.Service.dispatch(): unknown method AppendEntries in Raft.AppendEntries; expecting one of [ReceiveAppendEntries RequestVote]
exit status 1
FAIL	6.5840/raft1	1.522s
