000005 TIME S0 reset election timer to 1741915882243
000006 TIME S1 reset election timer to 1741915882442
000006 TIME S2 reset election timer to 1741915882207


CONNECTING 0



CONNECTING 1



CONNECTING 2

Test (3B): basic agreement (reliable network)...
017746 TIME S2 reset election timer to 1741915884301
017746 ELEC S2 starting election at 1741915882213
017746 ELEC S2 Starting election for term 1
017747 TIME S1 reset election timer to 1741915883806
017747 VOTE S1 (term 0) voted YES for 2 (term 1)
017748 LEAD S2 becomes leader for term 1
017748 TIME S0 reset election timer to 1741915883977
017748 VOTE S0 (term 0) voted YES for 2 (term 1)
018255 APP1 S2 (term 1) sending append (from 1 to 1) to 0
018256 APP1 S2 (term 1) sending append (from 1 to 1) to 1
labrpc.Service.dispatch(): unknown method AppendEntries in Raft.AppendEntries; expecting one of [ReceiveAppendEntries RequestVote]
exit status 1
FAIL	6.5840/raft1	1.827s
