000001 TIME S0 reset election timer to 1741915898468
000002 TIME S1 reset election timer to 1741915898535
000002 TIME S2 reset election timer to 1741915898389


CONNECTING 0



CONNECTING 1



CONNECTING 2

Test (3B): basic agreement (reliable network)...
018355 TIME S2 reset election timer to 1741915900270
018355 ELEC S2 starting election at 1741915898398
018355 ELEC S2 Starting election for term 1
018357 TIME S1 reset election timer to 1741915899919
018357 VOTE S1 (term 0) voted YES for 2 (term 1)
018358 TIME S0 reset election timer to 1741915900288
018358 VOTE S0 (term 0) voted YES for 2 (term 1)
018358 LEAD S2 becomes leader for term 1
018549 LEAD S2 sending heartbeat to 0
018549 LEAD S2 sending heartbeat to 1
018551 HERT S1 heartbeated from 2
018551 TIME S1 reset election timer to 1741915900028
018552 HERT S0 heartbeated from 2
018552 TIME S0 reset election timer to 1741915900559
018768 APP1 S2 (term 1) sending append (from 1 to 1) to 0
018768 APP1 S2 (term 1) sending append (from 1 to 1) to 1
labrpc.Service.dispatch(): unknown method AppendEntries in Raft.AppendEntries; expecting one of [ReceiveAppendEntries RequestVote]
exit status 1
FAIL	6.5840/raft1	1.878s
