000002 TIME S0 reset election timer to 1741915904651
000003 TIME S1 reset election timer to 1741915904547
000003 TIME S2 reset election timer to 1741915904578


CONNECTING 0



CONNECTING 1



CONNECTING 2

Test (3B): basic agreement (reliable network)...
015860 TIME S1 reset election timer to 1741915906300
015860 ELEC S1 starting election at 1741915904551
015860 ELEC S1 Starting election for term 1
015862 TIME S2 reset election timer to 1741915906554
015862 VOTE S2 (term 0) voted YES for 1 (term 1)
015862 LEAD S1 becomes leader for term 1
015862 TIME S0 reset election timer to 1741915906596
015863 VOTE S0 (term 0) voted YES for 1 (term 1)
016101 LEAD S1 sending heartbeat to 0
016101 LEAD S1 sending heartbeat to 2
016103 HERT S2 heartbeated from 1
016103 TIME S2 reset election timer to 1741915906554
016104 HERT S0 heartbeated from 1
016104 TIME S0 reset election timer to 1741915906596
016202 APP1 S1 (term 1) sending append (from 1 to 1) to 0
016202 APP1 S1 (term 1) sending append (from 1 to 1) to 2
labrpc.Service.dispatch(): unknown method AppendEntries in Raft.AppendEntries; expecting one of [ReceiveAppendEntries RequestVote]
exit status 1
FAIL	6.5840/raft1	1.622s
