000002 TIME S0 reset election timer to 1741915919066
000003 TIME S1 reset election timer to 1741915918943
000004 TIME S2 reset election timer to 1741915919491


CONNECTING 0



CONNECTING 1



CONNECTING 2

Test (3B): basic agreement (reliable network)...
015918 TIME S1 reset election timer to 1741915920715
015919 ELEC S1 starting election at 1741915918952
015919 ELEC S1 Starting election for term 1
015922 TIME S2 reset election timer to 1741915920816
015922 VOTE S2 (term 0) voted YES for 1 (term 1)
015922 TIME S0 reset election timer to 1741915921059
015923 LEAD S1 becomes leader for term 1
015923 VOTE S0 (term 0) voted YES for 1 (term 1)
016132 LEAD S1 sending heartbeat to 0
016132 LEAD S1 sending heartbeat to 2
016135 HERT S2 heartbeated from 1
016135 TIME S2 reset election timer to 1741915920872
016135 HERT S0 heartbeated from 1
016135 TIME S0 reset election timer to 1741915921059
016174 APP1 S1 (term 1) sending append (from 1 to 1) to 0
016174 APP1 S1 (term 1) sending append (from 1 to 1) to 2
labrpc.Service.dispatch(): unknown method AppendEntries in Raft.AppendEntries; expecting one of [ReceiveAppendEntries RequestVote]
labrpc.Service.dispatch(): unknown method AppendEntries in Raft.AppendEntries; expecting one of [ReceiveAppendEntries RequestVote]
exit status 1
FAIL	6.5840/raft1	1.619s
