000005 TIME S0 reset election timer to 1741915917634
000007 TIME S1 reset election timer to 1741915917831
000007 TIME S2 reset election timer to 1741915917474


CONNECTING 0



CONNECTING 1



CONNECTING 2

Test (3B): basic agreement (reliable network)...
017012 TIME S2 reset election timer to 1741915919621
017013 ELEC S2 starting election at 1741915917481
017013 ELEC S2 Starting election for term 1
017014 TIME S1 reset election timer to 1741915919215
017014 VOTE S1 (term 0) voted YES for 2 (term 1)
017015 LEAD S2 becomes leader for term 1
017015 TIME S0 reset election timer to 1741915919549
017015 VOTE S0 (term 0) voted YES for 2 (term 1)
017218 APP1 S2 (term 1) sending append (from 1 to 1) to 0
017219 APP1 S2 (term 1) sending append (from 1 to 1) to 1
labrpc.Service.dispatch(): unknown method AppendEntries in Raft.AppendEntries; expecting one of [ReceiveAppendEntries RequestVote]
exit status 1
FAIL	6.5840/raft1	1.724s
