000001 TIME S0 reset election timer to 1741915906801
000002 TIME S1 reset election timer to 1741915906782
000002 TIME S2 reset election timer to 1741915906915


CONNECTING 0



CONNECTING 1



CONNECTING 2

Test (3B): basic agreement (reliable network)...
019532 TIME S1 reset election timer to 1741915908646
019533 ELEC S1 starting election at 1741915906786
019533 ELEC S1 Starting election for term 1
019534 TIME S2 reset election timer to 1741915908351
019534 VOTE S2 (term 0) voted YES for 1 (term 1)
019534 LEAD S1 becomes leader for term 1
019535 TIME S0 reset election timer to 1741915908678
019535 VOTE S0 (term 0) voted YES for 1 (term 1)
019729 APP1 S1 (term 1) sending append (from 1 to 1) to 0
019730 APP1 S1 (term 1) sending append (from 1 to 1) to 2
labrpc.Service.dispatch(): unknown method AppendEntries in Raft.AppendEntries; expecting one of [ReceiveAppendEntries RequestVote]
exit status 1
FAIL	6.5840/raft1	1.975s
