000003 TIME S0 reset election timer to 1741915918867
000004 TIME S1 reset election timer to 1741915918888
000004 TIME S2 reset election timer to 1741915918589


CONNECTING 0



CONNECTING 1



CONNECTING 2

Test (3B): basic agreement (reliable network)...
016678 TIME S2 reset election timer to 1741915920683
016678 ELEC S2 starting election at 1741915918592
016678 ELEC S2 Starting election for term 1
016681 TIME S1 reset election timer to 1741915920637
016681 VOTE S1 (term 0) voted YES for 2 (term 1)
016681 TIME S0 reset election timer to 1741915920394
016681 VOTE S0 (term 0) voted YES for 2 (term 1)
016681 LEAD S2 becomes leader for term 1
016771 APP1 S2 (term 1) sending append (from 1 to 1) to 0
016773 APP1 S2 (term 1) sending append (from 1 to 1) to 1
labrpc.Service.dispatch(): unknown method AppendEntries in Raft.AppendEntries; expecting one of [ReceiveAppendEntries RequestVote]
labrpc.Service.dispatch(): unknown method AppendEntries in Raft.AppendEntries; expecting one of [RequestVote ReceiveAppendEntries]
exit status 1
FAIL	6.5840/raft1	1.679s
