000003 TIME S0 reset election timer to 1741915902936
000004 TIME S1 reset election timer to 1741915902941
000004 TIME S2 reset election timer to 1741915903277


CONNECTING 0



CONNECTING 1



CONNECTING 2

Test (3B): basic agreement (reliable network)...
016394 TIME S0 reset election timer to 1741915904762
016395 ELEC S0 starting election at 1741915902937
016395 ELEC S0 Starting election for term 1
016397 TIME S1 reset election timer to 1741915904960
016397 VOTE S1 (term 0) voted YES for 0 (term 1)
016397 TIME S2 reset election timer to 1741915904740
016397 VOTE S2 (term 0) voted YES for 0 (term 1)
016397 LEAD S0 becomes leader for term 1
016691 APP1 S0 (term 1) sending append (from 1 to 1) to 1
016691 APP1 S0 (term 1) sending append (from 1 to 1) to 2
labrpc.Service.dispatch(): unknown method AppendEntries in Raft.AppendEntries; expecting one of [RequestVote ReceiveAppendEntries]
exit status 1
FAIL	6.5840/raft1	1.671s
