000003 TIME S0 reset election timer to 1741915918039
000004 TIME S1 reset election timer to 1741915918010
000004 TIME S2 reset election timer to 1741915918343


CONNECTING 0



CONNECTING 1



CONNECTING 2

Test (3B): basic agreement (reliable network)...
017458 TIME S1 reset election timer to 1741915919831
017458 ELEC S1 starting election at 1741915918013
017458 ELEC S1 Starting election for term 1
017460 TIME S2 reset election timer to 1741915919771
017460 VOTE S2 (term 0) voted YES for 1 (term 1)
017460 LEAD S1 becomes leader for term 1
017461 TIME S0 reset election timer to 1741915920140
017461 VOTE S0 (term 0) voted YES for 1 (term 1)
017716 APP1 S1 (term 1) sending append (from 1 to 1) to 0
017716 APP1 S1 (term 1) sending append (from 1 to 1) to 2
labrpc.Service.dispatch(): unknown method AppendEntries in Raft.AppendEntries; expecting one of [ReceiveAppendEntries RequestVote]
exit status 1
FAIL	6.5840/raft1	1.773s
