000003 TIME S0 reset election timer to 1741915910419
000004 TIME S1 reset election timer to 1741915910126
000004 TIME S2 reset election timer to 1741915910114


CONNECTING 0



CONNECTING 1



CONNECTING 2

Test (3B): basic agreement (reliable network)...
017279 TIME S2 reset election timer to 1741915911996
017279 ELEC S2 starting election at 1741915910121
017279 ELEC S2 Starting election for term 1
017281 TIME S1 reset election timer to 1741915911827
017281 VOTE S1 (term 0) voted YES for 2 (term 1)
017281 LEAD S2 becomes leader for term 1
017282 TIME S0 reset election timer to 1741915911796
017282 VOTE S0 (term 0) voted YES for 2 (term 1)
017684 APP1 S2 (term 1) sending append (from 1 to 1) to 0
017684 APP1 S2 (term 1) sending append (from 1 to 1) to 1
labrpc.Service.dispatch(): unknown method AppendEntries in Raft.AppendEntries; expecting one of [ReceiveAppendEntries RequestVote]
exit status 1
FAIL	6.5840/raft1	1.771s
