000003 TIME S0 reset election timer to 1741915901662
000004 TIME S1 reset election timer to 1741915901573
000004 TIME S2 reset election timer to 1741915901350


CONNECTING 0



CONNECTING 1



CONNECTING 2

Test (3B): basic agreement (reliable network)...
017133 TIME S2 reset election timer to 1741915903078
017134 ELEC S2 starting election at 1741915901359
017134 ELEC S2 Starting election for term 1
017135 TIME S1 reset election timer to 1741915903396
017135 TIME S0 reset election timer to 1741915902914
017135 VOTE S0 (term 0) voted YES for 2 (term 1)
017136 LEAD S2 becomes leader for term 1
017135 VOTE S1 (term 0) voted YES for 2 (term 1)
017201 APP1 S2 (term 1) sending append (from 1 to 1) to 0
017201 APP1 S2 (term 1) sending append (from 1 to 1) to 1
labrpc.Service.dispatch(): unknown method AppendEntries in Raft.AppendEntries; expecting one of [ReceiveAppendEntries RequestVote]
exit status 1
FAIL	6.5840/raft1	1.722s
