000002 TIME S0 reset election timer to 1741915902707
000003 TIME S1 reset election timer to 1741915902425
000003 TIME S2 reset election timer to 1741915902457


CONNECTING 0



CONNECTING 1



CONNECTING 2

Test (3B): basic agreement (reliable network)...
016115 TIME S1 reset election timer to 1741915903380
016115 ELEC S1 starting election at 1741915901408
016115 ELEC S1 Starting election for term 1
016117 TIME S2 reset election timer to 1741915902986
016117 VOTE S2 (term 0) voted YES for 1 (term 1)
016117 LEAD S1 becomes leader for term 1
016117 TIME S0 reset election timer to 1741915903277
016118 VOTE S0 (term 0) voted YES for 1 (term 1)
016147 LEAD S1 sending heartbeat to 0
016147 LEAD S1 sending heartbeat to 2
016149 HERT S2 heartbeated from 1
016149 TIME S2 reset election timer to 1741915902986
016151 HERT S0 heartbeated from 1
016151 TIME S0 reset election timer to 1741915903440
016220 APP1 S1 (term 1) sending append (from 1 to 1) to 0
016220 APP1 S1 (term 1) sending append (from 1 to 1) to 2
labrpc.Service.dispatch(): unknown method AppendEntries in Raft.AppendEntries; expecting one of [RequestVote ReceiveAppendEntries]
labrpc.Service.dispatch(): unknown method AppendEntries in Raft.AppendEntries; expecting one of [ReceiveAppendEntries RequestVote]
exit status 1
FAIL	6.5840/raft1	1.623s
