000004 TIME S0 reset election timer to 1741915909187
000005 TIME S1 reset election timer to 1741915909249
000005 TIME S2 reset election timer to 1741915909153


CONNECTING 0



CONNECTING 1



CONNECTING 2

Test (3B): basic agreement (reliable network)...
017221 TIME S2 reset election timer to 1741915910798
017221 ELEC S2 starting election at 1741915909159
017222 ELEC S2 Starting election for term 1
017223 TIME S1 reset election timer to 1741915910724
017223 VOTE S1 (term 0) voted YES for 2 (term 1)
017223 LEAD S2 becomes leader for term 1
017223 TIME S0 reset election timer to 1741915911176
017224 VOTE S0 (term 0) voted YES for 2 (term 1)
017710 APP1 S2 (term 1) sending append (from 1 to 1) to 0
017710 APP1 S2 (term 1) sending append (from 1 to 1) to 1
labrpc.Service.dispatch(): unknown method AppendEntries in Raft.AppendEntries; expecting one of [ReceiveAppendEntries RequestVote]
exit status 1
FAIL	6.5840/raft1	1.773s
