000003 TIME S0 reset election timer to 1741915915717
000004 TIME S1 reset election timer to 1741915915494
000004 TIME S2 reset election timer to 1741915915745


CONNECTING 0



CONNECTING 1



CONNECTING 2

Test (3B): basic agreement (reliable network)...
016467 TIME S1 reset election timer to 1741915916996
016468 ELEC S1 starting election at 1741915915495
016468 ELEC S1 Starting election for term 1
016469 TIME S2 reset election timer to 1741915917587
016469 VOTE S2 (term 0) voted YES for 1 (term 1)
016470 LEAD S1 becomes leader for term 1
016470 TIME S0 reset election timer to 1741915917204
016471 VOTE S0 (term 0) voted YES for 1 (term 1)
016689 APP1 S1 (term 1) sending append (from 1 to 1) to 0
016690 APP1 S1 (term 1) sending append (from 1 to 1) to 2
labrpc.Service.dispatch(): unknown method AppendEntries in Raft.AppendEntries; expecting one of [ReceiveAppendEntries RequestVote]
exit status 1
FAIL	6.5840/raft1	1.670s
