000002 TIME S0 reset election timer to 1741915915047
000003 TIME S1 reset election timer to 1741915915147
000003 TIME S2 reset election timer to 1741915915097


CONNECTING 0



CONNECTING 1



CONNECTING 2

Test (3B): basic agreement (reliable network)...
020188 TIME S0 reset election timer to 1741915917109
020188 ELEC S0 starting election at 1741915915053
020188 ELEC S0 Starting election for term 1
020189 TIME S2 reset election timer to 1741915916949
020189 VOTE S2 (term 0) voted YES for 0 (term 1)
020190 TIME S1 reset election timer to 1741915916898
020190 LEAD S0 becomes leader for term 1
020190 VOTE S1 (term 0) voted YES for 0 (term 1)
020263 APP1 S0 (term 1) sending append (from 1 to 1) to 1
020264 APP1 S0 (term 1) sending append (from 1 to 1) to 2
labrpc.Service.dispatch(): unknown method AppendEntries in Raft.AppendEntries; expecting one of [ReceiveAppendEntries RequestVote]
exit status 1
FAIL	6.5840/raft1	2.028s
