000003 TIME S0 reset election timer to 1741915908445
000005 TIME S1 reset election timer to 1741915908178
000005 TIME S2 reset election timer to 1741915908379


CONNECTING 0



CONNECTING 1



CONNECTING 2

Test (3B): basic agreement (reliable network)...
018480 TIME S1 reset election timer to 1741915909909
018480 ELEC S1 starting election at 1741915908186
018480 ELEC S1 Starting election for term 1
018482 TIME S2 reset election timer to 1741915910335
018482 VOTE S2 (term 0) voted YES for 1 (term 1)
018482 LEAD S1 becomes leader for term 1
018482 TIME S0 reset election timer to 1741915909727
018482 VOTE S0 (term 0) voted YES for 1 (term 1)
018534 LEAD S1 sending heartbeat to 0
018534 LEAD S1 sending heartbeat to 2
018535 HERT S2 heartbeated from 1
018535 TIME S2 reset election timer to 1741915910335
018536 HERT S0 heartbeated from 1
018536 TIME S0 reset election timer to 1741915910028
018738 APP1 S1 (term 1) sending append (from 1 to 1) to 0
018738 APP1 S1 (term 1) sending append (from 1 to 1) to 2
labrpc.Service.dispatch(): unknown method AppendEntries in Raft.AppendEntries; expecting one of [ReceiveAppendEntries RequestVote]
labrpc.Service.dispatch(): unknown method AppendEntries in Raft.AppendEntries; expecting one of [ReceiveAppendEntries RequestVote]
exit status 1
FAIL	6.5840/raft1	1.876s
