000003 TIME S0 reset election timer to 1741915917297
000004 TIME S1 reset election timer to 1741915917185
000004 TIME S2 reset election timer to 1741915917112


CONNECTING 0



CONNECTING 1



CONNECTING 2

Test (3B): basic agreement (reliable network)...
019129 TIME S2 reset election timer to 1741915919045
019129 ELEC S2 starting election at 1741915917118
019129 ELEC S2 Starting election for term 1
019131 TIME S1 reset election timer to 1741915918947
019131 VOTE S1 (term 0) voted YES for 2 (term 1)
019131 LEAD S2 becomes leader for term 1
019131 TIME S0 reset election timer to 1741915919031
019132 VOTE S0 (term 0) voted YES for 2 (term 1)
019219 APP1 S2 (term 1) sending append (from 1 to 1) to 0
019219 APP1 S2 (term 1) sending append (from 1 to 1) to 1
labrpc.Service.dispatch(): unknown method AppendEntries in Raft.AppendEntries; expecting one of [ReceiveAppendEntries RequestVote]
labrpc.Service.dispatch(): unknown method AppendEntries in Raft.AppendEntries; expecting one of [ReceiveAppendEntries RequestVote]
exit status 1
FAIL	6.5840/raft1	1.925s
