000004 TIME S0 reset election timer to 1741915911729
000005 TIME S1 reset election timer to 1741915911535
000005 TIME S2 reset election timer to 1741915911804


CONNECTING 0



CONNECTING 1



CONNECTING 2

Test (3B): basic agreement (reliable network)...
017612 TIME S1 reset election timer to 1741915913096
017612 ELEC S1 starting election at 1741915911541
017612 ELEC S1 Starting election for term 1
017614 TIME S2 reset election timer to 1741915913681
017614 VOTE S2 (term 0) voted YES for 1 (term 1)
017614 LEAD S1 becomes leader for term 1
017614 TIME S0 reset election timer to 1741915913324
017615 VOTE S0 (term 0) voted YES for 1 (term 1)
017697 APP1 S1 (term 1) sending append (from 1 to 1) to 0
017697 APP1 S1 (term 1) sending append (from 1 to 1) to 2
labrpc.Service.dispatch(): unknown method AppendEntries in Raft.AppendEntries; expecting one of [ReceiveAppendEntries RequestVote]
labrpc.Service.dispatch(): unknown method AppendEntries in Raft.AppendEntries; expecting one of [ReceiveAppendEntries RequestVote]
exit status 1
FAIL	6.5840/raft1	1.771s
