000002 TIME S0 reset election timer to 1741915912132
000003 TIME S1 reset election timer to 1741915912364
000004 TIME S2 reset election timer to 1741915912115


CONNECTING 0



CONNECTING 1



CONNECTING 2

Test (3B): basic agreement (reliable network)...
016674 TIME S2 reset election timer to 1741915914071
016674 ELEC S2 starting election at 1741915912116
016674 ELEC S2 Starting election for term 1
016676 TIME S1 reset election timer to 1741915914257
016676 VOTE S1 (term 0) voted YES for 2 (term 1)
016676 LEAD S2 becomes leader for term 1
016677 TIME S0 reset election timer to 1741915913838
016677 VOTE S0 (term 0) voted YES for 2 (term 1)
016685 APP1 S2 (term 1) sending append (from 1 to 1) to 0
016685 APP1 S2 (term 1) sending append (from 1 to 1) to 1
labrpc.Service.dispatch(): unknown method AppendEntries in Raft.AppendEntries; expecting one of [ReceiveAppendEntries RequestVote]
exit status 1
FAIL	6.5840/raft1	1.670s
