000003 TIME S0 reset election timer to 1741915912915
000004 TIME S1 reset election timer to 1741915912957
000004 TIME S2 reset election timer to 1741915912568


CONNECTING 0



CONNECTING 1



CONNECTING 2

Test (3B): basic agreement (reliable network)...
015328 TIME S2 reset election timer to 1741915914477
015328 ELEC S2 starting election at 1741915912577
015328 ELEC S2 Starting election for term 1
015330 TIME S1 reset election timer to 1741915914490
015330 VOTE S1 (term 0) voted YES for 2 (term 1)
015330 TIME S0 reset election timer to 1741915914685
015330 VOTE S0 (term 0) voted YES for 2 (term 1)
015330 LEAD S2 becomes leader for term 1
015661 APP1 S2 (term 1) sending append (from 1 to 1) to 0
015662 APP1 S2 (term 1) sending append (from 1 to 1) to 1
labrpc.Service.dispatch(): unknown method AppendEntries in Raft.AppendEntries; expecting one of [ReceiveAppendEntries RequestVote]
exit status 1
FAIL	6.5840/raft1	1.567s
