000002 TIME S0 reset election timer to 1741915910389
000003 TIME S1 reset election timer to 1741915910548
000003 TIME S2 reset election timer to 1741915910380


CONNECTING 0



CONNECTING 1



CONNECTING 2

Test (3B): basic agreement (reliable network)...
017983 TIME S2 reset election timer to 1741915911998
017983 ELEC S2 starting election at 1741915910383
017983 ELEC S2 Starting election for term 1
017985 TIME S1 reset election timer to 1741915912474
017985 VOTE S1 (term 0) voted YES for 2 (term 1)
017985 LEAD S2 becomes leader for term 1
017985 TIME S0 reset election timer to 1741915912133
017985 VOTE S0 (term 0) voted YES for 2 (term 1)
018229 APP1 S2 (term 1) sending append (from 1 to 1) to 0
018230 APP1 S2 (term 1) sending append (from 1 to 1) to 1
labrpc.Service.dispatch(): unknown method AppendEntries in Raft.AppendEntries; expecting one of [ReceiveAppendEntries RequestVote]
exit status 1
FAIL	6.5840/raft1	1.825s
