000002 TIME S0 reset election timer to 1741915904382
000003 TIME S1 reset election timer to 1741915904289
000003 TIME S2 reset election timer to 1741915903846


CONNECTING 0



CONNECTING 1



CONNECTING 2

Test (3B): basic agreement (reliable network)...
015390 TIME S2 reset election timer to 1741915905681
015391 ELEC S2 starting election at 1741915903849
015391 ELEC S2 Starting election for term 1
015392 TIME S1 reset election timer to 1741915905847
015392 VOTE S1 (term 0) voted YES for 2 (term 1)
015393 LEAD S2 becomes leader for term 1
015393 TIME S0 reset election timer to 1741915905761
015393 VOTE S0 (term 0) voted YES for 2 (term 1)
015676 APP1 S2 (term 1) sending append (from 1 to 1) to 0
015676 APP1 S2 (term 1) sending append (from 1 to 1) to 1
labrpc.Service.dispatch(): unknown method AppendEntries in Raft.AppendEntries; expecting one of [ReceiveAppendEntries RequestVote]
labrpc.Service.dispatch(): unknown method AppendEntries in Raft.AppendEntries; expecting one of [ReceiveAppendEntries RequestVote]
exit status 1
FAIL	6.5840/raft1	1.569s
