000003 TIME S0 reset election timer to 1741915902072
000004 TIME S1 reset election timer to 1741915901801
000004 TIME S2 reset election timer to 1741915901606


CONNECTING 0



CONNECTING 1



CONNECTING 2

Test (3B): basic agreement (reliable network)...
015808 TIME S2 reset election timer to 1741915903415
015808 ELEC S2 starting election at 1741915901610
015808 ELEC S2 Starting election for term 1
015810 TIME S1 reset election timer to 1741915903482
015810 VOTE S1 (term 0) voted YES for 2 (term 1)
015811 LEAD S2 becomes leader for term 1
015811 TIME S0 reset election timer to 1741915903645
015811 VOTE S0 (term 0) voted YES for 2 (term 1)
016128 LEAD S2 sending heartbeat to 0
016129 LEAD S2 sending heartbeat to 1
016130 HERT S1 heartbeated from 2
016130 HERT S0 heartbeated from 2
016130 TIME S0 reset election timer to 1741915903770
016130 TIME S1 reset election timer to 1741915903482
016225 APP1 S2 (term 1) sending append (from 1 to 1) to 0
016225 APP1 S2 (term 1) sending append (from 1 to 1) to 1
labrpc.Service.dispatch(): unknown method AppendEntries in Raft.AppendEntries; expecting one of [RequestVote ReceiveAppendEntries]
exit status 1
FAIL	6.5840/raft1	1.624s
