000001 TIME S0 reset election timer to 1741915914309
000003 TIME S1 reset election timer to 1741915914013
000004 TIME S2 reset election timer to 1741915914129


CONNECTING 0



CONNECTING 1



CONNECTING 2

Test (3B): basic agreement (reliable network)...
017295 TIME S1 reset election timer to 1741915916044
017296 ELEC S1 starting election at 1741915914016
017296 ELEC S1 Starting election for term 1
017297 TIME S0 reset election timer to 1741915916044
017297 VOTE S0 (term 0) voted YES for 1 (term 1)
017298 LEAD S1 becomes leader for term 1
017298 TIME S2 reset election timer to 1741915916123
017298 VOTE S2 (term 0) voted YES for 1 (term 1)
017728 APP1 S1 (term 1) sending append (from 1 to 1) to 0
017728 APP1 S1 (term 1) sending append (from 1 to 1) to 2
labrpc.Service.dispatch(): unknown method AppendEntries in Raft.AppendEntries; expecting one of [RequestVote ReceiveAppendEntries]
exit status 1
FAIL	6.5840/raft1	1.774s
