000002 TIME S0 reset election timer to 1741915917390
000003 TIME S1 reset election timer to 1741915917585
000003 TIME S2 reset election timer to 1741915917245


CONNECTING 0



CONNECTING 1



CONNECTING 2

Test (3B): basic agreement (reliable network)...
015801 TIME S2 reset election timer to 1741915918768
015801 ELEC S2 starting election at 1741915917253
015801 ELEC S2 Starting election for term 1
015802 TIME S1 reset election timer to 1741915919259
015803 VOTE S1 (term 0) voted YES for 2 (term 1)
015803 LEAD S2 becomes leader for term 1
015803 TIME S0 reset election timer to 1741915919315
015803 VOTE S0 (term 0) voted YES for 2 (term 1)
016116 LEAD S2 sending heartbeat to 0
016116 LEAD S2 sending heartbeat to 1
016117 HERT S0 heartbeated from 2
016118 TIME S0 reset election timer to 1741915919398
016118 HERT S1 heartbeated from 2
016118 TIME S1 reset election timer to 1741915919355
016168 APP1 S2 (term 1) sending append (from 1 to 1) to 0
016168 APP1 S2 (term 1) sending append (from 1 to 1) to 1
labrpc.Service.dispatch(): unknown method AppendEntries in Raft.AppendEntries; expecting one of [ReceiveAppendEntries RequestVote]
exit status 1
FAIL	6.5840/raft1	1.618s
