000003 TIME S0 reset election timer to 1741915915551
000004 TIME S1 reset election timer to 1741915915836
000004 TIME S2 reset election timer to 1741915915942


CONNECTING 0



CONNECTING 1



CONNECTING 2

Test (3B): basic agreement (reliable network)...
015931 TIME S0 reset election timer to 1741915917432
015931 ELEC S0 starting election at 1741915915556
015931 ELEC S0 Starting election for term 1
015933 TIME S1 reset election timer to 1741915917106
015933 VOTE S1 (term 0) voted YES for 0 (term 1)
015933 TIME S2 reset election timer to 1741915917331
015933 VOTE S2 (term 0) voted YES for 0 (term 1)
015933 LEAD S0 becomes leader for term 1
016120 LEAD S0 sending heartbeat to 1
016121 LEAD S0 sending heartbeat to 2
016121 HERT S2 heartbeated from 0
016122 TIME S2 reset election timer to 1741915917393
016122 HERT S1 heartbeated from 0
016123 TIME S1 reset election timer to 1741915917500
016182 APP1 S0 (term 1) sending append (from 1 to 1) to 1
016182 APP1 S0 (term 1) sending append (from 1 to 1) to 2
labrpc.Service.dispatch(): unknown method AppendEntries in Raft.AppendEntries; expecting one of [ReceiveAppendEntries RequestVote]
exit status 1
FAIL	6.5840/raft1	1.621s
