000003 TIME S0 reset election timer to 1741915902778
000004 TIME S1 reset election timer to 1741915902716
000004 TIME S2 reset election timer to 1741915903077


CONNECTING 0



CONNECTING 1



CONNECTING 2

Test (3B): basic agreement (reliable network)...
016158 TIME S1 reset election timer to 1741915904348
016158 ELEC S1 starting election at 1741915902723
016158 ELEC S1 Starting election for term 1
016161 TIME S2 reset election timer to 1741915904802
016161 VOTE S2 (term 0) voted YES for 1 (term 1)
016161 LEAD S1 becomes leader for term 1
016161 TIME S0 reset election timer to 1741915904652
016162 VOTE S0 (term 0) voted YES for 1 (term 1)
016224 LEAD S1 sending heartbeat to 0
016224 LEAD S1 sending heartbeat to 2
016225 HERT S2 heartbeated from 1
016225 TIME S2 reset election timer to 1741915904802
016225 HERT S0 heartbeated from 1
016226 TIME S0 reset election timer to 1741915904652
016665 APP1 S1 (term 1) sending append (from 1 to 1) to 0
016665 APP1 S1 (term 1) sending append (from 1 to 1) to 2
labrpc.Service.dispatch(): unknown method AppendEntries in Raft.AppendEntries; expecting one of [ReceiveAppendEntries RequestVote]
exit status 1
FAIL	6.5840/raft1	1.668s
