000003 TIME S0 reset election timer to 1741915906107
000004 TIME S1 reset election timer to 1741915906148
000004 TIME S2 reset election timer to 1741915906122


CONNECTING 0



CONNECTING 1



CONNECTING 2

Test (3B): basic agreement (reliable network)...
020773 TIME S0 reset election timer to 1741915907655
020773 ELEC S0 starting election at 1741915906116
020773 ELEC S0 Starting election for term 1
020775 TIME S2 reset election timer to 1741915907817
020775 VOTE S2 (term 0) voted YES for 0 (term 1)
020776 LEAD S0 becomes leader for term 1
020776 TIME S1 reset election timer to 1741915907675
020776 VOTE S1 (term 0) voted YES for 0 (term 1)
021004 LEAD S0 sending heartbeat to 1
021005 LEAD S0 sending heartbeat to 2
021006 HERT S2 heartbeated from 0
021006 TIME S2 reset election timer to 1741915908151
021006 HERT S1 heartbeated from 0
021007 TIME S1 reset election timer to 1741915908168
021272 APP1 S0 (term 1) sending append (from 1 to 1) to 1
021273 APP1 S0 (term 1) sending append (from 1 to 1) to 2
labrpc.Service.dispatch(): unknown method AppendEntries in Raft.AppendEntries; expecting one of [ReceiveAppendEntries RequestVote]
labrpc.Service.dispatch(): unknown method AppendEntries in Raft.AppendEntries; expecting one of [ReceiveAppendEntries RequestVote]
exit status 1
FAIL	6.5840/raft1	2.129s
