000002 TIME S0 reset election timer to 1741915918047
000005 TIME S1 reset election timer to 1741915918511
000005 TIME S2 reset election timer to 1741915918561


CONNECTING 0



CONNECTING 1



CONNECTING 2

Test (3B): basic agreement (reliable network)...
016303 TIME S0 reset election timer to 1741915919744
016304 ELEC S0 starting election at 1741915918053
016304 ELEC S0 Starting election for term 1
016305 TIME S2 reset election timer to 1741915919615
016305 VOTE S2 (term 0) voted YES for 0 (term 1)
016305 LEAD S0 becomes leader for term 1
016305 TIME S1 reset election timer to 1741915919608
016305 VOTE S1 (term 0) voted YES for 0 (term 1)
016735 APP1 S0 (term 1) sending append (from 1 to 1) to 1
016735 APP1 S0 (term 1) sending append (from 1 to 1) to 2
labrpc.Service.dispatch(): unknown method AppendEntries in Raft.AppendEntries; expecting one of [RequestVote ReceiveAppendEntries]
labrpc.Service.dispatch(): unknown method AppendEntries in Raft.AppendEntries; expecting one of [ReceiveAppendEntries RequestVote]
exit status 1
FAIL	6.5840/raft1	1.675s
