000003 TIME S0 reset election timer to 1741915910944
000004 TIME S1 reset election timer to 1741915911040
000004 TIME S2 reset election timer to 1741915911504


CONNECTING 0



CONNECTING 1



CONNECTING 2

Test (3B): basic agreement (reliable network)...
015659 TIME S0 reset election timer to 1741915912688
015659 ELEC S0 starting election at 1741915910945
015659 ELEC S0 Starting election for term 1
015661 TIME S2 reset election timer to 1741915913013
015661 VOTE S2 (term 0) voted YES for 0 (term 1)
015661 LEAD S0 becomes leader for term 1
015661 TIME S1 reset election timer to 1741915912646
015662 VOTE S1 (term 0) voted YES for 0 (term 1)
015702 APP1 S0 (term 1) sending append (from 1 to 1) to 1
015703 APP1 S0 (term 1) sending append (from 1 to 1) to 2
labrpc.Service.dispatch(): unknown method AppendEntries in Raft.AppendEntries; expecting one of [ReceiveAppendEntries RequestVote]
exit status 1
FAIL	6.5840/raft1	1.572s
