000004 TIME S0 reset election timer to 1741915912154
000005 TIME S1 reset election timer to 1741915912165
000005 TIME S2 reset election timer to 1741915912275


CONNECTING 0



CONNECTING 1



CONNECTING 2

Test (3B): basic agreement (reliable network)...
017824 TIME S0 reset election timer to 1741915913965
017825 ELEC S0 starting election at 1741915912163
017825 ELEC S0 Starting election for term 1
017826 TIME S2 reset election timer to 1741915914300
017826 VOTE S2 (term 0) voted YES for 0 (term 1)
017827 LEAD S0 becomes leader for term 1
017827 TIME S1 reset election timer to 1741915913984
017827 VOTE S1 (term 0) voted YES for 0 (term 1)
018228 APP1 S0 (term 1) sending append (from 1 to 1) to 1
018228 APP1 S0 (term 1) sending append (from 1 to 1) to 2
labrpc.Service.dispatch(): unknown method AppendEntries in Raft.AppendEntries; expecting one of [ReceiveAppendEntries RequestVote]
exit status 1
FAIL	6.5840/raft1	1.825s
