000002 TIME S0 reset election timer to 1741915909988
000003 TIME S1 reset election timer to 1741915909461
000003 TIME S2 reset election timer to 1741915909698


CONNECTING 0



CONNECTING 1



CONNECTING 2

Test (3B): basic agreement (reliable network)...
015418 TIME S1 reset election timer to 1741915911350
015418 ELEC S1 starting election at 1741915909471
015418 ELEC S1 Starting election for term 1
015419 TIME S2 reset election timer to 1741915911526
015419 VOTE S2 (term 0) voted YES for 1 (term 1)
015419 TIME S0 reset election timer to 1741915911417
015419 VOTE S0 (term 0) voted YES for 1 (term 1)
015420 LEAD S1 becomes leader for term 1
015677 APP1 S1 (term 1) sending append (from 1 to 1) to 0
015678 APP1 S1 (term 1) sending append (from 1 to 1) to 2
labrpc.Service.dispatch(): unknown method AppendEntries in Raft.AppendEntries; expecting one of [ReceiveAppendEntries RequestVote]
exit status 1
FAIL	6.5840/raft1	1.570s
