000004 TIME S0 reset election timer to 1741915904100
000005 TIME S1 reset election timer to 1741915903992
000005 TIME S2 reset election timer to 1741915903671


CONNECTING 0



CONNECTING 1



CONNECTING 2

Test (3B): basic agreement (reliable network)...
015628 TIME S2 reset election timer to 1741915905564
015629 ELEC S2 starting election at 1741915903676
015629 ELEC S2 Starting election for term 1
015631 TIME S1 reset election timer to 1741915905332
015631 VOTE S1 (term 0) voted YES for 2 (term 1)
015631 LEAD S2 becomes leader for term 1
015631 TIME S0 reset election timer to 1741915905345
015632 VOTE S0 (term 0) voted YES for 2 (term 1)
015706 APP1 S2 (term 1) sending append (from 1 to 1) to 0
015706 APP1 S2 (term 1) sending append (from 1 to 1) to 1
labrpc.Service.dispatch(): unknown method AppendEntries in Raft.AppendEntries; expecting one of [RequestVote ReceiveAppendEntries]
exit status 1
FAIL	6.5840/raft1	1.573s
