000002 TIME S0 reset election timer to 1741915914866
000002 TIME S1 reset election timer to 1741915914629
000003 TIME S2 reset election timer to 1741915914671


CONNECTING 0



CONNECTING 1



CONNECTING 2

Test (3B): basic agreement (reliable network)...
018468 TIME S1 reset election timer to 1741915916365
018469 ELEC S1 starting election at 1741915914640
018469 ELEC S1 Starting election for term 1
018472 TIME S2 reset election timer to 1741915916285
018472 VOTE S2 (term 0) voted YES for 1 (term 1)
018472 TIME S0 reset election timer to 1741915916646
018473 LEAD S1 becomes leader for term 1
018473 VOTE S0 (term 0) voted YES for 1 (term 1)
018564 LEAD S1 sending heartbeat to 0
018564 LEAD S1 sending heartbeat to 2
018566 HERT S0 heartbeated from 1
018567 TIME S0 reset election timer to 1741915916675
018569 HERT S2 heartbeated from 1
018569 TIME S2 reset election timer to 1741915916715
018738 APP1 S1 (term 1) sending append (from 1 to 1) to 0
018738 APP1 S1 (term 1) sending append (from 1 to 1) to 2
labrpc.Service.dispatch(): unknown method AppendEntries in Raft.AppendEntries; expecting one of [ReceiveAppendEntries RequestVote]
labrpc.Service.dispatch(): unknown method AppendEntries in Raft.AppendEntries; expecting one of [ReceiveAppendEntries RequestVote]
exit status 1
FAIL	6.5840/raft1	1.876s
