000002 TIME S0 reset election timer to 1741915903654
000004 TIME S1 reset election timer to 1741915903185
000004 TIME S2 reset election timer to 1741915903113


CONNECTING 0



CONNECTING 1



CONNECTING 2

Test (3B): basic agreement (reliable network)...
015096 TIME S2 reset election timer to 1741915904166
015097 ELEC S2 starting election at 1741915902095
015097 ELEC S2 Starting election for term 1
015100 TIME S1 reset election timer to 1741915903853
015100 VOTE S1 (term 0) voted YES for 2 (term 1)
015100 LEAD S2 becomes leader for term 1
015100 TIME S0 reset election timer to 1741915904027
015100 VOTE S0 (term 0) voted YES for 2 (term 1)
015149 APP1 S2 (term 1) sending append (from 1 to 1) to 0
015149 APP1 S2 (term 1) sending append (from 1 to 1) to 1
labrpc.Service.dispatch(): unknown method AppendEntries in Raft.AppendEntries; expecting one of [ReceiveAppendEntries RequestVote]
labrpc.Service.dispatch(): unknown method AppendEntries in Raft.AppendEntries; expecting one of [ReceiveAppendEntries RequestVote]
exit status 1
FAIL	6.5840/raft1	1.517s
