000001 TIME S0 reset election timer to 1741915908603
000002 TIME S1 reset election timer to 1741915908362
000002 TIME S2 reset election timer to 1741915908225


CONNECTING 0



CONNECTING 1



CONNECTING 2

Test (3B): basic agreement (reliable network)...
017598 TIME S2 reset election timer to 1741915910235
017598 ELEC S2 starting election at 1741915908227
017598 ELEC S2 Starting election for term 1
017600 TIME S1 reset election timer to 1741915909844
017600 VOTE S1 (term 0) voted YES for 2 (term 1)
017600 LEAD S2 becomes leader for term 1
017600 TIME S0 reset election timer to 1741915910088
017600 VOTE S0 (term 0) voted YES for 2 (term 1)
017701 LEAD S2 sending heartbeat to 0
017701 LEAD S2 sending heartbeat to 1
017703 HERT S1 heartbeated from 2
017703 TIME S1 reset election timer to 1741915910349
017703 HERT S0 heartbeated from 2
017704 TIME S0 reset election timer to 1741915910145
017711 APP1 S2 (term 1) sending append (from 1 to 1) to 0
017711 APP1 S2 (term 1) sending append (from 1 to 1) to 1
labrpc.Service.dispatch(): unknown method AppendEntries in Raft.AppendEntries; expecting one of [ReceiveAppendEntries RequestVote]
labrpc.Service.dispatch(): unknown method AppendEntries in Raft.AppendEntries; expecting one of [RequestVote ReceiveAppendEntries]
exit status 1
FAIL	6.5840/raft1	1.773s
