000001 TIME S0 reset election timer to 1741915905621
000002 TIME S1 reset election timer to 1741915905592
000002 TIME S2 reset election timer to 1741915905398


CONNECTING 0



CONNECTING 1



CONNECTING 2

Test (3B): basic agreement (reliable network)...
015579 TIME S2 reset election timer to 1741915907367
015580 ELEC S2 starting election at 1741915905407
015580 ELEC S2 Starting election for term 1
015581 TIME S1 reset election timer to 1741915907040
015581 VOTE S1 (term 0) voted YES for 2 (term 1)
015581 TIME S0 reset election timer to 1741915907063
015581 VOTE S0 (term 0) voted YES for 2 (term 1)
015581 LEAD S2 becomes leader for term 1
015724 APP1 S2 (term 1) sending append (from 1 to 1) to 0
015725 APP1 S2 (term 1) sending append (from 1 to 1) to 1
labrpc.Service.dispatch(): unknown method AppendEntries in Raft.AppendEntries; expecting one of [ReceiveAppendEntries RequestVote]
exit status 1
FAIL	6.5840/raft1	1.574s
