000003 TIME S0 reset election timer to 1741915908438
000003 TIME S1 reset election timer to 1741915908009
000004 TIME S2 reset election timer to 1741915907928


CONNECTING 0



CONNECTING 1



CONNECTING 2

Test (3B): basic agreement (reliable network)...
015812 TIME S2 reset election timer to 1741915909974
015813 ELEC S2 starting election at 1741915907934
015813 ELEC S2 Starting election for term 1
015814 TIME S0 reset election timer to 1741915909802
015814 VOTE S0 (term 0) voted YES for 2 (term 1)
015814 TIME S1 reset election timer to 1741915909841
015814 VOTE S1 (term 0) voted YES for 2 (term 1)
015815 LEAD S2 becomes leader for term 1
016094 LEAD S2 sending heartbeat to 0
016094 LEAD S2 sending heartbeat to 1
016095 HERT S1 heartbeated from 2
016095 HERT S0 heartbeated from 2
016096 TIME S1 reset election timer to 1741915909841
016096 TIME S0 reset election timer to 1741915909802
016201 APP1 S2 (term 1) sending append (from 1 to 1) to 0
016201 APP1 S2 (term 1) sending append (from 1 to 1) to 1
labrpc.Service.dispatch(): unknown method AppendEntries in Raft.AppendEntries; expecting one of [ReceiveAppendEntries RequestVote]
labrpc.Service.dispatch(): unknown method AppendEntries in Raft.AppendEntries; expecting one of [ReceiveAppendEntries RequestVote]
exit status 1
FAIL	6.5840/raft1	1.622s
