000003 TIME S0 reset election timer to 1741915901763
000007 TIME S1 reset election timer to 1741915901543
000007 TIME S2 reset election timer to 1741915901881


CONNECTING 0



CONNECTING 1



CONNECTING 2

Test (3B): basic agreement (reliable network)...
016259 TIME S1 reset election timer to 1741915903538
016259 ELEC S1 starting election at 1741915901547
016259 ELEC S1 Starting election for term 1
016261 TIME S2 reset election timer to 1741915903540
016261 VOTE S2 (term 0) voted YES for 1 (term 1)
016262 TIME S0 reset election timer to 1741915903408
016262 VOTE S0 (term 0) voted YES for 1 (term 1)
016262 LEAD S1 becomes leader for term 1
016739 APP1 S1 (term 1) sending append (from 1 to 1) to 0
016740 APP1 S1 (term 1) sending append (from 1 to 1) to 2
labrpc.Service.dispatch(): unknown method AppendEntries in Raft.AppendEntries; expecting one of [RequestVote ReceiveAppendEntries]
exit status 1
FAIL	6.5840/raft1	1.676s
