000002 TIME S0 reset election timer to 1741915909717
000004 TIME S1 reset election timer to 1741915909867
000005 TIME S2 reset election timer to 1741915909478


CONNECTING 0



CONNECTING 1



CONNECTING 2

Test (3B): basic agreement (reliable network)...
016352 TIME S2 reset election timer to 1741915911189
016353 ELEC S2 starting election at 1741915909481
016353 ELEC S2 Starting election for term 1
016354 TIME S1 reset election timer to 1741915911375
016354 VOTE S1 (term 0) voted YES for 2 (term 1)
016354 LEAD S2 becomes leader for term 1
016354 TIME S0 reset election timer to 1741915911607
016354 VOTE S0 (term 0) voted YES for 2 (term 1)
016707 APP1 S2 (term 1) sending append (from 1 to 1) to 0
016707 APP1 S2 (term 1) sending append (from 1 to 1) to 1
labrpc.Service.dispatch(): unknown method AppendEntries in Raft.AppendEntries; expecting one of [RequestVote ReceiveAppendEntries]
exit status 1
FAIL	6.5840/raft1	1.673s
