000001 TIME S0 reset election timer to 1741915910927
000002 TIME S1 reset election timer to 1741915910839
000002 TIME S2 reset election timer to 1741915910922


CONNECTING 0



CONNECTING 1



CONNECTING 2

Test (3B): basic agreement (reliable network)...
019128 TIME S1 reset election timer to 1741915912613
019128 ELEC S1 starting election at 1741915910845
019128 ELEC S1 Starting election for term 1
019130 TIME S2 reset election timer to 1741915912923
019130 VOTE S2 (term 0) voted YES for 1 (term 1)
019130 TIME S0 reset election timer to 1741915912783
019130 LEAD S1 becomes leader for term 1
019130 VOTE S0 (term 0) voted YES for 1 (term 1)
019234 APP1 S1 (term 1) sending append (from 1 to 1) to 0
019235 APP1 S1 (term 1) sending append (from 1 to 1) to 2
labrpc.Service.dispatch(): unknown method AppendEntries in Raft.AppendEntries; expecting one of [ReceiveAppendEntries RequestVote]
exit status 1
FAIL	6.5840/raft1	1.925s
