000003 TIME S0 reset election timer to 1741915903816
000004 TIME S1 reset election timer to 1741915904104
000004 TIME S2 reset election timer to 1741915904412


CONNECTING 0



CONNECTING 1



CONNECTING 2

Test (3B): basic agreement (reliable network)...
015262 TIME S0 reset election timer to 1741915905748
015263 ELEC S0 starting election at 1741915903820
015263 ELEC S0 Starting election for term 1
015264 TIME S2 reset election timer to 1741915905460
015264 VOTE S2 (term 0) voted YES for 0 (term 1)
015265 LEAD S0 becomes leader for term 1
015265 TIME S1 reset election timer to 1741915905539
015265 VOTE S1 (term 0) voted YES for 0 (term 1)
015316 LEAD S0 sending heartbeat to 1
015316 LEAD S0 sending heartbeat to 2
015317 HERT S2 heartbeated from 0
015317 TIME S2 reset election timer to 1741915905867
015318 HERT S1 heartbeated from 0
015318 TIME S1 reset election timer to 1741915905949
015651 APP1 S0 (term 1) sending append (from 1 to 1) to 1
015651 APP1 S0 (term 1) sending append (from 1 to 1) to 2
labrpc.Service.dispatch(): unknown method AppendEntries in Raft.AppendEntries; expecting one of [ReceiveAppendEntries RequestVote]
exit status 1
FAIL	6.5840/raft1	1.567s
