000002 TIME S0 reset election timer to 1741915913580
000003 TIME S1 reset election timer to 1741915913733
000003 TIME S2 reset election timer to 1741915914022


CONNECTING 0



CONNECTING 1



CONNECTING 2

Test (3B): basic agreement (reliable network)...
016708 TIME S0 reset election timer to 1741915915088
016709 ELEC S0 starting election at 1741915913584
016709 ELEC S0 Starting election for term 1
016711 TIME S2 reset election timer to 1741915915238
016711 VOTE S2 (term 0) voted YES for 0 (term 1)
016711 LEAD S0 becomes leader for term 1
016712 TIME S1 reset election timer to 1741915915618
016712 VOTE S1 (term 0) voted YES for 0 (term 1)
016910 LEAD S0 sending heartbeat to 1
016911 LEAD S0 sending heartbeat to 2
016912 HERT S2 heartbeated from 0
016912 TIME S2 reset election timer to 1741915915566
016913 HERT S1 heartbeated from 0
016913 TIME S1 reset election timer to 1741915915618
017213 APP1 S0 (term 1) sending append (from 1 to 1) to 1
017214 APP1 S0 (term 1) sending append (from 1 to 1) to 2
labrpc.Service.dispatch(): unknown method AppendEntries in Raft.AppendEntries; expecting one of [ReceiveAppendEntries RequestVote]
exit status 1
FAIL	6.5840/raft1	1.723s
