000002 TIME S0 reset election timer to 1741915906870
000003 TIME S1 reset election timer to 1741915906343
000004 TIME S2 reset election timer to 1741915906526


CONNECTING 0



CONNECTING 1



CONNECTING 2

Test (3B): basic agreement (reliable network)...
015609 TIME S1 reset election timer to 1741915907857
015609 ELEC S1 starting election at 1741915906349
015609 ELEC S1 Starting election for term 1
015610 TIME S2 reset election timer to 1741915908485
015610 VOTE S2 (term 0) voted YES for 1 (term 1)
015610 TIME S0 reset election timer to 1741915908013
015610 VOTE S0 (term 0) voted YES for 1 (term 1)
015611 LEAD S1 becomes leader for term 1
015715 APP1 S1 (term 1) sending append (from 1 to 1) to 0
015716 APP1 S1 (term 1) sending append (from 1 to 1) to 2
labrpc.Service.dispatch(): unknown method AppendEntries in Raft.AppendEntries; expecting one of [ReceiveAppendEntries RequestVote]
exit status 1
FAIL	6.5840/raft1	1.573s
