000001 TIME S0 reset election timer to 1741915906130
000002 TIME S1 reset election timer to 1741915905962
000002 TIME S2 reset election timer to 1741915905886


CONNECTING 0



CONNECTING 1



CONNECTING 2

Test (3B): basic agreement (reliable network)...
018547 TIME S2 reset election timer to 1741915907670
018547 ELEC S2 starting election at 1741915905897
018548 ELEC S2 Starting election for term 1
018549 TIME S1 reset election timer to 1741915907509
018549 VOTE S1 (term 0) voted YES for 2 (term 1)
018549 TIME S0 reset election timer to 1741915907605
018549 VOTE S0 (term 0) voted YES for 2 (term 1)
018549 LEAD S2 becomes leader for term 1
018738 APP1 S2 (term 1) sending append (from 1 to 1) to 0
018738 APP1 S2 (term 1) sending append (from 1 to 1) to 1
labrpc.Service.dispatch(): unknown method AppendEntries in Raft.AppendEntries; expecting one of [RequestVote ReceiveAppendEntries]
labrpc.Service.dispatch(): unknown method AppendEntries in Raft.AppendEntries; expecting one of [ReceiveAppendEntries RequestVote]
exit status 1
FAIL	6.5840/raft1	1.876s
