000001 TIME S0 reset election timer to 1741915917448
000002 TIME S1 reset election timer to 1741915917121
000002 TIME S2 reset election timer to 1741915917344


CONNECTING 0



CONNECTING 1



CONNECTING 2

Test (3B): basic agreement (reliable network)...
017898 TIME S1 reset election timer to 1741915918901
017899 ELEC S1 starting election at 1741915917126
017899 ELEC S1 Starting election for term 1
017900 TIME S2 reset election timer to 1741915918891
017900 VOTE S2 (term 0) voted YES for 1 (term 1)
017901 LEAD S1 becomes leader for term 1
017901 TIME S0 reset election timer to 1741915918635
017901 VOTE S0 (term 0) voted YES for 1 (term 1)
018236 APP1 S1 (term 1) sending append (from 1 to 1) to 0
018236 APP1 S1 (term 1) sending append (from 1 to 1) to 2
labrpc.Service.dispatch(): unknown method AppendEntries in Raft.AppendEntries; expecting one of [RequestVote ReceiveAppendEntries]
exit status 1
FAIL	6.5840/raft1	1.825s
