000003 TIME S0 reset election timer to 1741915918586
000004 TIME S1 reset election timer to 1741915918605
000004 TIME S2 reset election timer to 1741915919045


CONNECTING 0



CONNECTING 1



CONNECTING 2

Test (3B): basic agreement (reliable network)...
015464 TIME S0 reset election timer to 1741915920535
015465 ELEC S0 starting election at 1741915918590
015465 ELEC S0 Starting election for term 1
015467 TIME S1 reset election timer to 1741915920170
015467 VOTE S1 (term 0) voted YES for 0 (term 1)
015467 TIME S2 reset election timer to 1741915920216
015467 VOTE S2 (term 0) voted YES for 0 (term 1)
015468 LEAD S0 becomes leader for term 1
015655 APP1 S0 (term 1) sending append (from 1 to 1) to 1
015656 APP1 S0 (term 1) sending append (from 1 to 1) to 2
labrpc.Service.dispatch(): unknown method AppendEntries in Raft.AppendEntries; expecting one of [ReceiveAppendEntries RequestVote]
exit status 1
FAIL	6.5840/raft1	1.567s
