000002 TIME S0 reset election timer to 1741915903242
000003 TIME S1 reset election timer to 1741915903750
000003 TIME S2 reset election timer to 1741915903582


CONNECTING 0



CONNECTING 1



CONNECTING 2

Test (3B): basic agreement (reliable network)...
016349 TIME S0 reset election timer to 1741915905247
016350 ELEC S0 starting election at 1741915903242
016350 ELEC S0 Starting election for term 1
016353 TIME S2 reset election timer to 1741915904971
016353 VOTE S2 (term 0) voted YES for 0 (term 1)
016354 LEAD S0 becomes leader for term 1
016356 TIME S1 reset election timer to 1741915905134
016357 VOTE S1 (term 0) voted YES for 0 (term 1)
016679 APP1 S0 (term 1) sending append (from 1 to 1) to 1
016679 APP1 S0 (term 1) sending append (from 1 to 1) to 2
labrpc.Service.dispatch(): unknown method AppendEntries in Raft.AppendEntries; expecting one of [ReceiveAppendEntries RequestVote]
exit status 1
FAIL	6.5840/raft1	1.670s
