000003 TIME S0 reset election timer to 1741915910304
000004 TIME S1 reset election timer to 1741915910420
000004 TIME S2 reset election timer to 1741915910198


CONNECTING 0



CONNECTING 1



CONNECTING 2

Test (3B): basic agreement (reliable network)...
017790 TIME S2 reset election timer to 1741915911970
017790 ELEC S2 starting election at 1741915910203
017790 ELEC S2 Starting election for term 1
017792 TIME S1 reset election timer to 1741915911883
017792 VOTE S1 (term 0) voted YES for 2 (term 1)
017793 LEAD S2 becomes leader for term 1
017795 TIME S0 reset election timer to 1741915912230
017795 VOTE S0 (term 0) voted YES for 2 (term 1)
018183 APP1 S2 (term 1) sending append (from 1 to 1) to 0
018184 APP1 S2 (term 1) sending append (from 1 to 1) to 1
labrpc.Service.dispatch(): unknown method AppendEntries in Raft.AppendEntries; expecting one of [ReceiveAppendEntries RequestVote]
exit status 1
FAIL	6.5840/raft1	1.820s
