000002 TIME S0 reset election timer to 1741915912372
000004 TIME S1 reset election timer to 1741915912429
000005 TIME S2 reset election timer to 1741915912326


CONNECTING 0



CONNECTING 1



CONNECTING 2

Test (3B): basic agreement (reliable network)...
017239 TIME S2 reset election timer to 1741915914183
017240 ELEC S2 starting election at 1741915912332
017240 ELEC S2 Starting election for term 1
017242 TIME S1 reset election timer to 1741915914285
017242 VOTE S1 (term 0) voted YES for 2 (term 1)
017242 LEAD S2 becomes leader for term 1
017243 TIME S0 reset election timer to 1741915913851
017243 VOTE S0 (term 0) voted YES for 2 (term 1)
017732 APP1 S2 (term 1) sending append (from 1 to 1) to 0
017733 APP1 S2 (term 1) sending append (from 1 to 1) to 1
labrpc.Service.dispatch(): unknown method AppendEntries in Raft.AppendEntries; expecting one of [ReceiveAppendEntries RequestVote]
labrpc.Service.dispatch(): unknown method AppendEntries in Raft.AppendEntries; expecting one of [ReceiveAppendEntries RequestVote]
exit status 1
FAIL	6.5840/raft1	1.775s
