000003 TIME S0 reset election timer to 1741915904428
000005 TIME S1 reset election timer to 1741915904471
000005 TIME S2 reset election timer to 1741915904295


CONNECTING 0



CONNECTING 1



CONNECTING 2

Test (3B): basic agreement (reliable network)...
015239 TIME S2 reset election timer to 1741915905941
015239 ELEC S2 starting election at 1741915904301
015239 ELEC S2 Starting election for term 1
015240 TIME S1 reset election timer to 1741915906117
015240 VOTE S1 (term 0) voted YES for 2 (term 1)
015241 LEAD S2 becomes leader for term 1
015241 TIME S0 reset election timer to 1741915905995
015241 VOTE S0 (term 0) voted YES for 2 (term 1)
015305 LEAD S2 sending heartbeat to 0
015305 LEAD S2 sending heartbeat to 1
015306 HERT S1 heartbeated from 2
015306 TIME S1 reset election timer to 1741915906117
015306 HERT S0 heartbeated from 2
015306 TIME S0 reset election timer to 1741915906121
015677 APP1 S2 (term 1) sending append (from 1 to 1) to 0
015677 APP1 S2 (term 1) sending append (from 1 to 1) to 1
labrpc.Service.dispatch(): unknown method AppendEntries in Raft.AppendEntries; expecting one of [ReceiveAppendEntries RequestVote]
exit status 1
FAIL	6.5840/raft1	1.569s
