000002 TIME S0 reset election timer to 1741915911956
000002 TIME S1 reset election timer to 1741915912170
000002 TIME S2 reset election timer to 1741915911919


CONNECTING 0



CONNECTING 1



CONNECTING 2

Test (3B): basic agreement (reliable network)...
016891 TIME S2 reset election timer to 1741915913813
016891 ELEC S2 starting election at 1741915911921
016891 ELEC S2 Starting election for term 1
016893 TIME S1 reset election timer to 1741915914052
016893 VOTE S1 (term 0) voted YES for 2 (term 1)
016893 LEAD S2 becomes leader for term 1
016894 TIME S0 reset election timer to 1741915913515
016894 VOTE S0 (term 0) voted YES for 2 (term 1)
016935 LEAD S2 sending heartbeat to 0
016935 LEAD S2 sending heartbeat to 1
016936 HERT S1 heartbeated from 2
016936 TIME S1 reset election timer to 1741915914052
016936 HERT S0 heartbeated from 2
016936 TIME S0 reset election timer to 1741915913528
017219 APP1 S2 (term 1) sending append (from 1 to 1) to 0
017219 APP1 S2 (term 1) sending append (from 1 to 1) to 1
labrpc.Service.dispatch(): unknown method AppendEntries in Raft.AppendEntries; expecting one of [RequestVote ReceiveAppendEntries]
labrpc.Service.dispatch(): unknown method AppendEntries in Raft.AppendEntries; expecting one of [RequestVote ReceiveAppendEntries]
exit status 1
FAIL	6.5840/raft1	1.724s
