000003 TIME S0 reset election timer to 1741915914255
000003 TIME S1 reset election timer to 1741915914018
000004 TIME S2 reset election timer to 1741915913689


CONNECTING 0



CONNECTING 1



CONNECTING 2

Test (3B): basic agreement (reliable network)...
015833 TIME S2 reset election timer to 1741915915690
015833 ELEC S2 starting election at 1741915913699
015833 ELEC S2 Starting election for term 1
015835 TIME S0 reset election timer to 1741915915844
015835 VOTE S0 (term 0) voted YES for 2 (term 1)
015835 TIME S1 reset election timer to 1741915915415
015835 VOTE S1 (term 0) voted YES for 2 (term 1)
015835 LEAD S2 becomes leader for term 1
016133 LEAD S2 sending heartbeat to 0
016134 LEAD S2 sending heartbeat to 1
016135 HERT S1 heartbeated from 2
016135 TIME S1 reset election timer to 1741915915450
016135 HERT S0 heartbeated from 2
016135 TIME S0 reset election timer to 1741915915844
016223 APP1 S2 (term 1) sending append (from 1 to 1) to 0
016224 APP1 S2 (term 1) sending append (from 1 to 1) to 1
labrpc.Service.dispatch(): unknown method AppendEntries in Raft.AppendEntries; expecting one of [ReceiveAppendEntries RequestVote]
exit status 1
FAIL	6.5840/raft1	1.624s
