000002 TIME S0 reset election timer to 1741915907614
000003 TIME S1 reset election timer to 1741915907750
000003 TIME S2 reset election timer to 1741915907686


CONNECTING 0



CONNECTING 1



CONNECTING 2

Test (3B): basic agreement (reliable network)...
018220 TIME S0 reset election timer to 1741915909126
018221 ELEC S0 starting election at 1741915907618
018221 ELEC S0 Starting election for term 1
018223 TIME S2 reset election timer to 1741915909636
018223 VOTE S2 (term 0) voted YES for 0 (term 1)
018224 LEAD S0 becomes leader for term 1
018224 TIME S1 reset election timer to 1741915909581
018224 VOTE S1 (term 0) voted YES for 0 (term 1)
018507 LEAD S0 sending heartbeat to 1
018507 LEAD S0 sending heartbeat to 2
018509 HERT S2 heartbeated from 0
018509 TIME S2 reset election timer to 1741915909636
018510 HERT S1 heartbeated from 0
018510 TIME S1 reset election timer to 1741915909581
018710 APP1 S0 (term 1) sending append (from 1 to 1) to 1
018710 APP1 S0 (term 1) sending append (from 1 to 1) to 2
labrpc.Service.dispatch(): unknown method AppendEntries in Raft.AppendEntries; expecting one of [ReceiveAppendEntries RequestVote]
exit status 1
FAIL	6.5840/raft1	1.873s
