000003 TIME S0 reset election timer to 1741915907702
000005 TIME S1 reset election timer to 1741915907882
000005 TIME S2 reset election timer to 1741915907948


CONNECTING 0



CONNECTING 1



CONNECTING 2

Test (3B): basic agreement (reliable network)...
016304 TIME S0 reset election timer to 1741915909608
016304 ELEC S0 starting election at 1741915907704
016304 ELEC S0 Starting election for term 1
016306 TIME S2 reset election timer to 1741915909579
016306 VOTE S2 (term 0) voted YES for 0 (term 1)
016306 LEAD S0 becomes leader for term 1
016306 TIME S1 reset election timer to 1741915909328
016306 VOTE S1 (term 0) voted YES for 0 (term 1)
016676 APP1 S0 (term 1) sending append (from 1 to 1) to 1
016676 APP1 S0 (term 1) sending append (from 1 to 1) to 2
labrpc.Service.dispatch(): unknown method AppendEntries in Raft.AppendEntries; expecting one of [ReceiveAppendEntries RequestVote]
exit status 1
FAIL	6.5840/raft1	1.670s
