000002 TIME S0 reset election timer to 1741915904207
000003 TIME S1 reset election timer to 1741915904308
000003 TIME S2 reset election timer to 1741915904521


CONNECTING 0



CONNECTING 1



CONNECTING 2

Test (3B): basic agreement (reliable network)...
017355 TIME S0 reset election timer to 1741915906349
017356 ELEC S0 starting election at 1741915904211
017356 ELEC S0 Starting election for term 1
017357 TIME S2 reset election timer to 1741915905917
017357 VOTE S2 (term 0) voted YES for 0 (term 1)
017357 TIME S1 reset election timer to 1741915906256
017358 LEAD S0 becomes leader for term 1
017358 VOTE S1 (term 0) voted YES for 0 (term 1)
017715 APP1 S0 (term 1) sending append (from 1 to 1) to 1
017716 APP1 S0 (term 1) sending append (from 1 to 1) to 2
labrpc.Service.dispatch(): unknown method AppendEntries in Raft.AppendEntries; expecting one of [ReceiveAppendEntries RequestVote]
exit status 1
FAIL	6.5840/raft1	1.773s
