000003 TIME S0 reset election timer to 1741915916767
000004 TIME S1 reset election timer to 1741915917208
000004 TIME S2 reset election timer to 1741915917174


CONNECTING 0



CONNECTING 1



CONNECTING 2

Test (3B): basic agreement (reliable network)...
015145 TIME S0 reset election timer to 1741915918425
015146 ELEC S0 starting election at 1741915916772
015146 ELEC S0 Starting election for term 1
015147 TIME S2 reset election timer to 1741915918442
015147 VOTE S2 (term 0) voted YES for 0 (term 1)
015147 LEAD S0 becomes leader for term 1
015148 TIME S1 reset election timer to 1741915918671
015148 VOTE S1 (term 0) voted YES for 0 (term 1)
015199 APP1 S0 (term 1) sending append (from 1 to 1) to 1
015199 APP1 S0 (term 1) sending append (from 1 to 1) to 2
labrpc.Service.dispatch(): unknown method AppendEntries in Raft.AppendEntries; expecting one of [ReceiveAppendEntries RequestVote]
exit status 1
FAIL	6.5840/raft1	1.522s
