000007 TIME S0 reset election timer to 1741915902736
000008 TIME S1 reset election timer to 1741915902639
000008 TIME S2 reset election timer to 1741915902744


CONNECTING 0



CONNECTING 1



CONNECTING 2

Test (3B): basic agreement (reliable network)...
018192 TIME S1 reset election timer to 1741915904189
018192 ELEC S1 starting election at 1741915902646
018192 ELEC S1 Starting election for term 1
018194 TIME S2 reset election timer to 1741915904213
018194 VOTE S2 (term 0) voted YES for 1 (term 1)
018194 LEAD S1 becomes leader for term 1
018194 TIME S0 reset election timer to 1741915904226
018194 VOTE S0 (term 0) voted YES for 1 (term 1)
018216 APP1 S1 (term 1) sending append (from 1 to 1) to 0
018216 APP1 S1 (term 1) sending append (from 1 to 1) to 2
labrpc.Service.dispatch(): unknown method AppendEntries in Raft.AppendEntries; expecting one of [RequestVote ReceiveAppendEntries]
exit status 1
FAIL	6.5840/raft1	1.823s
