000001 TIME S0 reset election timer to 1741915902113
000003 TIME S1 reset election timer to 1741915901984
000004 TIME S2 reset election timer to 1741915901660


CONNECTING 0



CONNECTING 1



CONNECTING 2

Test (3B): basic agreement (reliable network)...
015215 TIME S2 reset election timer to 1741915903488
015215 ELEC S2 starting election at 1741915901669
015215 ELEC S2 Starting election for term 1
015217 TIME S1 reset election timer to 1741915903402
015217 VOTE S1 (term 0) voted YES for 2 (term 1)
015217 LEAD S2 becomes leader for term 1
015217 TIME S0 reset election timer to 1741915903191
015217 VOTE S0 (term 0) voted YES for 2 (term 1)
015320 LEAD S2 sending heartbeat to 0
015320 LEAD S2 sending heartbeat to 1
015321 HERT S0 heartbeated from 2
015321 TIME S0 reset election timer to 1741915903345
015321 HERT S1 heartbeated from 2
015321 TIME S1 reset election timer to 1741915903556
015694 APP1 S2 (term 1) sending append (from 1 to 1) to 0
015694 APP1 S2 (term 1) sending append (from 1 to 1) to 1
labrpc.Service.dispatch(): unknown method AppendEntries in Raft.AppendEntries; expecting one of [ReceiveAppendEntries RequestVote]
exit status 1
FAIL	6.5840/raft1	1.571s
