000004 TIME S0 reset election timer to 1741915915321
000004 TIME S1 reset election timer to 1741915915307
000005 TIME S2 reset election timer to 1741915915006


CONNECTING 0



CONNECTING 1



CONNECTING 2

Test (3B): basic agreement (reliable network)...
016118 TIME S2 reset election timer to 1741915916582
016119 ELEC S2 starting election at 1741915915016
016119 ELEC S2 Starting election for term 1
016120 TIME S1 reset election timer to 1741915917100
016120 VOTE S1 (term 0) voted YES for 2 (term 1)
016121 LEAD S2 becomes leader for term 1
016122 TIME S0 reset election timer to 1741915916697
016122 VOTE S0 (term 0) voted YES for 2 (term 1)
016142 LEAD S2 sending heartbeat to 0
016142 LEAD S2 sending heartbeat to 1
016144 HERT S1 heartbeated from 2
016144 TIME S1 reset election timer to 1741915917100
016145 HERT S0 heartbeated from 2
016145 TIME S0 reset election timer to 1741915917160
016217 APP1 S2 (term 1) sending append (from 1 to 1) to 0
016217 APP1 S2 (term 1) sending append (from 1 to 1) to 1
labrpc.Service.dispatch(): unknown method AppendEntries in Raft.AppendEntries; expecting one of [RequestVote ReceiveAppendEntries]
exit status 1
FAIL	6.5840/raft1	1.623s
