000003 TIME S0 reset election timer to 1741915914441
000003 TIME S1 reset election timer to 1741915914603
000004 TIME S2 reset election timer to 1741915914176


CONNECTING 0



CONNECTING 1



CONNECTING 2

Test (3B): basic agreement (reliable network)...
015779 TIME S2 reset election timer to 1741915916044
015780 ELEC S2 starting election at 1741915914181
015780 ELEC S2 Starting election for term 1
015781 TIME S1 reset election timer to 1741915915721
015781 VOTE S1 (term 0) voted YES for 2 (term 1)
015781 LEAD S2 becomes leader for term 1
015781 TIME S0 reset election timer to 1741915915789
015782 VOTE S0 (term 0) voted YES for 2 (term 1)
016136 LEAD S2 sending heartbeat to 0
016137 LEAD S2 sending heartbeat to 1
016138 HERT S1 heartbeated from 2
016138 HERT S0 heartbeated from 2
016138 TIME S1 reset election timer to 1741915915721
016138 TIME S0 reset election timer to 1741915915789
016149 APP1 S2 (term 1) sending append (from 1 to 1) to 0
016149 APP1 S2 (term 1) sending append (from 1 to 1) to 1
labrpc.Service.dispatch(): unknown method AppendEntries in Raft.AppendEntries; expecting one of [ReceiveAppendEntries RequestVote]
exit status 1
FAIL	6.5840/raft1	1.616s
