000001 TIME S0 reset election timer to 1741915905267
000002 TIME S1 reset election timer to 1741915905232
000002 TIME S2 reset election timer to 1741915904943


CONNECTING 0



CONNECTING 1



CONNECTING 2

Test (3B): basic agreement (reliable network)...
017814 TIME S2 reset election timer to 1741915907007
017815 ELEC S2 starting election at 1741915904948
017815 ELEC S2 Starting election for term 1
017816 TIME S1 reset election timer to 1741915906969
017816 VOTE S1 (term 0) voted YES for 2 (term 1)
017816 LEAD S2 becomes leader for term 1
017817 TIME S0 reset election timer to 1741915907013
017817 VOTE S0 (term 0) voted YES for 2 (term 1)
018254 APP1 S2 (term 1) sending append (from 1 to 1) to 0
018254 APP1 S2 (term 1) sending append (from 1 to 1) to 1
labrpc.Service.dispatch(): unknown method AppendEntries in Raft.AppendEntries; expecting one of [ReceiveAppendEntries RequestVote]
exit status 1
FAIL	6.5840/raft1	1.827s
