000005 TIME S0 reset election timer to 1741915911797
000006 TIME S1 reset election timer to 1741915911457
000006 TIME S2 reset election timer to 1741915911297


CONNECTING 0



CONNECTING 1



CONNECTING 2

Test (3B): basic agreement (reliable network)...
015227 TIME S2 reset election timer to 1741915912923
015228 ELEC S2 starting election at 1741915911300
015228 ELEC S2 Starting election for term 1
015231 TIME S0 reset election timer to 1741915912915
015231 VOTE S0 (term 0) voted YES for 2 (term 1)
015231 TIME S1 reset election timer to 1741915913151
015232 VOTE S1 (term 0) voted YES for 2 (term 1)
015232 LEAD S2 becomes leader for term 1
015331 LEAD S2 sending heartbeat to 0
015331 LEAD S2 sending heartbeat to 1
015333 HERT S1 heartbeated from 2
015333 TIME S1 reset election timer to 1741915913151
015334 HERT S0 heartbeated from 2
015335 TIME S0 reset election timer to 1741915912915
015709 APP1 S2 (term 1) sending append (from 1 to 1) to 0
015709 APP1 S2 (term 1) sending append (from 1 to 1) to 1
labrpc.Service.dispatch(): unknown method AppendEntries in Raft.AppendEntries; expecting one of [ReceiveAppendEntries RequestVote]
labrpc.Service.dispatch(): unknown method AppendEntries in Raft.AppendEntries; expecting one of [ReceiveAppendEntries RequestVote]
exit status 1
FAIL	6.5840/raft1	1.573s
