000003 TIME S0 reset election timer to 1741915906494
000004 TIME S1 reset election timer to 1741915906563
000004 TIME S2 reset election timer to 1741915906236


CONNECTING 0



CONNECTING 1



CONNECTING 2

Test (3B): basic agreement (reliable network)...
017753 TIME S2 reset election timer to 1741915907856
017753 ELEC S2 starting election at 1741915906238
017753 ELEC S2 Starting election for term 1
017754 TIME S1 reset election timer to 1741915907853
017754 VOTE S1 (term 0) voted YES for 2 (term 1)
017755 TIME S0 reset election timer to 1741915908190
017755 VOTE S0 (term 0) voted YES for 2 (term 1)
017755 LEAD S2 becomes leader for term 1
018221 APP1 S2 (term 1) sending append (from 1 to 1) to 0
018222 APP1 S2 (term 1) sending append (from 1 to 1) to 1
labrpc.Service.dispatch(): unknown method AppendEntries in Raft.AppendEntries; expecting one of [ReceiveAppendEntries RequestVote]
exit status 1
FAIL	6.5840/raft1	1.824s
