000001 TIME S0 reset election timer to 1741915907173
000002 TIME S1 reset election timer to 1741915906945
000002 TIME S2 reset election timer to 1741915907333


CONNECTING 0



CONNECTING 1



CONNECTING 2

Test (3B): basic agreement (reliable network)...
017078 TIME S1 reset election timer to 1741915908668
017078 ELEC S1 starting election at 1741915906955
017078 ELEC S1 Starting election for term 1
017081 TIME S2 reset election timer to 1741915908824
017081 VOTE S2 (term 0) voted YES for 1 (term 1)
017081 LEAD S1 becomes leader for term 1
017082 TIME S0 reset election timer to 1741915908572
017082 VOTE S0 (term 0) voted YES for 1 (term 1)
017194 APP1 S1 (term 1) sending append (from 1 to 1) to 0
017194 APP1 S1 (term 1) sending append (from 1 to 1) to 2
labrpc.Service.dispatch(): unknown method AppendEntries in Raft.AppendEntries; expecting one of [ReceiveAppendEntries RequestVote]
exit status 1
FAIL	6.5840/raft1	1.721s
