000002 TIME S0 reset election timer to 1741915903076
000003 TIME S1 reset election timer to 1741915903306
000003 TIME S2 reset election timer to 1741915903469


CONNECTING 0



CONNECTING 1



CONNECTING 2

Test (3B): basic agreement (reliable network)...
016660 TIME S0 reset election timer to 1741915903696
016660 ELEC S0 starting election at 1741915902058
016660 ELEC S0 Starting election for term 1
016662 TIME S2 reset election timer to 1741915903860
016662 VOTE S2 (term 0) voted YES for 0 (term 1)
016662 LEAD S0 becomes leader for term 1
016663 TIME S1 reset election timer to 1741915904114
016663 VOTE S1 (term 0) voted YES for 0 (term 1)
016722 APP1 S0 (term 1) sending append (from 1 to 1) to 1
016722 APP1 S0 (term 1) sending append (from 1 to 1) to 2
labrpc.Service.dispatch(): unknown method AppendEntries in Raft.AppendEntries; expecting one of [ReceiveAppendEntries RequestVote]
exit status 1
FAIL	6.5840/raft1	1.674s
