000003 TIME S0 reset election timer to 1741915916184
000004 TIME S1 reset election timer to 1741915916256
000005 TIME S2 reset election timer to 1741915916328


CONNECTING 0



CONNECTING 1



CONNECTING 2

Test (3B): basic agreement (reliable network)...
019384 TIME S0 reset election timer to 1741915918111
019384 ELEC S0 starting election at 1741915916186
019384 ELEC S0 Starting election for term 1
019385 TIME S2 reset election timer to 1741915918087
019385 VOTE S2 (term 0) voted YES for 0 (term 1)
019386 LEAD S0 becomes leader for term 1
019386 TIME S1 reset election timer to 1741915917741
019386 VOTE S1 (term 0) voted YES for 0 (term 1)
019742 APP1 S0 (term 1) sending append (from 1 to 1) to 1
019742 APP1 S0 (term 1) sending append (from 1 to 1) to 2
labrpc.Service.dispatch(): unknown method AppendEntries in Raft.AppendEntries; expecting one of [ReceiveAppendEntries RequestVote]
exit status 1
FAIL	6.5840/raft1	1.976s
