000002 TIME S0 reset election timer to 1741915911828
000003 TIME S1 reset election timer to 1741915912022
000003 TIME S2 reset election timer to 1741915911698


CONNECTING 0



CONNECTING 1



CONNECTING 2

Test (3B): basic agreement (reliable network)...
016479 TIME S2 reset election timer to 1741915913221
016479 ELEC S2 starting election at 1741915911699
016479 ELEC S2 Starting election for term 1
016481 TIME S1 reset election timer to 1741915913664
016481 VOTE S1 (term 0) voted YES for 2 (term 1)
016481 LEAD S2 becomes leader for term 1
016481 TIME S0 reset election timer to 1741915913762
016481 VOTE S0 (term 0) voted YES for 2 (term 1)
016736 APP1 S2 (term 1) sending append (from 1 to 1) to 0
016736 APP1 S2 (term 1) sending append (from 1 to 1) to 1
labrpc.Service.dispatch(): unknown method AppendEntries in Raft.AppendEntries; expecting one of [ReceiveAppendEntries RequestVote]
labrpc.Service.dispatch(): unknown method AppendEntries in Raft.AppendEntries; expecting one of [RequestVote ReceiveAppendEntries]
exit status 1
FAIL	6.5840/raft1	1.675s
