000002 TIME S0 reset election timer to 1741915902114
000003 TIME S1 reset election timer to 1741915902179
000003 TIME S2 reset election timer to 1741915901942


CONNECTING 0



CONNECTING 1



CONNECTING 2

Test (3B): basic agreement (reliable network)...
018654 TIME S2 reset election timer to 1741915902579
018655 ELEC S2 starting election at 1741915900929
018655 ELEC S2 Starting election for term 1
018657 TIME S1 reset election timer to 1741915902750
018657 VOTE S1 (term 0) voted YES for 2 (term 1)
018657 TIME S0 reset election timer to 1741915902699
018657 VOTE S0 (term 0) voted YES for 2 (term 1)
018658 LEAD S2 becomes leader for term 1
018738 APP1 S2 (term 1) sending append (from 1 to 1) to 0
018738 APP1 S2 (term 1) sending append (from 1 to 1) to 1
labrpc.Service.dispatch(): unknown method AppendEntries in Raft.AppendEntries; expecting one of [RequestVote ReceiveAppendEntries]
exit status 1
FAIL	6.5840/raft1	1.876s
