000003 TIME S0 reset election timer to 1741915904642
000004 TIME S1 reset election timer to 1741915904736
000005 TIME S2 reset election timer to 1741915904885


CONNECTING 0



CONNECTING 1



CONNECTING 2

Test (3B): basic agreement (reliable network)...
018622 TIME S0 reset election timer to 1741915906334
018622 ELEC S0 starting election at 1741915904653
018622 ELEC S0 Starting election for term 1
018624 TIME S2 reset election timer to 1741915906245
018624 VOTE S2 (term 0) voted YES for 0 (term 1)
018624 TIME S1 reset election timer to 1741915906767
018624 VOTE S1 (term 0) voted YES for 0 (term 1)
018624 LEAD S0 becomes leader for term 1
018735 APP1 S0 (term 1) sending append (from 1 to 1) to 1
018735 APP1 S0 (term 1) sending append (from 1 to 1) to 2
labrpc.Service.dispatch(): unknown method AppendEntries in Raft.AppendEntries; expecting one of [ReceiveAppendEntries RequestVote]
labrpc.Service.dispatch(): unknown method AppendEntries in Raft.AppendEntries; expecting one of [RequestVote ReceiveAppendEntries]
exit status 1
FAIL	6.5840/raft1	1.875s
