000003 TIME S0 reset election timer to 1741915902637
000004 TIME S1 reset election timer to 1741915902574
000004 TIME S2 reset election timer to 1741915902594


CONNECTING 0



CONNECTING 1



CONNECTING 2

Test (3B): basic agreement (reliable network)...
016908 TIME S1 reset election timer to 1741915904552
016909 ELEC S1 starting election at 1741915902574
016909 ELEC S1 Starting election for term 1
016911 TIME S2 reset election timer to 1741915904610
016911 VOTE S2 (term 0) voted YES for 1 (term 1)
016912 LEAD S1 becomes leader for term 1
016912 TIME S0 reset election timer to 1741915904297
016912 VOTE S0 (term 0) voted YES for 1 (term 1)
016919 LEAD S1 sending heartbeat to 0
016919 LEAD S1 sending heartbeat to 2
016920 HERT S2 heartbeated from 1
016920 TIME S2 reset election timer to 1741915904691
016921 HERT S0 heartbeated from 1
016921 TIME S0 reset election timer to 1741915904457
017167 APP1 S1 (term 1) sending append (from 1 to 1) to 0
017167 APP1 S1 (term 1) sending append (from 1 to 1) to 2
labrpc.Service.dispatch(): unknown method AppendEntries in Raft.AppendEntries; expecting one of [ReceiveAppendEntries RequestVote]
exit status 1
FAIL	6.5840/raft1	1.719s
