000002 TIME S0 reset election timer to 1741915910152
000004 TIME S1 reset election timer to 1741915909850
000004 TIME S2 reset election timer to 1741915909833


CONNECTING 0



CONNECTING 1



CONNECTING 2

Test (3B): basic agreement (reliable network)...
016508 TIME S2 reset election timer to 1741915911730
016509 ELEC S2 starting election at 1741915909839
016509 ELEC S2 Starting election for term 1
016510 TIME S1 reset election timer to 1741915911872
016510 VOTE S1 (term 0) voted YES for 2 (term 1)
016510 TIME S0 reset election timer to 1741915911845
016510 VOTE S0 (term 0) voted YES for 2 (term 1)
016510 LEAD S2 becomes leader for term 1
016715 APP1 S2 (term 1) sending append (from 1 to 1) to 0
016715 APP1 S2 (term 1) sending append (from 1 to 1) to 1
labrpc.Service.dispatch(): unknown method AppendEntries in Raft.AppendEntries; expecting one of [ReceiveAppendEntries RequestVote]
labrpc.Service.dispatch(): unknown method AppendEntries in Raft.AppendEntries; expecting one of [ReceiveAppendEntries RequestVote]
exit status 1
FAIL	6.5840/raft1	1.673s
