000002 TIME S0 reset election timer to 1741915908509
000003 TIME S1 reset election timer to 1741915909048
000004 TIME S2 reset election timer to 1741915908719


CONNECTING 0



CONNECTING 1



CONNECTING 2

Test (3B): basic agreement (reliable network)...
015148 TIME S0 reset election timer to 1741915910414
015149 ELEC S0 starting election at 1741915908510
015149 ELEC S0 Starting election for term 1
015150 TIME S2 reset election timer to 1741915910398
015150 VOTE S2 (term 0) voted YES for 0 (term 1)
015151 LEAD S0 becomes leader for term 1
015151 TIME S1 reset election timer to 1741915910451
015151 VOTE S1 (term 0) voted YES for 0 (term 1)
015203 APP1 S0 (term 1) sending append (from 1 to 1) to 1
015203 APP1 S0 (term 1) sending append (from 1 to 1) to 2
labrpc.Service.dispatch(): unknown method AppendEntries in Raft.AppendEntries; expecting one of [ReceiveAppendEntries RequestVote]
exit status 1
FAIL	6.5840/raft1	1.522s
