000003 TIME S0 reset election timer to 1741915901688
000004 TIME S1 reset election timer to 1741915901772
000004 TIME S2 reset election timer to 1741915901385


CONNECTING 0



CONNECTING 1



CONNECTING 2

Test (3B): basic agreement (reliable network)...
016521 TIME S2 reset election timer to 1741915903151
016522 ELEC S2 starting election at 1741915901387
016522 ELEC S2 Starting election for term 1
016524 TIME S1 reset election timer to 1741915903036
016524 VOTE S1 (term 0) voted YES for 2 (term 1)
016524 TIME S0 reset election timer to 1741915903411
016525 VOTE S0 (term 0) voted YES for 2 (term 1)
016524 LEAD S2 becomes leader for term 1
016729 APP1 S2 (term 1) sending append (from 1 to 1) to 0
016729 APP1 S2 (term 1) sending append (from 1 to 1) to 1
labrpc.Service.dispatch(): unknown method AppendEntries in Raft.AppendEntries; expecting one of [ReceiveAppendEntries RequestVote]
exit status 1
FAIL	6.5840/raft1	1.675s
