000003 TIME S0 reset election timer to 1741915907251
000004 TIME S1 reset election timer to 1741915907517
000004 TIME S2 reset election timer to 1741915907603


CONNECTING 0



CONNECTING 1



CONNECTING 2

Test (3B): basic agreement (reliable network)...
016547 TIME S0 reset election timer to 1741915909219
016547 ELEC S0 starting election at 1741915907257
016547 ELEC S0 Starting election for term 1
016549 TIME S2 reset election timer to 1741915908895
016549 VOTE S2 (term 0) voted YES for 0 (term 1)
016550 TIME S1 reset election timer to 1741915909218
016550 VOTE S1 (term 0) voted YES for 0 (term 1)
016550 LEAD S0 becomes leader for term 1
016698 APP1 S0 (term 1) sending append (from 1 to 1) to 1
016698 APP1 S0 (term 1) sending append (from 1 to 1) to 2
labrpc.Service.dispatch(): unknown method AppendEntries in Raft.AppendEntries; expecting one of [ReceiveAppendEntries RequestVote]
exit status 1
FAIL	6.5840/raft1	1.672s
