000001 TIME S0 reset election timer to 1741915902099
000004 TIME S1 reset election timer to 1741915902297
000004 TIME S2 reset election timer to 1741915902441


CONNECTING 0



CONNECTING 1



CONNECTING 2

Test (3B): basic agreement (reliable network)...
016968 TIME S0 reset election timer to 1741915903165
016968 ELEC S0 starting election at 1741915901088
016968 ELEC S0 Starting election for term 1
016970 TIME S2 reset election timer to 1741915902728
016970 VOTE S2 (term 0) voted YES for 0 (term 1)
016971 LEAD S0 becomes leader for term 1
016971 TIME S1 reset election timer to 1741915903171
016971 VOTE S1 (term 0) voted YES for 0 (term 1)
017224 APP1 S0 (term 1) sending append (from 1 to 1) to 1
017225 APP1 S0 (term 1) sending append (from 1 to 1) to 2
labrpc.Service.dispatch(): unknown method AppendEntries in Raft.AppendEntries; expecting one of [ReceiveAppendEntries RequestVote]
exit status 1
FAIL	6.5840/raft1	1.724s
