000003 TIME S0 reset election timer to 1741915914152
000004 TIME S1 reset election timer to 1741915913967
000005 TIME S2 reset election timer to 1741915913943


CONNECTING 0



CONNECTING 1



CONNECTING 2

Test (3B): basic agreement (reliable network)...
015511 TIME S2 reset election timer to 1741915915714
015512 ELEC S2 starting election at 1741915913948
015512 ELEC S2 Starting election for term 1
015513 TIME S1 reset election timer to 1741915915593
015513 VOTE S1 (term 0) voted YES for 2 (term 1)
015514 TIME S0 reset election timer to 1741915915928
015514 VOTE S0 (term 0) voted YES for 2 (term 1)
015514 LEAD S2 becomes leader for term 1
015718 APP1 S2 (term 1) sending append (from 1 to 1) to 0
015718 APP1 S2 (term 1) sending append (from 1 to 1) to 1
labrpc.Service.dispatch(): unknown method AppendEntries in Raft.AppendEntries; expecting one of [ReceiveAppendEntries RequestVote]
exit status 1
FAIL	6.5840/raft1	1.574s
