000006 TIME S0 reset election timer to 1741915920949
000007 TIME S1 reset election timer to 1741915921019
000007 TIME S2 reset election timer to 1741915921015


CONNECTING 0



CONNECTING 1



CONNECTING 2

Test (3B): basic agreement (reliable network)...
015622 TIME S0 reset election timer to 1741915922516
015622 ELEC S0 starting election at 1741915920951
015622 ELEC S0 Starting election for term 1
015623 TIME S2 reset election timer to 1741915922547
015623 VOTE S2 (term 0) voted YES for 0 (term 1)
015623 TIME S1 reset election timer to 1741915923023
015624 VOTE S1 (term 0) voted YES for 0 (term 1)
015624 LEAD S0 becomes leader for term 1
015709 APP1 S0 (term 1) sending append (from 1 to 1) to 1
015709 APP1 S0 (term 1) sending append (from 1 to 1) to 2
labrpc.Service.dispatch(): unknown method AppendEntries in Raft.AppendEntries; expecting one of [ReceiveAppendEntries RequestVote]
exit status 1
FAIL	6.5840/raft1	1.573s
