000003 TIME S0 reset election timer to 1741915919745
000004 TIME S1 reset election timer to 1741915919695
000005 TIME S2 reset election timer to 1741915919643


CONNECTING 0



CONNECTING 1



CONNECTING 2

Test (3B): basic agreement (reliable network)...
019724 TIME S2 reset election timer to 1741915921488
019725 ELEC S2 starting election at 1741915919644
019725 ELEC S2 Starting election for term 1
019726 TIME S1 reset election timer to 1741915921351
019726 VOTE S1 (term 0) voted YES for 2 (term 1)
019726 LEAD S2 becomes leader for term 1
019727 TIME S0 reset election timer to 1741915921738
019727 VOTE S0 (term 0) voted YES for 2 (term 1)
020175 LEAD S2 sending heartbeat to 0
020175 LEAD S2 sending heartbeat to 1
020177 HERT S1 heartbeated from 2
020177 TIME S1 reset election timer to 1741915921767
020178 HERT S0 heartbeated from 2
020178 TIME S0 reset election timer to 1741915921740
020210 APP1 S2 (term 1) sending append (from 1 to 1) to 0
020210 APP1 S2 (term 1) sending append (from 1 to 1) to 1
labrpc.Service.dispatch(): unknown method AppendEntries in Raft.AppendEntries; expecting one of [ReceiveAppendEntries RequestVote]
exit status 1
FAIL	6.5840/raft1	2.023s
