000001 TIME S0 reset election timer to 1741915921225
000004 TIME S1 reset election timer to 1741915921262
000004 TIME S2 reset election timer to 1741915920796


CONNECTING 0



CONNECTING 1



CONNECTING 2

Test (3B): basic agreement (reliable network)...
015935 TIME S2 reset election timer to 1741915922776
015935 ELEC S2 starting election at 1741915920798
015935 ELEC S2 Starting election for term 1
015938 TIME S1 reset election timer to 1741915922315
015938 VOTE S1 (term 0) voted YES for 2 (term 1)
015939 LEAD S2 becomes leader for term 1
015939 TIME S0 reset election timer to 1741915922736
015939 VOTE S0 (term 0) voted YES for 2 (term 1)
016128 LEAD S2 sending heartbeat to 0
016128 LEAD S2 sending heartbeat to 1
016130 HERT S0 heartbeated from 2
016130 TIME S0 reset election timer to 1741915922870
016130 HERT S1 heartbeated from 2
016130 TIME S1 reset election timer to 1741915922838
016174 APP1 S2 (term 1) sending append (from 1 to 1) to 0
016174 APP1 S2 (term 1) sending append (from 1 to 1) to 1
labrpc.Service.dispatch(): unknown method AppendEntries in Raft.AppendEntries; expecting one of [ReceiveAppendEntries RequestVote]
labrpc.Service.dispatch(): unknown method AppendEntries in Raft.AppendEntries; expecting one of [ReceiveAppendEntries RequestVote]
exit status 1
FAIL	6.5840/raft1	1.619s
