000001 TIME S0 reset election timer to 1741915921455
000002 TIME S1 reset election timer to 1741915921050
000002 TIME S2 reset election timer to 1741915921199


CONNECTING 0



CONNECTING 1



CONNECTING 2

Test (3B): basic agreement (reliable network)...
015670 TIME S1 reset election timer to 1741915922847
015670 ELEC S1 starting election at 1741915921054
015670 ELEC S1 Starting election for term 1
015671 TIME S2 reset election timer to 1741915923104
015671 VOTE S2 (term 0) voted YES for 1 (term 1)
015672 LEAD S1 becomes leader for term 1
015673 TIME S0 reset election timer to 1741915922705
015673 VOTE S0 (term 0) voted YES for 1 (term 1)
015703 APP1 S1 (term 1) sending append (from 1 to 1) to 0
015703 APP1 S1 (term 1) sending append (from 1 to 1) to 2
labrpc.Service.dispatch(): unknown method AppendEntries in Raft.AppendEntries; expecting one of [ReceiveAppendEntries RequestVote]
exit status 1
FAIL	6.5840/raft1	1.572s
