000004 TIME S0 reset election timer to 1741915919650
000005 TIME S1 reset election timer to 1741915919434
000005 TIME S2 reset election timer to 1741915919732


CONNECTING 0



CONNECTING 1



CONNECTING 2

Test (3B): basic agreement (reliable network)...
017479 TIME S1 reset election timer to 1741915921249
017479 ELEC S1 starting election at 1741915919434
017479 ELEC S1 Starting election for term 1
017481 TIME S2 reset election timer to 1741915921378
017481 VOTE S2 (term 0) voted YES for 1 (term 1)
017481 LEAD S1 becomes leader for term 1
017482 TIME S0 reset election timer to 1741915921248
017482 VOTE S0 (term 0) voted YES for 1 (term 1)
017707 APP1 S1 (term 1) sending append (from 1 to 1) to 0
017707 APP1 S1 (term 1) sending append (from 1 to 1) to 2
labrpc.Service.dispatch(): unknown method AppendEntries in Raft.AppendEntries; expecting one of [ReceiveAppendEntries RequestVote]
exit status 1
FAIL	6.5840/raft1	1.773s
