000003 TIME S0 reset election timer to 1741915920486
000004 TIME S1 reset election timer to 1741915920764
000004 TIME S2 reset election timer to 1741915920516


CONNECTING 0



CONNECTING 1



CONNECTING 2

Test (3B): basic agreement (reliable network)...
017079 TIME S0 reset election timer to 1741915922553
017079 ELEC S0 starting election at 1741915920493
017079 ELEC S0 Starting election for term 1
017080 TIME S2 reset election timer to 1741915922527
017080 VOTE S2 (term 0) voted YES for 0 (term 1)
017080 LEAD S0 becomes leader for term 1
017081 TIME S1 reset election timer to 1741915922367
017081 VOTE S1 (term 0) voted YES for 0 (term 1)
017231 APP1 S0 (term 1) sending append (from 1 to 1) to 1
017231 APP1 S0 (term 1) sending append (from 1 to 1) to 2
labrpc.Service.dispatch(): unknown method AppendEntries in Raft.AppendEntries; expecting one of [ReceiveAppendEntries RequestVote]
exit status 1
FAIL	6.5840/raft1	1.725s
