000003 TIME S0 reset election timer to 1741915919430
000003 TIME S1 reset election timer to 1741915919292
000004 TIME S2 reset election timer to 1741915919439


CONNECTING 0



CONNECTING 1



CONNECTING 2

Test (3B): basic agreement (reliable network)...
015453 TIME S1 reset election timer to 1741915920857
015453 ELEC S1 starting election at 1741915919295
015454 ELEC S1 Starting election for term 1
015456 TIME S2 reset election timer to 1741915921110
015456 VOTE S2 (term 0) voted YES for 1 (term 1)
015457 TIME S0 reset election timer to 1741915920820
015457 VOTE S0 (term 0) voted YES for 1 (term 1)
015457 LEAD S1 becomes leader for term 1
015680 APP1 S1 (term 1) sending append (from 1 to 1) to 0
015681 APP1 S1 (term 1) sending append (from 1 to 1) to 2
labrpc.Service.dispatch(): unknown method AppendEntries in Raft.AppendEntries; expecting one of [ReceiveAppendEntries RequestVote]
exit status 1
FAIL	6.5840/raft1	1.570s
