000003 TIME S0 reset election timer to 1741915920015
000004 TIME S1 reset election timer to 1741915919826
000004 TIME S2 reset election timer to 1741915920399


CONNECTING 0



CONNECTING 1



CONNECTING 2

Test (3B): basic agreement (reliable network)...
015525 TIME S1 reset election timer to 1741915921974
015525 ELEC S1 starting election at 1741915919826
015525 ELEC S1 Starting election for term 1
015527 TIME S2 reset election timer to 1741915921809
015527 VOTE S2 (term 0) voted YES for 1 (term 1)
015527 LEAD S1 becomes leader for term 1
015528 TIME S0 reset election timer to 1741915921903
015528 VOTE S0 (term 0) voted YES for 1 (term 1)
015735 APP1 S1 (term 1) sending append (from 1 to 1) to 0
015735 APP1 S1 (term 1) sending append (from 1 to 1) to 2
labrpc.Service.dispatch(): unknown method AppendEntries in Raft.AppendEntries; expecting one of [ReceiveAppendEntries RequestVote]
exit status 1
FAIL	6.5840/raft1	1.576s
