000006 TIME S0 reset election timer to 1741915919603
000007 TIME S1 reset election timer to 1741915919335
000007 TIME S2 reset election timer to 1741915919145


CONNECTING 0



CONNECTING 1



CONNECTING 2

Test (3B): basic agreement (reliable network)...
016867 TIME S2 reset election timer to 1741915921141
016868 ELEC S2 starting election at 1741915919147
016868 ELEC S2 Starting election for term 1
016869 TIME S0 reset election timer to 1741915921125
016869 VOTE S0 (term 0) voted YES for 2 (term 1)
016869 TIME S1 reset election timer to 1741915920814
016869 VOTE S1 (term 0) voted YES for 2 (term 1)
016869 LEAD S2 becomes leader for term 1
016933 LEAD S2 sending heartbeat to 0
016933 LEAD S2 sending heartbeat to 1
016934 HERT S1 heartbeated from 2
016934 TIME S1 reset election timer to 1741915920981
016934 HERT S0 heartbeated from 2
016934 TIME S0 reset election timer to 1741915921125
017237 APP1 S2 (term 1) sending append (from 1 to 1) to 0
017238 APP1 S2 (term 1) sending append (from 1 to 1) to 1
labrpc.Service.dispatch(): unknown method AppendEntries in Raft.AppendEntries; expecting one of [ReceiveAppendEntries RequestVote]
exit status 1
FAIL	6.5840/raft1	1.725s
