000009 TIME S0 reset election timer to 1741911473262
000012 TIME S1 reset election timer to 1741911472837
000012 TIME S2 reset election timer to 1741911473367


CONNECTING 0



CONNECTING 1



CONNECTING 2

Test (3B): rejoin of partitioned leader (reliable network)...
015456 TIME S1 reset election timer to 1741911474540
015457 ELEC S1 starting election at 1741911472839
015457 ELEC S1 Starting election for term 1
015459 TIME S0 reset election timer to 1741911474872
015459 VOTE S0 (term 0) voted YES for 1 (term 1)
015459 TIME S2 reset election timer to 1741911474956
015459 VOTE S2 (term 0) voted YES for 1 (term 1)
015459 LEAD S1 becomes leader for term 1
015753 APP1 S1 sending append (from 1 to 1) to 2
015755 HERT S2 heartbeated from 1
015755 TIME S2 reset election timer to 1741911474956
015755 APP2 S2 (term 1) APPENDED 1-1 from 1 (term 1)
015755 APP1 S1 sending append (from 1 to 1) to 0
015756 APP3 S1 (term 1) SUCCEEDED append (until 1) to 2
015756 LEAD S1 updating commit index
015756 CMIT S1 (LEADER) commit index -> 1
015756 LEAD S1 DONE updating commit index
015757 HERT S0 heartbeated from 1
015757 TIME S0 reset election timer to 1741911474872
015757 APP2 S0 (term 1) APPENDED 1-1 from 1 (term 1)
015757 APP3 S1 (term 1) SUCCEEDED append (until 1) to 0
015757 LEAD S1 updating commit index
015757 LEAD S1 DONE updating commit index
016141 LEAD S1 sending heartbeat to 0
016141 LEAD S1 sending heartbeat to 2
016142 HERT S2 heartbeated from 1
016142 TIME S2 reset election timer to 1741911474961
016142 CMIT S2 commit index -> 1 (from 0)
016142 HERT S0 heartbeated from 1
016142 TIME S0 reset election timer to 1741911475037
016142 CMIT S0 commit index -> 1 (from 0)
016944 LEAD S1 sending heartbeat to 0
016944 LEAD S1 sending heartbeat to 2
016945 HERT S0 heartbeated from 1
016945 HERT S2 heartbeated from 1
016945 TIME S2 reset election timer to 1741911474964
016945 TIME S0 reset election timer to 1741911475090
017746 LEAD S1 sending heartbeat to 0
017746 LEAD S1 sending heartbeat to 2
017747 HERT S2 heartbeated from 1
017747 TIME S2 reset election timer to 1741911474964
017748 HERT S0 heartbeated from 1
017748 TIME S0 reset election timer to 1741911475090
018551 LEAD S1 sending heartbeat to 0
018551 LEAD S1 sending heartbeat to 2
018552 HERT S2 heartbeated from 1
018552 TIME S2 reset election timer to 1741911475276
018553 HERT S0 heartbeated from 1
018553 TIME S0 reset election timer to 1741911475090
019355 LEAD S1 sending heartbeat to 0
019355 LEAD S1 sending heartbeat to 2
019356 HERT S2 heartbeated from 1
019356 TIME S2 reset election timer to 1741911475276
019356 HERT S0 heartbeated from 1
019357 TIME S0 reset election timer to 1741911475264
020163 LEAD S1 sending heartbeat to 0
020164 LEAD S1 sending heartbeat to 2
020164 HERT S2 heartbeated from 1
020164 TIME S2 reset election timer to 1741911475276
020164 HERT S0 heartbeated from 1
020165 TIME S0 reset election timer to 1741911475264
020964 LEAD S1 sending heartbeat to 0
020964 LEAD S1 sending heartbeat to 2
020965 HERT S2 heartbeated from 1
020965 TIME S2 reset election timer to 1741911475462
020965 HERT S0 heartbeated from 1
020966 TIME S0 reset election timer to 1741911475462


DISCONNECTING 1

021158 LEAD S1 DISCONNECTED
021159 APP1 S1 sending append (from 2 to 4) to 2
021159 APP1 S1 sending append (from 2 to 4) to 0
021159 APP1 S1 sending append (from 2 to 4) to 2
021159 APP1 S1 sending append (from 2 to 4) to 2
021160 APP1 S1 sending append (from 2 to 4) to 0
021160 APP1 S1 sending append (from 2 to 4) to 0
021771 LEAD S1 sending heartbeat to 0
021771 LEAD S1 sending heartbeat to 2
022581 LEAD S1 sending heartbeat to 0
022581 LEAD S1 sending heartbeat to 2
023388 LEAD S1 sending heartbeat to 0
023388 LEAD S1 sending heartbeat to 2
024193 LEAD S1 sending heartbeat to 0
024194 LEAD S1 sending heartbeat to 2
025004 LEAD S1 sending heartbeat to 0
025004 LEAD S1 sending heartbeat to 2
025814 LEAD S1 sending heartbeat to 0
025815 LEAD S1 sending heartbeat to 2
026625 LEAD S1 sending heartbeat to 0
026625 LEAD S1 sending heartbeat to 2
027435 LEAD S1 sending heartbeat to 0
027435 LEAD S1 sending heartbeat to 2
028244 LEAD S1 sending heartbeat to 0
028244 LEAD S1 sending heartbeat to 2
029052 LEAD S1 sending heartbeat to 0
029052 LEAD S1 sending heartbeat to 2
029853 LEAD S1 sending heartbeat to 0
029854 LEAD S1 sending heartbeat to 2
030664 LEAD S1 sending heartbeat to 0
030664 LEAD S1 sending heartbeat to 2
031468 LEAD S1 sending heartbeat to 0
031468 LEAD S1 sending heartbeat to 2
032271 LEAD S1 sending heartbeat to 0
032271 LEAD S1 sending heartbeat to 2
033079 LEAD S1 sending heartbeat to 0
033079 LEAD S1 sending heartbeat to 2
033889 LEAD S1 sending heartbeat to 0
033889 LEAD S1 sending heartbeat to 2
034695 LEAD S1 sending heartbeat to 0
034695 LEAD S1 sending heartbeat to 2
035506 LEAD S1 sending heartbeat to 0
035506 LEAD S1 sending heartbeat to 2
036310 LEAD S1 sending heartbeat to 0
036310 LEAD S1 sending heartbeat to 2
037117 LEAD S1 sending heartbeat to 0
037118 LEAD S1 sending heartbeat to 2
037923 LEAD S1 sending heartbeat to 0
037923 LEAD S1 sending heartbeat to 2
038733 LEAD S1 sending heartbeat to 0
038734 LEAD S1 sending heartbeat to 2
039544 LEAD S1 sending heartbeat to 0
039544 LEAD S1 sending heartbeat to 2
040347 LEAD S1 sending heartbeat to 0
040347 LEAD S1 sending heartbeat to 2
041156 LEAD S1 sending heartbeat to 0
041156 LEAD S1 sending heartbeat to 2
041876 TIME S0 reset election timer to 1741911477608
041876 ELEC S0 starting election at 1741911475481
041876 ELEC S0 Starting election for term 2
041875 TIME S2 reset election timer to 1741911477000
041876 ELEC S2 starting election at 1741911475481
041876 ELEC S2 Starting election for term 2
041878 VOTE S2 (term 2) voted NO for 0 (term 2)
041878 VOTE S0 (term 2) voted NO for 2 (term 2)
041959 LEAD S1 sending heartbeat to 0
041960 LEAD S1 sending heartbeat to 2
042762 LEAD S1 sending heartbeat to 0
042762 LEAD S1 sending heartbeat to 2
043566 LEAD S1 sending heartbeat to 0
043566 LEAD S1 sending heartbeat to 2
044374 LEAD S1 sending heartbeat to 0
044374 LEAD S1 sending heartbeat to 2
045182 LEAD S1 sending heartbeat to 0
045183 LEAD S1 sending heartbeat to 2
045990 LEAD S1 sending heartbeat to 0
045990 LEAD S1 sending heartbeat to 2
046797 LEAD S1 sending heartbeat to 0
046797 LEAD S1 sending heartbeat to 2
047599 LEAD S1 sending heartbeat to 0
047600 LEAD S1 sending heartbeat to 2
048401 LEAD S1 sending heartbeat to 0
048401 LEAD S1 sending heartbeat to 2
049203 LEAD S1 sending heartbeat to 0
049203 LEAD S1 sending heartbeat to 2
050011 LEAD S1 sending heartbeat to 0
050011 LEAD S1 sending heartbeat to 2
050820 LEAD S1 sending heartbeat to 0
050820 LEAD S1 sending heartbeat to 2
051627 LEAD S1 sending heartbeat to 0
051627 LEAD S1 sending heartbeat to 2
052431 LEAD S1 sending heartbeat to 0
052432 LEAD S1 sending heartbeat to 2
053235 LEAD S1 sending heartbeat to 0
053236 LEAD S1 sending heartbeat to 2
054042 LEAD S1 sending heartbeat to 0
054042 LEAD S1 sending heartbeat to 2
054850 LEAD S1 sending heartbeat to 0
054851 LEAD S1 sending heartbeat to 2
055653 LEAD S1 sending heartbeat to 0
055653 LEAD S1 sending heartbeat to 2
056463 LEAD S1 sending heartbeat to 0
056463 LEAD S1 sending heartbeat to 2
057220 TIME S2 reset election timer to 1741911478877
057220 ELEC S2 starting election at 1741911477015
057220 ELEC S2 Starting election for term 3
057221 TIME S0 reset election timer to 1741911478973
057221 VOTE S0 (term 2) voted YES for 2 (term 3)
057222 LEAD S2 becomes leader for term 3
057273 LEAD S1 sending heartbeat to 0
057273 LEAD S1 sending heartbeat to 2
057273 LEAD S2 sending heartbeat to 0
057273 LEAD S2 sending heartbeat to 1
057274 HERT S0 heartbeated from 2
057274 TIME S0 reset election timer to 1741911478973
057581 APP1 S2 sending append (from 2 to 2) to 1
057581 APP1 S2 sending append (from 2 to 2) to 0
057582 HERT S0 heartbeated from 2
057582 TIME S0 reset election timer to 1741911479062
057582 APP2 S0 (term 3) APPENDED 2-2 from 2 (term 3)
057582 APP3 S2 (term 3) SUCCEEDED append (until 2) to 0
057582 LEAD S2 updating commit index
057582 CMIT S2 (LEADER) commit index -> 2
057582 LEAD S2 DONE updating commit index
058082 LEAD S2 sending heartbeat to 0
058082 LEAD S2 sending heartbeat to 1
058083 LEAD S1 sending heartbeat to 0
058083 LEAD S1 sending heartbeat to 2
058083 HERT S0 heartbeated from 2
058083 TIME S0 reset election timer to 1741911479062
058083 CMIT S0 commit index -> 2 (from 1)
058889 LEAD S2 sending heartbeat to 0
058889 LEAD S2 sending heartbeat to 1
058890 LEAD S1 sending heartbeat to 0
058890 LEAD S1 sending heartbeat to 2
058890 HERT S0 heartbeated from 2
058890 TIME S0 reset election timer to 1741911479062
059689 LEAD S2 sending heartbeat to 0
059689 LEAD S2 sending heartbeat to 1
059690 HERT S0 heartbeated from 2
059690 TIME S0 reset election timer to 1741911479317
059690 LEAD S1 sending heartbeat to 0
059691 LEAD S1 sending heartbeat to 2
060493 LEAD S2 sending heartbeat to 0
060493 LEAD S1 sending heartbeat to 0
060493 LEAD S1 sending heartbeat to 2
060493 LEAD S2 sending heartbeat to 1
060494 HERT S0 heartbeated from 2
060494 TIME S0 reset election timer to 1741911479396
061301 LEAD S2 sending heartbeat to 0
061301 LEAD S2 sending heartbeat to 1
061301 LEAD S1 sending heartbeat to 0
061301 LEAD S1 sending heartbeat to 2
061302 HERT S0 heartbeated from 2
061302 TIME S0 reset election timer to 1741911479396
062108 LEAD S1 sending heartbeat to 0
062109 LEAD S1 sending heartbeat to 2
062109 LEAD S2 sending heartbeat to 0
062109 LEAD S2 sending heartbeat to 1
062110 HERT S0 heartbeated from 2
062110 TIME S0 reset election timer to 1741911479396
062910 LEAD S2 sending heartbeat to 0
062910 LEAD S2 sending heartbeat to 1
062911 LEAD S1 sending heartbeat to 0
062911 LEAD S1 sending heartbeat to 2
062912 HERT S0 heartbeated from 2
062912 TIME S0 reset election timer to 1741911479613


DISCONNECTING 2

063306 LEAD S2 DISCONNECTED


CONNECTING 1

063306 LEAD S1 CONNECTED
063307 APP1 S1 sending append (from 2 to 5) to 0
063308 APP2 S0 (term 3) ignoring APPEND from 1 (term 1)
063308 APP3 S1 (term 3) received APPEND from (0 term 3)
063308 LEAD S1 demotes for term 3
063308 APP1 S1 sending append (from 2 to 5) to 2
063308 HERT S2 heartbeated from 1
063308 TIME S2 reset election timer to 1741911479130
063308 LEAD S2 demotes for term 3
063308 APP2 S2 (term 3) APPENDED 2-5 from 1 (term 3)
063390 TIME S1 reset election timer to 1741911479716
063390 ELEC S1 starting election at 1741911477632
063390 ELEC S1 Starting election for term 4
063391 VOTE S0 (term 3) voted NO for 1 (term 4)
063393 TIME S2 reset election timer to 1741911479218
063393 VOTE S2 (term 3) voted YES for 1 (term 4)
063394 LEAD S1 becomes leader for term 4
063713 LEAD S1 sending heartbeat to 0
063713 LEAD S1 sending heartbeat to 2
063714 HERT S2 heartbeated from 1
063715 TIME S2 reset election timer to 1741911479441
063715 HERT S0 heartbeated from 1
063715 TIME S0 reset election timer to 1741911479613
064519 LEAD S1 sending heartbeat to 0
064519 LEAD S1 sending heartbeat to 2
064520 HERT S2 heartbeated from 1
064520 TIME S2 reset election timer to 1741911479557
064521 HERT S0 heartbeated from 1
064521 TIME S0 reset election timer to 1741911479758
065322 LEAD S1 sending heartbeat to 0
065322 LEAD S1 sending heartbeat to 2
065323 HERT S2 heartbeated from 1
065323 TIME S2 reset election timer to 1741911479903
065323 HERT S0 heartbeated from 1
065323 TIME S0 reset election timer to 1741911479758
066132 LEAD S1 sending heartbeat to 0
066132 LEAD S1 sending heartbeat to 2
066133 HERT S2 heartbeated from 1
066133 TIME S2 reset election timer to 1741911479903
066133 HERT S0 heartbeated from 1
066134 TIME S0 reset election timer to 1741911479988
066939 LEAD S1 sending heartbeat to 0
066939 LEAD S1 sending heartbeat to 2
066940 HERT S2 heartbeated from 1
066940 TIME S2 reset election timer to 1741911479903
066941 HERT S0 heartbeated from 1
066941 TIME S0 reset election timer to 1741911480014
067741 LEAD S1 sending heartbeat to 0
067741 LEAD S1 sending heartbeat to 2
067742 HERT S2 heartbeated from 1
067742 TIME S2 reset election timer to 1741911480015
067743 HERT S0 heartbeated from 1
067743 TIME S0 reset election timer to 1741911480014
068547 LEAD S1 sending heartbeat to 0
068547 LEAD S1 sending heartbeat to 2
068548 HERT S2 heartbeated from 1
068548 HERT S0 heartbeated from 1
068549 TIME S0 reset election timer to 1741911480014
068548 TIME S2 reset election timer to 1741911480239
069352 LEAD S1 sending heartbeat to 0
069353 LEAD S1 sending heartbeat to 2
069353 HERT S2 heartbeated from 1
069353 TIME S2 reset election timer to 1741911480239
069354 HERT S0 heartbeated from 1
069355 TIME S0 reset election timer to 1741911480344
070162 LEAD S1 sending heartbeat to 0
070163 LEAD S1 sending heartbeat to 2
070164 HERT S2 heartbeated from 1
070164 TIME S2 reset election timer to 1741911480239
070164 HERT S0 heartbeated from 1
070164 TIME S0 reset election timer to 1741911480344
070970 LEAD S1 sending heartbeat to 0
070971 LEAD S1 sending heartbeat to 2
070972 HERT S2 heartbeated from 1
070972 TIME S2 reset election timer to 1741911480239
070972 HERT S0 heartbeated from 1
070972 TIME S0 reset election timer to 1741911480344
071779 LEAD S1 sending heartbeat to 0
071779 LEAD S1 sending heartbeat to 2
071780 HERT S0 heartbeated from 1
071780 TIME S0 reset election timer to 1741911480443
071780 HERT S2 heartbeated from 1
071780 TIME S2 reset election timer to 1741911480239
072584 LEAD S1 sending heartbeat to 0
072584 LEAD S1 sending heartbeat to 2
072585 HERT S2 heartbeated from 1
072585 TIME S2 reset election timer to 1741911480498
072586 HERT S0 heartbeated from 1
072586 TIME S0 reset election timer to 1741911480443
073394 LEAD S1 sending heartbeat to 0
073394 LEAD S1 sending heartbeat to 2
073396 HERT S2 heartbeated from 1
073396 TIME S2 reset election timer to 1741911480746
073397 HERT S0 heartbeated from 1
073397 TIME S0 reset election timer to 1741911480443
074198 LEAD S1 sending heartbeat to 0
074199 LEAD S1 sending heartbeat to 2
074200 HERT S2 heartbeated from 1
074200 TIME S2 reset election timer to 1741911480746
074200 HERT S0 heartbeated from 1
074200 TIME S0 reset election timer to 1741911480703
075001 LEAD S1 sending heartbeat to 0
075001 LEAD S1 sending heartbeat to 2
075002 HERT S2 heartbeated from 1
075002 TIME S2 reset election timer to 1741911480905
075003 HERT S0 heartbeated from 1
075003 TIME S0 reset election timer to 1741911480703
075807 LEAD S1 sending heartbeat to 0
075807 LEAD S1 sending heartbeat to 2
075809 HERT S2 heartbeated from 1
075809 TIME S2 reset election timer to 1741911480905
075809 HERT S0 heartbeated from 1
075810 TIME S0 reset election timer to 1741911480703
076628 LEAD S1 sending heartbeat to 0
076628 LEAD S1 sending heartbeat to 2
076630 HERT S0 heartbeated from 1
076631 TIME S0 reset election timer to 1741911480787
076631 HERT S2 heartbeated from 1
076631 TIME S2 reset election timer to 1741911480905
077436 LEAD S1 sending heartbeat to 0
077437 LEAD S1 sending heartbeat to 2
077438 HERT S2 heartbeated from 1
077438 TIME S2 reset election timer to 1741911480905
077438 HERT S0 heartbeated from 1
077439 TIME S0 reset election timer to 1741911480787
078240 LEAD S1 sending heartbeat to 0
078241 LEAD S1 sending heartbeat to 2
078242 HERT S2 heartbeated from 1
078242 TIME S2 reset election timer to 1741911480905
078242 HERT S0 heartbeated from 1
078242 TIME S0 reset election timer to 1741911480987
079049 LEAD S1 sending heartbeat to 0
079049 LEAD S1 sending heartbeat to 2
079051 HERT S2 heartbeated from 1
079051 TIME S2 reset election timer to 1741911481310
079051 HERT S0 heartbeated from 1
079052 TIME S0 reset election timer to 1741911481304
079851 LEAD S1 sending heartbeat to 0
079852 LEAD S1 sending heartbeat to 2
079854 HERT S0 heartbeated from 1
079854 TIME S0 reset election timer to 1741911481304
079854 HERT S2 heartbeated from 1
079854 TIME S2 reset election timer to 1741911481396
080653 LEAD S1 sending heartbeat to 0
080654 LEAD S1 sending heartbeat to 2
080655 HERT S2 heartbeated from 1
080655 TIME S2 reset election timer to 1741911481396
080656 HERT S0 heartbeated from 1
080656 TIME S0 reset election timer to 1741911481304
081461 LEAD S1 sending heartbeat to 0
081461 LEAD S1 sending heartbeat to 2
081462 HERT S2 heartbeated from 1
081462 TIME S2 reset election timer to 1741911481396
081463 HERT S0 heartbeated from 1
081463 TIME S0 reset election timer to 1741911481554
082265 LEAD S1 sending heartbeat to 0
082265 LEAD S1 sending heartbeat to 2
082267 HERT S2 heartbeated from 1
082267 TIME S2 reset election timer to 1741911481396
082267 HERT S0 heartbeated from 1
082267 TIME S0 reset election timer to 1741911481554
083066 LEAD S1 sending heartbeat to 0
083067 LEAD S1 sending heartbeat to 2
083068 HERT S2 heartbeated from 1
083068 TIME S2 reset election timer to 1741911481396
083068 HERT S0 heartbeated from 1
083068 TIME S0 reset election timer to 1741911481554
083320 APP1 S1 sending append (from 6 to 6) to 2
083320 APP1 S1 sending append (from 6 to 6) to 0
083322 HERT S0 heartbeated from 1
083322 TIME S0 reset election timer to 1741911481554
083322 HERT S2 heartbeated from 1
083322 TIME S2 reset election timer to 1741911481456
083322 APP2 S2 (term 4) APPENDED 6-6 from 1 (term 4)
083322 APP3 S1 (term 4) RESENDING append (until 6) to 0
083322 APP1 S1 sending append (from 5 to 6) to 0
083322 APP3 S1 (term 4) SUCCEEDED append (until 6) to 2
083322 LEAD S1 updating commit index
083322 CMIT S1 (LEADER) commit index -> 6
083322 LEAD S1 DONE updating commit index
083322 HERT S0 heartbeated from 1
083322 TIME S0 reset election timer to 1741911481554
083323 APP3 S1 (term 4) RESENDING append (until 6) to 0
083323 APP1 S1 sending append (from 4 to 6) to 0
083323 HERT S0 heartbeated from 1
083323 TIME S0 reset election timer to 1741911481554
083324 APP3 S1 (term 4) RESENDING append (until 6) to 0
083324 APP1 S1 sending append (from 3 to 6) to 0
083324 HERT S0 heartbeated from 1
083324 TIME S0 reset election timer to 1741911481696
083324 APP3 S1 (term 4) RESENDING append (until 6) to 0
083324 APP1 S1 sending append (from 2 to 6) to 0
083325 HERT S0 heartbeated from 1
083325 TIME S0 reset election timer to 1741911481696
083325 APP2 S0 (term 4) APPENDED 2-6 from 1 (term 4)
083325 APP3 S1 (term 4) SUCCEEDED append (until 6) to 0
083325 LEAD S1 updating commit index
083325 LEAD S1 DONE updating commit index
info: wrote visualization to /tmp/porcupine-4051760817.html
apply error: commit index=2 server=1 102 != server=2 103
exit status 1
FAIL	6.5840/raft1	8.360s
