000003 TIME S0 reset election timer to 1741915935953
000005 TIME S1 reset election timer to 1741915936017
000006 TIME S2 reset election timer to 1741915935937


CONNECTING 0



CONNECTING 1



CONNECTING 2

Test (3B): basic agreement (reliable network)...
015554 TIME S2 reset election timer to 1741915937943
015557 ELEC S2 starting election at 1741915935942
015557 ELEC S2 Starting election for term 1
015569 TIME S0 reset election timer to 1741915938002
015569 TIME S1 reset election timer to 1741915937846
015569 VOTE S0 (term 0) voted YES for 2 (term 1)
015570 VOTE S1 (term 0) voted YES for 2 (term 1)
015571 LEAD S2 becomes leader for term 1
015740 APP1 S2 (term 1) sending append (from 1 to 1) to 0
015740 APP1 S2 (term 1) sending append (from 1 to 1) to 1
labrpc.Service.dispatch(): unknown method AppendEntries in Raft.AppendEntries; expecting one of [ReceiveAppendEntries RequestVote]
exit status 1
FAIL	6.5840/raft1	1.577s
