000004 TIME S0 reset election timer to 1741915938221
000005 TIME S1 reset election timer to 1741915937970
000005 TIME S2 reset election timer to 1741915937993


CONNECTING 0



CONNECTING 1



CONNECTING 2

Test (3B): basic agreement (reliable network)...
016169 TIME S1 reset election timer to 1741915939700
016170 ELEC S1 starting election at 1741915937978
016170 ELEC S1 Starting election for term 1
016172 TIME S0 reset election timer to 1741915940069
016172 VOTE S0 (term 0) voted YES for 1 (term 1)
016172 TIME S2 reset election timer to 1741915940123
016172 VOTE S2 (term 0) voted YES for 1 (term 1)
016172 LEAD S1 becomes leader for term 1
016671 APP1 S1 (term 1) sending append (from 1 to 1) to 0
016672 APP1 S1 (term 1) sending append (from 1 to 1) to 2
labrpc.Service.dispatch(): unknown method AppendEntries in Raft.AppendEntries; expecting one of [ReceiveAppendEntries RequestVote]
exit status 1
FAIL	6.5840/raft1	1.669s
