000006 TIME S0 reset election timer to 1741915938047
000007 TIME S1 reset election timer to 1741915938136
000007 TIME S2 reset election timer to 1741915938281


CONNECTING 0



CONNECTING 1



CONNECTING 2

Test (3B): basic agreement (reliable network)...
017363 TIME S0 reset election timer to 1741915939612
017365 ELEC S0 starting election at 1741915938056
017365 ELEC S0 Starting election for term 1
017370 TIME S2 reset election timer to 1741915939835
017370 VOTE S2 (term 0) voted YES for 0 (term 1)
017370 TIME S1 reset election timer to 1741915939769
017371 VOTE S1 (term 0) voted YES for 0 (term 1)
017371 LEAD S0 becomes leader for term 1
017741 APP1 S0 (term 1) sending append (from 1 to 1) to 1
017742 APP1 S0 (term 1) sending append (from 1 to 1) to 2
017743 LEAD S0 sending heartbeat to 1
labrpc.Service.dispatch(): unknown method AppendEntries in Raft.AppendEntries; expecting one of [ReceiveAppendEntries RequestVote]
017744 LEAD S0 sending heartbeat to 2
exit status 1
FAIL	6.5840/raft1	1.776s
