000005 TIME S0 reset election timer to 1741915936240
000006 TIME S1 reset election timer to 1741915936435
000006 TIME S2 reset election timer to 1741915936030


CONNECTING 0



CONNECTING 1



CONNECTING 2

Test (3B): basic agreement (reliable network)...
015792 TIME S2 reset election timer to 1741915937998
015792 ELEC S2 starting election at 1741915936031
015792 ELEC S2 Starting election for term 1
015795 TIME S0 reset election timer to 1741915937733
015795 VOTE S0 (term 0) voted YES for 2 (term 1)
015795 TIME S1 reset election timer to 1741915938106
015795 VOTE S1 (term 0) voted YES for 2 (term 1)
015795 LEAD S2 becomes leader for term 1
016143 LEAD S2 sending heartbeat to 0
016144 LEAD S2 sending heartbeat to 1
016145 HERT S1 heartbeated from 2
016145 TIME S1 reset election timer to 1741915938106
016154 HERT S0 heartbeated from 2
016154 TIME S0 reset election timer to 1741915938015
016209 APP1 S2 (term 1) sending append (from 1 to 1) to 0
016209 APP1 S2 (term 1) sending append (from 1 to 1) to 1
labrpc.Service.dispatch(): unknown method AppendEntries in Raft.AppendEntries; expecting one of [ReceiveAppendEntries RequestVote]
labrpc.Service.dispatch(): unknown method AppendEntries in Raft.AppendEntries; expecting one of [ReceiveAppendEntries RequestVote]
exit status 1
FAIL	6.5840/raft1	1.623s
