000004 TIME S0 reset election timer to 1741915938078
000005 TIME S1 reset election timer to 1741915937914
000006 TIME S2 reset election timer to 1741915938108


CONNECTING 0



CONNECTING 1



CONNECTING 2

Test (3B): basic agreement (reliable network)...
015383 TIME S1 reset election timer to 1741915939655
015383 ELEC S1 starting election at 1741915937916
015383 ELEC S1 Starting election for term 1
015387 TIME S2 reset election timer to 1741915939836
015387 VOTE S2 (term 0) voted YES for 1 (term 1)
015387 TIME S0 reset election timer to 1741915939911
015387 VOTE S0 (term 0) voted YES for 1 (term 1)
015387 LEAD S1 becomes leader for term 1
015721 APP1 S1 (term 1) sending append (from 1 to 1) to 0
015722 APP1 S1 (term 1) sending append (from 1 to 1) to 2
labrpc.Service.dispatch(): unknown method AppendEntries in Raft.AppendEntries; expecting one of [ReceiveAppendEntries RequestVote]
exit status 1
FAIL	6.5840/raft1	1.574s
