000008 TIME S0 reset election timer to 1741915938277
000010 TIME S1 reset election timer to 1741915937760
000010 TIME S2 reset election timer to 1741915937795


CONNECTING 0



CONNECTING 1



CONNECTING 2

Test (3B): basic agreement (reliable network)...
015893 TIME S1 reset election timer to 1741915939429
015894 ELEC S1 starting election at 1741915937764
015894 ELEC S1 Starting election for term 1
015899 TIME S2 reset election timer to 1741915939424
015899 VOTE S2 (term 0) voted YES for 1 (term 1)
015901 LEAD S1 becomes leader for term 1
015903 TIME S0 reset election timer to 1741915939320
015903 VOTE S0 (term 0) voted YES for 1 (term 1)
016127 LEAD S1 sending heartbeat to 0
016127 LEAD S1 sending heartbeat to 2
016130 HERT S2 heartbeated from 1
016130 TIME S2 reset election timer to 1741915939926
016132 HERT S0 heartbeated from 1
016132 TIME S0 reset election timer to 1741915939320
016193 APP1 S1 (term 1) sending append (from 1 to 1) to 0
016193 APP1 S1 (term 1) sending append (from 1 to 1) to 2
labrpc.Service.dispatch(): unknown method AppendEntries in Raft.AppendEntries; expecting one of [ReceiveAppendEntries RequestVote]
exit status 1
FAIL	6.5840/raft1	1.623s
