000001 TIME S0 reset election timer to 1741915938115
000002 TIME S1 reset election timer to 1741915938450
000002 TIME S2 reset election timer to 1741915938516


CONNECTING 0



CONNECTING 1



CONNECTING 2

Test (3B): basic agreement (reliable network)...
016185 TIME S0 reset election timer to 1741915939702
016185 ELEC S0 starting election at 1741915938122
016185 ELEC S0 Starting election for term 1
016187 TIME S2 reset election timer to 1741915939890
016187 VOTE S2 (term 0) voted YES for 0 (term 1)
016187 TIME S1 reset election timer to 1741915939826
016188 VOTE S1 (term 0) voted YES for 0 (term 1)
016188 LEAD S0 becomes leader for term 1
016207 APP1 S0 (term 1) sending append (from 1 to 1) to 1
016207 APP1 S0 (term 1) sending append (from 1 to 1) to 2
labrpc.Service.dispatch(): unknown method AppendEntries in Raft.AppendEntries; expecting one of [ReceiveAppendEntries RequestVote]
exit status 1
FAIL	6.5840/raft1	1.622s
