000003 TIME S0 reset election timer to 1741915938488
000004 TIME S1 reset election timer to 1741915937995
000004 TIME S2 reset election timer to 1741915938391


CONNECTING 0



CONNECTING 1



CONNECTING 2

Test (3B): basic agreement (reliable network)...
016092 TIME S1 reset election timer to 1741915940067
016092 ELEC S1 starting election at 1741915937997
016093 ELEC S1 Starting election for term 1
016094 TIME S2 reset election timer to 1741915939978
016094 VOTE S2 (term 0) voted YES for 1 (term 1)
016094 LEAD S1 becomes leader for term 1
016094 TIME S0 reset election timer to 1741915939904
016094 VOTE S0 (term 0) voted YES for 1 (term 1)
016135 LEAD S1 sending heartbeat to 0
016135 LEAD S1 sending heartbeat to 2
016136 HERT S2 heartbeated from 1
016136 TIME S2 reset election timer to 1741915939978
016136 HERT S0 heartbeated from 1
016136 TIME S0 reset election timer to 1741915939904
016205 APP1 S1 (term 1) sending append (from 1 to 1) to 0
016206 APP1 S1 (term 1) sending append (from 1 to 1) to 2
labrpc.Service.dispatch(): unknown method AppendEntries in Raft.AppendEntries; expecting one of [RequestVote ReceiveAppendEntries]
exit status 1
FAIL	6.5840/raft1	1.622s
