000001 TIME S0 reset election timer to 1741915936316
000002 TIME S1 reset election timer to 1741915936053
000002 TIME S2 reset election timer to 1741915936466


CONNECTING 0



CONNECTING 1



CONNECTING 2

Test (3B): basic agreement (reliable network)...
015947 TIME S1 reset election timer to 1741915937869
015947 ELEC S1 starting election at 1741915936056
015947 ELEC S1 Starting election for term 1
015951 TIME S0 reset election timer to 1741915937592
015951 VOTE S0 (term 0) voted YES for 1 (term 1)
015952 LEAD S1 becomes leader for term 1
015952 TIME S2 reset election timer to 1741915938193
015952 VOTE S2 (term 0) voted YES for 1 (term 1)
016126 LEAD S1 sending heartbeat to 0
016126 LEAD S1 sending heartbeat to 2
016128 HERT S2 heartbeated from 1
016128 TIME S2 reset election timer to 1741915938193
016130 HERT S0 heartbeated from 1
016130 TIME S0 reset election timer to 1741915938191
016175 APP1 S1 (term 1) sending append (from 1 to 1) to 0
016175 APP1 S1 (term 1) sending append (from 1 to 1) to 2
labrpc.Service.dispatch(): unknown method AppendEntries in Raft.AppendEntries; expecting one of [RequestVote ReceiveAppendEntries]
exit status 1
FAIL	6.5840/raft1	1.620s
