000004 TIME S0 reset election timer to 1741915936490
000005 TIME S1 reset election timer to 1741915936439
000005 TIME S2 reset election timer to 1741915936064


CONNECTING 0



CONNECTING 1



CONNECTING 2

Test (3B): basic agreement (reliable network)...
016388 TIME S2 reset election timer to 1741915938015
016389 ELEC S2 starting election at 1741915936069
016389 ELEC S2 Starting election for term 1
016391 TIME S0 reset election timer to 1741915938091
016391 VOTE S0 (term 0) voted YES for 2 (term 1)
016391 TIME S1 reset election timer to 1741915937907
016391 VOTE S1 (term 0) voted YES for 2 (term 1)
016391 LEAD S2 becomes leader for term 1
016688 APP1 S2 (term 1) sending append (from 1 to 1) to 0
016689 APP1 S2 (term 1) sending append (from 1 to 1) to 1
labrpc.Service.dispatch(): unknown method AppendEntries in Raft.AppendEntries; expecting one of [ReceiveAppendEntries RequestVote]
exit status 1
FAIL	6.5840/raft1	1.671s
