000004 TIME S0 reset election timer to 1741915936198
000011 TIME S1 reset election timer to 1741915936063
000012 TIME S2 reset election timer to 1741915936114


CONNECTING 0



CONNECTING 1



CONNECTING 2

Test (3B): basic agreement (reliable network)...
016311 TIME S1 reset election timer to 1741915938161
016311 ELEC S1 starting election at 1741915936070
016311 ELEC S1 Starting election for term 1
016314 TIME S2 reset election timer to 1741915938164
016314 VOTE S2 (term 0) voted YES for 1 (term 1)
016314 TIME S0 reset election timer to 1741915937614
016314 VOTE S0 (term 0) voted YES for 1 (term 1)
016314 LEAD S1 becomes leader for term 1
016696 APP1 S1 (term 1) sending append (from 1 to 1) to 0
016698 APP1 S1 (term 1) sending append (from 1 to 1) to 2
labrpc.Service.dispatch(): unknown method AppendEntries in Raft.AppendEntries; expecting one of [ReceiveAppendEntries RequestVote]
exit status 1
FAIL	6.5840/raft1	1.672s
