000005 TIME S0 reset election timer to 1741915936115
000006 TIME S1 reset election timer to 1741915936498
000006 TIME S2 reset election timer to 1741915936226


CONNECTING 0



CONNECTING 1



CONNECTING 2

Test (3B): basic agreement (reliable network)...
016601 TIME S0 reset election timer to 1741915937682
016602 ELEC S0 starting election at 1741915936116
016602 ELEC S0 Starting election for term 1
016608 TIME S2 reset election timer to 1741915938237
016608 TIME S1 reset election timer to 1741915938123
016608 VOTE S1 (term 0) voted YES for 0 (term 1)
016610 LEAD S0 becomes leader for term 1
016608 VOTE S2 (term 0) voted YES for 0 (term 1)
016694 APP1 S0 (term 1) sending append (from 1 to 1) to 1
016695 APP1 S0 (term 1) sending append (from 1 to 1) to 2
labrpc.Service.dispatch(): unknown method AppendEntries in Raft.AppendEntries; expecting one of [ReceiveAppendEntries RequestVote]
exit status 1
FAIL	6.5840/raft1	1.671s
