000001 TIME S0 reset election timer to 1741915936101
000002 TIME S1 reset election timer to 1741915936271
000003 TIME S2 reset election timer to 1741915936487


CONNECTING 0



CONNECTING 1



CONNECTING 2

Test (3B): basic agreement (reliable network)...
016461 TIME S0 reset election timer to 1741915937876
016462 ELEC S0 starting election at 1741915936105
016462 ELEC S0 Starting election for term 1
016466 TIME S2 reset election timer to 1741915937951
016466 VOTE S2 (term 0) voted YES for 0 (term 1)
016466 LEAD S0 becomes leader for term 1
016466 TIME S1 reset election timer to 1741915937844
016467 VOTE S1 (term 0) voted YES for 0 (term 1)
016729 APP1 S0 (term 1) sending append (from 1 to 1) to 1
016729 APP1 S0 (term 1) sending append (from 1 to 1) to 2
labrpc.Service.dispatch(): unknown method AppendEntries in Raft.AppendEntries; expecting one of [ReceiveAppendEntries RequestVote]
exit status 1
FAIL	6.5840/raft1	1.675s
