000004 TIME S0 reset election timer to 1741915936456
000005 TIME S1 reset election timer to 1741915936304
000006 TIME S2 reset election timer to 1741915936158


CONNECTING 0



CONNECTING 1



CONNECTING 2

Test (3B): basic agreement (reliable network)...
017142 TIME S2 reset election timer to 1741915938001
017143 ELEC S2 starting election at 1741915936166
017143 ELEC S2 Starting election for term 1
017147 TIME S0 reset election timer to 1741915937785
017147 VOTE S0 (term 0) voted YES for 2 (term 1)
017148 LEAD S2 becomes leader for term 1
017150 TIME S1 reset election timer to 1741915937837
017150 VOTE S1 (term 0) voted YES for 2 (term 1)
017216 APP1 S2 (term 1) sending append (from 1 to 1) to 0
017217 APP1 S2 (term 1) sending append (from 1 to 1) to 1
labrpc.Service.dispatch(): unknown method AppendEntries in Raft.AppendEntries; expecting one of [ReceiveAppendEntries RequestVote]
exit status 1
FAIL	6.5840/raft1	1.724s
