000003 TIME S0 reset election timer to 1741915936479
000004 TIME S1 reset election timer to 1741915936537
000005 TIME S2 reset election timer to 1741915936210


CONNECTING 0



CONNECTING 1



CONNECTING 2

Test (3B): basic agreement (reliable network)...
018076 TIME S2 reset election timer to 1741915938297
018077 ELEC S2 starting election at 1741915936216
018077 ELEC S2 Starting election for term 1
018082 TIME S1 reset election timer to 1741915938130
018082 VOTE S1 (term 0) voted YES for 2 (term 1)
018083 LEAD S2 becomes leader for term 1
018083 TIME S0 reset election timer to 1741915938157
018084 VOTE S0 (term 0) voted YES for 2 (term 1)
018220 APP1 S2 (term 1) sending append (from 1 to 1) to 0
018221 APP1 S2 (term 1) sending append (from 1 to 1) to 1
labrpc.Service.dispatch(): unknown method AppendEntries in Raft.AppendEntries; expecting one of [RequestVote ReceiveAppendEntries]
exit status 1
FAIL	6.5840/raft1	1.824s
