000004 TIME S0 reset election timer to 1741915936331
000005 TIME S1 reset election timer to 1741915936308
000005 TIME S2 reset election timer to 1741915936359


CONNECTING 0



CONNECTING 1



CONNECTING 2

Test (3B): basic agreement (reliable network)...
018648 TIME S1 reset election timer to 1741915938428
018649 ELEC S1 starting election at 1741915936314
018649 ELEC S1 Starting election for term 1
018652 TIME S2 reset election timer to 1741915937884
018652 VOTE S2 (term 0) voted YES for 1 (term 1)
018652 TIME S0 reset election timer to 1741915937931
018653 VOTE S0 (term 0) voted YES for 1 (term 1)
018653 LEAD S1 becomes leader for term 1
018744 APP1 S1 (term 1) sending append (from 1 to 1) to 0
018744 APP1 S1 (term 1) sending append (from 1 to 1) to 2
labrpc.Service.dispatch(): unknown method AppendEntries in Raft.AppendEntries; expecting one of [ReceiveAppendEntries RequestVote]
exit status 1
FAIL	6.5840/raft1	1.877s
